{
    "Should run without failures": {
        "content": [
            {
                "0": [
                    [
                        {
                            "id": "MSeq_Set06_Set6_42",
                            "dataset": "MSeq",
                            "patient": "Set06",
                            "tumour_sample": "Set6_42",
                            "normal_sample": "54_N",
                            "cancer_type": "PANCANCER"
                        },
                        "MSeq_Set06_Set6_42_all_positions.bed:md5,91a9adf28729a8a8d10dbf57ca60d58b",
                        "Set6_42"
                    ]
                ],
                "1": [
                    [
                        {
                            "id": "MSeq_Set06_Set6_42",
                            "dataset": "MSeq",
                            "patient": "Set06",
                            "tumour_sample": "Set6_42",
                            "normal_sample": "54_N",
                            "cancer_type": "PANCANCER"
                        },
                        "et6_4_positions_missing.bed:md5,d41d8cd98f00b204e9800998ecf8427e",
                        "Set6_42"
                    ]
                ],
                "all_pos": [
                    [
                        {
                            "id": "MSeq_Set06_Set6_42",
                            "dataset": "MSeq",
                            "patient": "Set06",
                            "tumour_sample": "Set6_42",
                            "normal_sample": "54_N",
                            "cancer_type": "PANCANCER"
                        },
                        "MSeq_Set06_Set6_42_all_positions.bed:md5,91a9adf28729a8a8d10dbf57ca60d58b",
                        "Set6_42"
                    ]
                ],
                "bed": [
                    [
                        {
                            "id": "MSeq_Set06_Set6_42",
                            "dataset": "MSeq",
                            "patient": "Set06",
                            "tumour_sample": "Set6_42",
                            "normal_sample": "54_N",
                            "cancer_type": "PANCANCER"
                        },
                        "et6_4_positions_missing.bed:md5,d41d8cd98f00b204e9800998ecf8427e",
                        "Set6_42"
                    ]
                ]
            }
        ],
        "meta": {
            "nf-test": "0.9.0",
            "nextflow": "23.10.1"
        },
        "timestamp": "2024-09-08T13:24:11.946326144"
    }
}