{
    "Should run without failures": {
        "content": [
            [
                [
                    {
                        "id": "idProva",
                        "tumour_sample": "Set6_42",
                        "cancer_type": "PANCANCER"
                    },
                    "reference.rda:md5,7441c70e011b519107dc538689717e55"
                ]
            ]
        ],
        "meta": {
            "nf-test": "0.8.4",
            "nextflow": "23.10.1"
        },
        "timestamp": "2024-08-02T14:38:08.714375"
    }
}