{
    "Should run without failures": {
        "content": [
            [
                "reference.rda:md5,7441c70e011b519107dc538689717e55"
            ]
        ],
        "meta": {
            "nf-test": "0.8.4",
            "nextflow": "23.10.1"
        },
        "timestamp": "2024-08-05T10:10:17.744327"
    }
}