{
    "Should run without failures": {
        "content": [
            {
                "0": [
                    [
                        {
                            "id": "MSeq_Set06_Set6_42",
                            "dataset": "MSeq",
                            "patient": "Set06",
                            "tumour_sample": "Set6_42",
                            "cancer_type": "PANCANCER"
                        },
                        "MSeq_Set06_Set6_42_multi_cnaqc.rds:md5,a17c8939112b93655d10ce6fad6207e1",
                        null
                    ]
                ],
                "rds": [
                    [
                        {
                            "id": "MSeq_Set06_Set6_42",
                            "dataset": "MSeq",
                            "patient": "Set06",
                            "tumour_sample": "Set6_42",
                            "cancer_type": "PANCANCER"
                        },
                        "MSeq_Set06_Set6_42_multi_cnaqc.rds:md5,a17c8939112b93655d10ce6fad6207e1",
                        null
                    ]
                ]
            }
        ],
        "meta": {
            "nf-test": "0.9.0",
            "nextflow": "23.10.1"
        },
        "timestamp": "2024-08-29T12:18:15.482230806"
    }
}