{
    "Should run without failures": {
        "content": [
            {
                "0": [
                    [
                        {
                            "id": "MSeq_Set06_Set6_42",
                            "dataset": "MSeq",
                            "patient": "Set06",
                            "tumour_sample": "Set6_42",
                            "normal_sample": "54_N",
                            "cancer_type": "PANCANCER"
                        },
                        "MSeq_Set06_Set6_42_multi_cnaqc.rds:md5,b5521711e9bc816f7bcfa791460dd7a9",
                        null
                    ]
                ],
                "rds": [
                    [
                        {
                            "id": "MSeq_Set06_Set6_42",
                            "dataset": "MSeq",
                            "patient": "Set06",
                            "tumour_sample": "Set6_42",
                            "normal_sample": "54_N",
                            "cancer_type": "PANCANCER"
                        },
                        "MSeq_Set06_Set6_42_multi_cnaqc.rds:md5,b5521711e9bc816f7bcfa791460dd7a9",
                        null
                    ]
                ]
            }
        ],
        "meta": {
            "nf-test": "0.9.0",
            "nextflow": "23.10.1"
        },
        "timestamp": "2024-09-16T12:27:26.021914258"
    }
}