{
    "Should run without failures with custom rda": {
        "content": [
            {
                "0": [
                    [
                        {
                            "id": "idProva",
                            "tumour_sample": "Set6_42",
                            "cancer_type": "PANCANCER"
                        },
                        "idProva_dnds.rds:md5,5bc01a3bd0f782654629ffcab598f931"
                    ]
                ]
            }
        ],
        "meta": {
            "nf-test": "0.8.4",
            "nextflow": "24.04.4"
        },
        "timestamp": "2024-08-05T16:17:37.021987"
    }
}