{
    "-profile test_full": {
        "content": [
            74,
            [
                "bcftools",
                "bcftools/filter",
                "bcftools/filter/SCOUT",
                "bcftools/filter/SCOUT/SPN01_MS",
                "bcftools/filter/SCOUT/SPN01_MS/SPN01_100X_0.9p_Sample_B",
                "bcftools/filter/SCOUT/SPN01_MS/SPN01_100X_0.9p_Sample_B/SCOUT_SPN01_MS_SPN01_100X_0.9p_Sample_B.vcf.gz",
                "bcftools/filter/SCOUT/SPN01_MS/SPN01_100X_0.9p_Sample_B/SCOUT_SPN01_MS_SPN01_100X_0.9p_Sample_B.vcf.gz.tbi",
                "bcftools/filter/SCOUT/SPN01_MS/SPN01_100X_0.9p_Sample_C",
                "bcftools/filter/SCOUT/SPN01_MS/SPN01_100X_0.9p_Sample_C/SCOUT_SPN01_MS_SPN01_100X_0.9p_Sample_C.vcf.gz",
                "bcftools/filter/SCOUT/SPN01_MS/SPN01_100X_0.9p_Sample_C/SCOUT_SPN01_MS_SPN01_100X_0.9p_Sample_C.vcf.gz.tbi",
                "bcftools/filter/SCOUT/SPN01_SS",
                "bcftools/filter/SCOUT/SPN01_SS/SPN01_100X_0.9p_Sample_B",
                "bcftools/filter/SCOUT/SPN01_SS/SPN01_100X_0.9p_Sample_B/SCOUT_SPN01_SS_SPN01_100X_0.9p_Sample_B.vcf.gz",
                "bcftools/filter/SCOUT/SPN01_SS/SPN01_100X_0.9p_Sample_B/SCOUT_SPN01_SS_SPN01_100X_0.9p_Sample_B.vcf.gz.tbi",
                "bcftools/filter/SCOUT/SPN01_SS/SPN01_100X_0.9p_Sample_C",
                "bcftools/filter/SCOUT/SPN01_SS/SPN01_100X_0.9p_Sample_C/SCOUT_SPN01_SS_SPN01_100X_0.9p_Sample_C.vcf.gz",
                "bcftools/filter/SCOUT/SPN01_SS/SPN01_100X_0.9p_Sample_C/SCOUT_SPN01_SS_SPN01_100X_0.9p_Sample_C.vcf.gz.tbi",
                "bcftools/filter/SCOUT/SPN01_SS_nobam",
                "bcftools/filter/SCOUT/SPN01_SS_nobam/SPN01_100X_0.9p_Sample_B",
                "bcftools/filter/SCOUT/SPN01_SS_nobam/SPN01_100X_0.9p_Sample_B/SCOUT_SPN01_SS_nobam_SPN01_100X_0.9p_Sample_B.vcf.gz",
                "bcftools/filter/SCOUT/SPN01_SS_nobam/SPN01_100X_0.9p_Sample_B/SCOUT_SPN01_SS_nobam_SPN01_100X_0.9p_Sample_B.vcf.gz.tbi",
                "bcftools/filter/SCOUT/SPN01_SS_nobam/SPN01_100X_0.9p_Sample_C",
                "bcftools/filter/SCOUT/SPN01_SS_nobam/SPN01_100X_0.9p_Sample_C/SCOUT_SPN01_SS_nobam_SPN01_100X_0.9p_Sample_C.vcf.gz",
                "bcftools/filter/SCOUT/SPN01_SS_nobam/SPN01_100X_0.9p_Sample_C/SCOUT_SPN01_SS_nobam_SPN01_100X_0.9p_Sample_C.vcf.gz.tbi",
                "driver_annotation",
                "driver_annotation/annotate_driver",
                "driver_annotation/annotate_driver/SCOUT",
                "driver_annotation/annotate_driver/SCOUT/SPN01_MS",
                "driver_annotation/annotate_driver/SCOUT/SPN01_MS/SPN01_100X_0.9p_Sample_B",
                "driver_annotation/annotate_driver/SCOUT/SPN01_MS/SPN01_100X_0.9p_Sample_B/SCOUT_SPN01_MS_SPN01_100X_0.9p_Sample_B_driver.rds",
                "driver_annotation/annotate_driver/SCOUT/SPN01_MS/SPN01_100X_0.9p_Sample_C",
                "driver_annotation/annotate_driver/SCOUT/SPN01_MS/SPN01_100X_0.9p_Sample_C/SCOUT_SPN01_MS_SPN01_100X_0.9p_Sample_C_driver.rds",
                "driver_annotation/annotate_driver/SCOUT/SPN01_SS",
                "driver_annotation/annotate_driver/SCOUT/SPN01_SS/SPN01_100X_0.9p_Sample_B",
                "driver_annotation/annotate_driver/SCOUT/SPN01_SS/SPN01_100X_0.9p_Sample_B/SCOUT_SPN01_SS_SPN01_100X_0.9p_Sample_B_driver.rds",
                "driver_annotation/annotate_driver/SCOUT/SPN01_SS/SPN01_100X_0.9p_Sample_C",
                "driver_annotation/annotate_driver/SCOUT/SPN01_SS/SPN01_100X_0.9p_Sample_C/SCOUT_SPN01_SS_SPN01_100X_0.9p_Sample_C_driver.rds",
                "driver_annotation/annotate_driver/SCOUT/SPN01_SS_nobam",
                "driver_annotation/annotate_driver/SCOUT/SPN01_SS_nobam/SPN01_100X_0.9p_Sample_B",
                "driver_annotation/annotate_driver/SCOUT/SPN01_SS_nobam/SPN01_100X_0.9p_Sample_B/SCOUT_SPN01_SS_nobam_SPN01_100X_0.9p_Sample_B_driver.rds",
                "driver_annotation/annotate_driver/SCOUT/SPN01_SS_nobam/SPN01_100X_0.9p_Sample_C",
                "driver_annotation/annotate_driver/SCOUT/SPN01_SS_nobam/SPN01_100X_0.9p_Sample_C/SCOUT_SPN01_SS_nobam_SPN01_100X_0.9p_Sample_C_driver.rds",
                "formatter",
                "formatter/cna2cnaqc",
                "formatter/cna2cnaqc/SCOUT",
                "formatter/cna2cnaqc/SCOUT/SPN01_MS",
                "formatter/cna2cnaqc/SCOUT/SPN01_MS/SPN01_100X_0.9p_Sample_B",
                "formatter/cna2cnaqc/SCOUT/SPN01_MS/SPN01_100X_0.9p_Sample_B/SCOUT_SPN01_MS_SPN01_100X_0.9p_Sample_B_cna.rds",
                "formatter/cna2cnaqc/SCOUT/SPN01_MS/SPN01_100X_0.9p_Sample_C",
                "formatter/cna2cnaqc/SCOUT/SPN01_MS/SPN01_100X_0.9p_Sample_C/SCOUT_SPN01_MS_SPN01_100X_0.9p_Sample_C_cna.rds",
                "formatter/cna2cnaqc/SCOUT/SPN01_SS",
                "formatter/cna2cnaqc/SCOUT/SPN01_SS/SPN01_100X_0.9p_Sample_B",
                "formatter/cna2cnaqc/SCOUT/SPN01_SS/SPN01_100X_0.9p_Sample_B/SCOUT_SPN01_SS_SPN01_100X_0.9p_Sample_B_cna.rds",
                "formatter/cna2cnaqc/SCOUT/SPN01_SS/SPN01_100X_0.9p_Sample_C",
                "formatter/cna2cnaqc/SCOUT/SPN01_SS/SPN01_100X_0.9p_Sample_C/SCOUT_SPN01_SS_SPN01_100X_0.9p_Sample_C_cna.rds",
                "formatter/cna2cnaqc/SCOUT/SPN01_SS_nobam",
                "formatter/cna2cnaqc/SCOUT/SPN01_SS_nobam/SPN01_100X_0.9p_Sample_B",
                "formatter/cna2cnaqc/SCOUT/SPN01_SS_nobam/SPN01_100X_0.9p_Sample_B/SCOUT_SPN01_SS_nobam_SPN01_100X_0.9p_Sample_B_cna.rds",
                "formatter/cna2cnaqc/SCOUT/SPN01_SS_nobam/SPN01_100X_0.9p_Sample_C",
                "formatter/cna2cnaqc/SCOUT/SPN01_SS_nobam/SPN01_100X_0.9p_Sample_C/SCOUT_SPN01_SS_nobam_SPN01_100X_0.9p_Sample_C_cna.rds",
                "formatter/cnaqc2tsv",
                "formatter/cnaqc2tsv/SCOUT",
                "formatter/cnaqc2tsv/SCOUT/SPN01_MS",
                "formatter/cnaqc2tsv/SCOUT/SPN01_MS/SCOUT_SPN01_MS_joint_table.tsv",
                "formatter/cnaqc2tsv/SCOUT/SPN01_SS",
                "formatter/cnaqc2tsv/SCOUT/SPN01_SS/SCOUT_SPN01_SS_joint_table.tsv",
                "formatter/cnaqc2tsv/SCOUT/SPN01_SS_nobam",
                "formatter/cnaqc2tsv/SCOUT/SPN01_SS_nobam/SCOUT_SPN01_SS_nobam_joint_table.tsv",
                "formatter/vcf2cnaqc",
                "formatter/vcf2cnaqc/SCOUT",
                "formatter/vcf2cnaqc/SCOUT/SPN01_MS",
                "formatter/vcf2cnaqc/SCOUT/SPN01_MS/SPN01_100X_0.9p_Sample_B",
                "formatter/vcf2cnaqc/SCOUT/SPN01_MS/SPN01_100X_0.9p_Sample_B/SCOUT_SPN01_MS_SPN01_100X_0.9p_Sample_B_snv.rds",
                "formatter/vcf2cnaqc/SCOUT/SPN01_MS/SPN01_100X_0.9p_Sample_C",
                "formatter/vcf2cnaqc/SCOUT/SPN01_MS/SPN01_100X_0.9p_Sample_C/SCOUT_SPN01_MS_SPN01_100X_0.9p_Sample_C_snv.rds",
                "formatter/vcf2cnaqc/SCOUT/SPN01_SS",
                "formatter/vcf2cnaqc/SCOUT/SPN01_SS/SPN01_100X_0.9p_Sample_B",
                "formatter/vcf2cnaqc/SCOUT/SPN01_SS/SPN01_100X_0.9p_Sample_B/SCOUT_SPN01_SS_SPN01_100X_0.9p_Sample_B_snv.rds",
                "formatter/vcf2cnaqc/SCOUT/SPN01_SS/SPN01_100X_0.9p_Sample_C",
                "formatter/vcf2cnaqc/SCOUT/SPN01_SS/SPN01_100X_0.9p_Sample_C/SCOUT_SPN01_SS_SPN01_100X_0.9p_Sample_C_snv.rds",
                "formatter/vcf2cnaqc/SCOUT/SPN01_SS_nobam",
                "formatter/vcf2cnaqc/SCOUT/SPN01_SS_nobam/SPN01_100X_0.9p_Sample_B",
                "formatter/vcf2cnaqc/SCOUT/SPN01_SS_nobam/SPN01_100X_0.9p_Sample_B/SCOUT_SPN01_SS_nobam_SPN01_100X_0.9p_Sample_B_snv.rds",
                "formatter/vcf2cnaqc/SCOUT/SPN01_SS_nobam/SPN01_100X_0.9p_Sample_C",
                "formatter/vcf2cnaqc/SCOUT/SPN01_SS_nobam/SPN01_100X_0.9p_Sample_C/SCOUT_SPN01_SS_nobam_SPN01_100X_0.9p_Sample_C_snv.rds",
                "lifter",
                "lifter/mpileup",
                "lifter/mpileup/SCOUT",
                "lifter/mpileup/SCOUT/SPN01_SS",
                "lifter/mpileup/SCOUT/SPN01_SS/SPN01_100X_0.9p_Sample_B",
                "lifter/mpileup/SCOUT/SPN01_SS/SPN01_100X_0.9p_Sample_B/SCOUT_SPN01_SS_SPN01_100X_0.9p_Sample_B.bcftools_stats.txt",
                "lifter/mpileup/SCOUT/SPN01_SS/SPN01_100X_0.9p_Sample_B/SCOUT_SPN01_SS_SPN01_100X_0.9p_Sample_B.vcf.gz",
                "lifter/mpileup/SCOUT/SPN01_SS/SPN01_100X_0.9p_Sample_B/SCOUT_SPN01_SS_SPN01_100X_0.9p_Sample_B.vcf.gz.tbi",
                "lifter/mpileup/SCOUT/SPN01_SS/SPN01_100X_0.9p_Sample_C",
                "lifter/mpileup/SCOUT/SPN01_SS/SPN01_100X_0.9p_Sample_C/SCOUT_SPN01_SS_SPN01_100X_0.9p_Sample_C.bcftools_stats.txt",
                "lifter/mpileup/SCOUT/SPN01_SS/SPN01_100X_0.9p_Sample_C/SCOUT_SPN01_SS_SPN01_100X_0.9p_Sample_C.vcf.gz",
                "lifter/mpileup/SCOUT/SPN01_SS/SPN01_100X_0.9p_Sample_C/SCOUT_SPN01_SS_SPN01_100X_0.9p_Sample_C.vcf.gz.tbi",
                "lifter/positions",
                "lifter/positions/SCOUT",
                "lifter/positions/SCOUT/SPN01_SS",
                "lifter/positions/SCOUT/SPN01_SS/SCOUT_SPN01_SS_all_positions.rds",
                "lifter/positions/SCOUT/SPN01_SS/SPN01_100X_0.9p_Sample_B",
                "lifter/positions/SCOUT/SPN01_SS/SPN01_100X_0.9p_Sample_B/SCOUT_SPN01_SS_SPN01_100X_0.9p_Sample_B_pileup_VCF.rds",
                "lifter/positions/SCOUT/SPN01_SS/SPN01_100X_0.9p_Sample_B/SCOUT_SPN01_SS_SPN01_100X_0.9p_Sample_B_positions_missing.bed",
                "lifter/positions/SCOUT/SPN01_SS/SPN01_100X_0.9p_Sample_B/versions.yml",
                "lifter/positions/SCOUT/SPN01_SS/SPN01_100X_0.9p_Sample_C",
                "lifter/positions/SCOUT/SPN01_SS/SPN01_100X_0.9p_Sample_C/SCOUT_SPN01_SS_SPN01_100X_0.9p_Sample_C_pileup_VCF.rds",
                "lifter/positions/SCOUT/SPN01_SS/SPN01_100X_0.9p_Sample_C/SCOUT_SPN01_SS_SPN01_100X_0.9p_Sample_C_positions_missing.bed",
                "lifter/positions/SCOUT/SPN01_SS/SPN01_100X_0.9p_Sample_C/versions.yml",
                "pipeline_info",
                "qc",
                "qc/cnaqc",
                "qc/cnaqc/SCOUT",
                "qc/cnaqc/SCOUT/SPN01_MS",
                "qc/cnaqc/SCOUT/SPN01_MS/SPN01_100X_0.9p_Sample_B",
                "qc/cnaqc/SCOUT/SPN01_MS/SPN01_100X_0.9p_Sample_B/SCOUT_SPN01_MS_SPN01_100X_0.9p_Sample_B_data.pdf",
                "qc/cnaqc/SCOUT/SPN01_MS/SPN01_100X_0.9p_Sample_B/SCOUT_SPN01_MS_SPN01_100X_0.9p_Sample_B_data_plot.rds",
                "qc/cnaqc/SCOUT/SPN01_MS/SPN01_100X_0.9p_Sample_B/SCOUT_SPN01_MS_SPN01_100X_0.9p_Sample_B_qc.pdf",
                "qc/cnaqc/SCOUT/SPN01_MS/SPN01_100X_0.9p_Sample_B/SCOUT_SPN01_MS_SPN01_100X_0.9p_Sample_B_qc.rds",
                "qc/cnaqc/SCOUT/SPN01_MS/SPN01_100X_0.9p_Sample_B/SCOUT_SPN01_MS_SPN01_100X_0.9p_Sample_B_qc_plot.rds",
                "qc/cnaqc/SCOUT/SPN01_MS/SPN01_100X_0.9p_Sample_C",
                "qc/cnaqc/SCOUT/SPN01_MS/SPN01_100X_0.9p_Sample_C/SCOUT_SPN01_MS_SPN01_100X_0.9p_Sample_C_data.pdf",
                "qc/cnaqc/SCOUT/SPN01_MS/SPN01_100X_0.9p_Sample_C/SCOUT_SPN01_MS_SPN01_100X_0.9p_Sample_C_data_plot.rds",
                "qc/cnaqc/SCOUT/SPN01_MS/SPN01_100X_0.9p_Sample_C/SCOUT_SPN01_MS_SPN01_100X_0.9p_Sample_C_qc.pdf",
                "qc/cnaqc/SCOUT/SPN01_MS/SPN01_100X_0.9p_Sample_C/SCOUT_SPN01_MS_SPN01_100X_0.9p_Sample_C_qc.rds",
                "qc/cnaqc/SCOUT/SPN01_MS/SPN01_100X_0.9p_Sample_C/SCOUT_SPN01_MS_SPN01_100X_0.9p_Sample_C_qc_plot.rds",
                "qc/cnaqc/SCOUT/SPN01_SS",
                "qc/cnaqc/SCOUT/SPN01_SS/SPN01_100X_0.9p_Sample_B",
                "qc/cnaqc/SCOUT/SPN01_SS/SPN01_100X_0.9p_Sample_B/SCOUT_SPN01_SS_SPN01_100X_0.9p_Sample_B_data.pdf",
                "qc/cnaqc/SCOUT/SPN01_SS/SPN01_100X_0.9p_Sample_B/SCOUT_SPN01_SS_SPN01_100X_0.9p_Sample_B_data_plot.rds",
                "qc/cnaqc/SCOUT/SPN01_SS/SPN01_100X_0.9p_Sample_B/SCOUT_SPN01_SS_SPN01_100X_0.9p_Sample_B_qc.pdf",
                "qc/cnaqc/SCOUT/SPN01_SS/SPN01_100X_0.9p_Sample_B/SCOUT_SPN01_SS_SPN01_100X_0.9p_Sample_B_qc.rds",
                "qc/cnaqc/SCOUT/SPN01_SS/SPN01_100X_0.9p_Sample_B/SCOUT_SPN01_SS_SPN01_100X_0.9p_Sample_B_qc_plot.rds",
                "qc/cnaqc/SCOUT/SPN01_SS/SPN01_100X_0.9p_Sample_C",
                "qc/cnaqc/SCOUT/SPN01_SS/SPN01_100X_0.9p_Sample_C/SCOUT_SPN01_SS_SPN01_100X_0.9p_Sample_C_data.pdf",
                "qc/cnaqc/SCOUT/SPN01_SS/SPN01_100X_0.9p_Sample_C/SCOUT_SPN01_SS_SPN01_100X_0.9p_Sample_C_data_plot.rds",
                "qc/cnaqc/SCOUT/SPN01_SS/SPN01_100X_0.9p_Sample_C/SCOUT_SPN01_SS_SPN01_100X_0.9p_Sample_C_qc.pdf",
                "qc/cnaqc/SCOUT/SPN01_SS/SPN01_100X_0.9p_Sample_C/SCOUT_SPN01_SS_SPN01_100X_0.9p_Sample_C_qc.rds",
                "qc/cnaqc/SCOUT/SPN01_SS/SPN01_100X_0.9p_Sample_C/SCOUT_SPN01_SS_SPN01_100X_0.9p_Sample_C_qc_plot.rds",
                "qc/cnaqc/SCOUT/SPN01_SS_nobam",
                "qc/cnaqc/SCOUT/SPN01_SS_nobam/SPN01_100X_0.9p_Sample_B",
                "qc/cnaqc/SCOUT/SPN01_SS_nobam/SPN01_100X_0.9p_Sample_B/SCOUT_SPN01_SS_nobam_SPN01_100X_0.9p_Sample_B_data.pdf",
                "qc/cnaqc/SCOUT/SPN01_SS_nobam/SPN01_100X_0.9p_Sample_B/SCOUT_SPN01_SS_nobam_SPN01_100X_0.9p_Sample_B_data_plot.rds",
                "qc/cnaqc/SCOUT/SPN01_SS_nobam/SPN01_100X_0.9p_Sample_B/SCOUT_SPN01_SS_nobam_SPN01_100X_0.9p_Sample_B_qc.pdf",
                "qc/cnaqc/SCOUT/SPN01_SS_nobam/SPN01_100X_0.9p_Sample_B/SCOUT_SPN01_SS_nobam_SPN01_100X_0.9p_Sample_B_qc.rds",
                "qc/cnaqc/SCOUT/SPN01_SS_nobam/SPN01_100X_0.9p_Sample_B/SCOUT_SPN01_SS_nobam_SPN01_100X_0.9p_Sample_B_qc_plot.rds",
                "qc/cnaqc/SCOUT/SPN01_SS_nobam/SPN01_100X_0.9p_Sample_C",
                "qc/cnaqc/SCOUT/SPN01_SS_nobam/SPN01_100X_0.9p_Sample_C/SCOUT_SPN01_SS_nobam_SPN01_100X_0.9p_Sample_C_data.pdf",
                "qc/cnaqc/SCOUT/SPN01_SS_nobam/SPN01_100X_0.9p_Sample_C/SCOUT_SPN01_SS_nobam_SPN01_100X_0.9p_Sample_C_data_plot.rds",
                "qc/cnaqc/SCOUT/SPN01_SS_nobam/SPN01_100X_0.9p_Sample_C/SCOUT_SPN01_SS_nobam_SPN01_100X_0.9p_Sample_C_qc.pdf",
                "qc/cnaqc/SCOUT/SPN01_SS_nobam/SPN01_100X_0.9p_Sample_C/SCOUT_SPN01_SS_nobam_SPN01_100X_0.9p_Sample_C_qc.rds",
                "qc/cnaqc/SCOUT/SPN01_SS_nobam/SPN01_100X_0.9p_Sample_C/SCOUT_SPN01_SS_nobam_SPN01_100X_0.9p_Sample_C_qc_plot.rds",
                "qc/join_cnaqc",
                "qc/join_cnaqc/SCOUT",
                "qc/join_cnaqc/SCOUT/SPN01_MS",
                "qc/join_cnaqc/SCOUT/SPN01_MS/SCOUT_SPN01_MS_multi_cnaqc_ALL.rds",
                "qc/join_cnaqc/SCOUT/SPN01_SS",
                "qc/join_cnaqc/SCOUT/SPN01_SS/SCOUT_SPN01_SS_multi_cnaqc_ALL.rds",
                "qc/join_cnaqc/SCOUT/SPN01_SS_nobam",
                "qc/join_cnaqc/SCOUT/SPN01_SS_nobam/SCOUT_SPN01_SS_nobam_multi_cnaqc_ALL.rds",
                "qc/tinc",
                "qc/tinc/SCOUT",
                "qc/tinc/SCOUT/SPN01_MS",
                "qc/tinc/SCOUT/SPN01_MS/SPN01_100X_0.9p_Sample_B",
                "qc/tinc/SCOUT/SPN01_MS/SPN01_100X_0.9p_Sample_B/SCOUT_SPN01_MS_SPN01_100X_0.9p_Sample_B_fit.rds",
                "qc/tinc/SCOUT/SPN01_MS/SPN01_100X_0.9p_Sample_B/SCOUT_SPN01_MS_SPN01_100X_0.9p_Sample_B_plot.pdf",
                "qc/tinc/SCOUT/SPN01_MS/SPN01_100X_0.9p_Sample_B/SCOUT_SPN01_MS_SPN01_100X_0.9p_Sample_B_plot.rds",
                "qc/tinc/SCOUT/SPN01_MS/SPN01_100X_0.9p_Sample_B/SCOUT_SPN01_MS_SPN01_100X_0.9p_Sample_B_qc.csv",
                "qc/tinc/SCOUT/SPN01_MS/SPN01_100X_0.9p_Sample_C",
                "qc/tinc/SCOUT/SPN01_MS/SPN01_100X_0.9p_Sample_C/SCOUT_SPN01_MS_SPN01_100X_0.9p_Sample_C_fit.rds",
                "qc/tinc/SCOUT/SPN01_MS/SPN01_100X_0.9p_Sample_C/SCOUT_SPN01_MS_SPN01_100X_0.9p_Sample_C_plot.pdf",
                "qc/tinc/SCOUT/SPN01_MS/SPN01_100X_0.9p_Sample_C/SCOUT_SPN01_MS_SPN01_100X_0.9p_Sample_C_plot.rds",
                "qc/tinc/SCOUT/SPN01_MS/SPN01_100X_0.9p_Sample_C/SCOUT_SPN01_MS_SPN01_100X_0.9p_Sample_C_qc.csv",
                "qc/tinc/SCOUT/SPN01_SS",
                "qc/tinc/SCOUT/SPN01_SS/SPN01_100X_0.9p_Sample_B",
                "qc/tinc/SCOUT/SPN01_SS/SPN01_100X_0.9p_Sample_B/SCOUT_SPN01_SS_SPN01_100X_0.9p_Sample_B_fit.rds",
                "qc/tinc/SCOUT/SPN01_SS/SPN01_100X_0.9p_Sample_B/SCOUT_SPN01_SS_SPN01_100X_0.9p_Sample_B_plot.pdf",
                "qc/tinc/SCOUT/SPN01_SS/SPN01_100X_0.9p_Sample_B/SCOUT_SPN01_SS_SPN01_100X_0.9p_Sample_B_plot.rds",
                "qc/tinc/SCOUT/SPN01_SS/SPN01_100X_0.9p_Sample_B/SCOUT_SPN01_SS_SPN01_100X_0.9p_Sample_B_qc.csv",
                "qc/tinc/SCOUT/SPN01_SS/SPN01_100X_0.9p_Sample_C",
                "qc/tinc/SCOUT/SPN01_SS/SPN01_100X_0.9p_Sample_C/SCOUT_SPN01_SS_SPN01_100X_0.9p_Sample_C_fit.rds",
                "qc/tinc/SCOUT/SPN01_SS/SPN01_100X_0.9p_Sample_C/SCOUT_SPN01_SS_SPN01_100X_0.9p_Sample_C_plot.pdf",
                "qc/tinc/SCOUT/SPN01_SS/SPN01_100X_0.9p_Sample_C/SCOUT_SPN01_SS_SPN01_100X_0.9p_Sample_C_plot.rds",
                "qc/tinc/SCOUT/SPN01_SS/SPN01_100X_0.9p_Sample_C/SCOUT_SPN01_SS_SPN01_100X_0.9p_Sample_C_qc.csv",
                "qc/tinc/SCOUT/SPN01_SS_nobam",
                "qc/tinc/SCOUT/SPN01_SS_nobam/SPN01_100X_0.9p_Sample_B",
                "qc/tinc/SCOUT/SPN01_SS_nobam/SPN01_100X_0.9p_Sample_B/SCOUT_SPN01_SS_nobam_SPN01_100X_0.9p_Sample_B_fit.rds",
                "qc/tinc/SCOUT/SPN01_SS_nobam/SPN01_100X_0.9p_Sample_B/SCOUT_SPN01_SS_nobam_SPN01_100X_0.9p_Sample_B_plot.pdf",
                "qc/tinc/SCOUT/SPN01_SS_nobam/SPN01_100X_0.9p_Sample_B/SCOUT_SPN01_SS_nobam_SPN01_100X_0.9p_Sample_B_plot.rds",
                "qc/tinc/SCOUT/SPN01_SS_nobam/SPN01_100X_0.9p_Sample_B/SCOUT_SPN01_SS_nobam_SPN01_100X_0.9p_Sample_B_qc.csv",
                "qc/tinc/SCOUT/SPN01_SS_nobam/SPN01_100X_0.9p_Sample_C",
                "qc/tinc/SCOUT/SPN01_SS_nobam/SPN01_100X_0.9p_Sample_C/SCOUT_SPN01_SS_nobam_SPN01_100X_0.9p_Sample_C_fit.rds",
                "qc/tinc/SCOUT/SPN01_SS_nobam/SPN01_100X_0.9p_Sample_C/SCOUT_SPN01_SS_nobam_SPN01_100X_0.9p_Sample_C_plot.pdf",
                "qc/tinc/SCOUT/SPN01_SS_nobam/SPN01_100X_0.9p_Sample_C/SCOUT_SPN01_SS_nobam_SPN01_100X_0.9p_Sample_C_plot.rds",
                "qc/tinc/SCOUT/SPN01_SS_nobam/SPN01_100X_0.9p_Sample_C/SCOUT_SPN01_SS_nobam_SPN01_100X_0.9p_Sample_C_qc.csv",
                "references",
                "references/vep",
                "references/vep/vep.tar",
                "references/vep/vep.tar/Homo_sapiens",
                "references/vep/vep.tar/Homo_sapiens/110_GRCh38",
                "references/vep/vep.tar/Homo_sapiens/110_GRCh38/17",
                "references/vep/vep.tar/Homo_sapiens/110_GRCh38/17/10000001-11000000.gz",
                "references/vep/vep.tar/Homo_sapiens/110_GRCh38/17/10000001-11000000_reg.gz",
                "references/vep/vep.tar/Homo_sapiens/110_GRCh38/17/1000001-2000000.gz",
                "references/vep/vep.tar/Homo_sapiens/110_GRCh38/17/1000001-2000000_reg.gz",
                "references/vep/vep.tar/Homo_sapiens/110_GRCh38/17/12000001-13000000.gz",
                "references/vep/vep.tar/Homo_sapiens/110_GRCh38/17/12000001-13000000_reg.gz",
                "references/vep/vep.tar/Homo_sapiens/110_GRCh38/17/15000001-16000000.gz",
                "references/vep/vep.tar/Homo_sapiens/110_GRCh38/17/15000001-16000000_reg.gz",
                "references/vep/vep.tar/Homo_sapiens/110_GRCh38/17/17000001-18000000.gz",
                "references/vep/vep.tar/Homo_sapiens/110_GRCh38/17/17000001-18000000_reg.gz",
                "references/vep/vep.tar/Homo_sapiens/110_GRCh38/17/2000001-3000000.gz",
                "references/vep/vep.tar/Homo_sapiens/110_GRCh38/17/2000001-3000000_reg.gz",
                "references/vep/vep.tar/Homo_sapiens/110_GRCh38/17/22000001-23000000.gz",
                "references/vep/vep.tar/Homo_sapiens/110_GRCh38/17/22000001-23000000_reg.gz",
                "references/vep/vep.tar/Homo_sapiens/110_GRCh38/17/30000001-31000000.gz",
                "references/vep/vep.tar/Homo_sapiens/110_GRCh38/17/30000001-31000000_reg.gz",
                "references/vep/vep.tar/Homo_sapiens/110_GRCh38/17/31000001-32000000.gz",
                "references/vep/vep.tar/Homo_sapiens/110_GRCh38/17/31000001-32000000_reg.gz",
                "references/vep/vep.tar/Homo_sapiens/110_GRCh38/17/34000001-35000000.gz",
                "references/vep/vep.tar/Homo_sapiens/110_GRCh38/17/34000001-35000000_reg.gz",
                "references/vep/vep.tar/Homo_sapiens/110_GRCh38/17/35000001-36000000.gz",
                "references/vep/vep.tar/Homo_sapiens/110_GRCh38/17/35000001-36000000_reg.gz",
                "references/vep/vep.tar/Homo_sapiens/110_GRCh38/17/40000001-41000000.gz",
                "references/vep/vep.tar/Homo_sapiens/110_GRCh38/17/40000001-41000000_reg.gz",
                "references/vep/vep.tar/Homo_sapiens/110_GRCh38/17/4000001-5000000.gz",
                "references/vep/vep.tar/Homo_sapiens/110_GRCh38/17/4000001-5000000_reg.gz",
                "references/vep/vep.tar/Homo_sapiens/110_GRCh38/17/42000001-43000000.gz",
                "references/vep/vep.tar/Homo_sapiens/110_GRCh38/17/42000001-43000000_reg.gz",
                "references/vep/vep.tar/Homo_sapiens/110_GRCh38/17/47000001-48000000.gz",
                "references/vep/vep.tar/Homo_sapiens/110_GRCh38/17/47000001-48000000_reg.gz",
                "references/vep/vep.tar/Homo_sapiens/110_GRCh38/17/48000001-49000000.gz",
                "references/vep/vep.tar/Homo_sapiens/110_GRCh38/17/48000001-49000000_reg.gz",
                "references/vep/vep.tar/Homo_sapiens/110_GRCh38/17/49000001-50000000.gz",
                "references/vep/vep.tar/Homo_sapiens/110_GRCh38/17/49000001-50000000_reg.gz",
                "references/vep/vep.tar/Homo_sapiens/110_GRCh38/17/5000001-6000000.gz",
                "references/vep/vep.tar/Homo_sapiens/110_GRCh38/17/5000001-6000000_reg.gz",
                "references/vep/vep.tar/Homo_sapiens/110_GRCh38/17/52000001-53000000.gz",
                "references/vep/vep.tar/Homo_sapiens/110_GRCh38/17/52000001-53000000_reg.gz",
                "references/vep/vep.tar/Homo_sapiens/110_GRCh38/17/53000001-54000000.gz",
                "references/vep/vep.tar/Homo_sapiens/110_GRCh38/17/53000001-54000000_reg.gz",
                "references/vep/vep.tar/Homo_sapiens/110_GRCh38/17/60000001-61000000.gz",
                "references/vep/vep.tar/Homo_sapiens/110_GRCh38/17/60000001-61000000_reg.gz",
                "references/vep/vep.tar/Homo_sapiens/110_GRCh38/17/63000001-64000000.gz",
                "references/vep/vep.tar/Homo_sapiens/110_GRCh38/17/63000001-64000000_reg.gz",
                "references/vep/vep.tar/Homo_sapiens/110_GRCh38/17/68000001-69000000.gz",
                "references/vep/vep.tar/Homo_sapiens/110_GRCh38/17/68000001-69000000_reg.gz",
                "references/vep/vep.tar/Homo_sapiens/110_GRCh38/17/70000001-71000000.gz",
                "references/vep/vep.tar/Homo_sapiens/110_GRCh38/17/70000001-71000000_reg.gz",
                "references/vep/vep.tar/Homo_sapiens/110_GRCh38/17/7000001-8000000.gz",
                "references/vep/vep.tar/Homo_sapiens/110_GRCh38/17/7000001-8000000_reg.gz",
                "references/vep/vep.tar/Homo_sapiens/110_GRCh38/17/78000001-79000000.gz",
                "references/vep/vep.tar/Homo_sapiens/110_GRCh38/17/78000001-79000000_reg.gz",
                "references/vep/vep.tar/Homo_sapiens/110_GRCh38/17/80000001-81000000.gz",
                "references/vep/vep.tar/Homo_sapiens/110_GRCh38/17/80000001-81000000_reg.gz",
                "references/vep/vep.tar/Homo_sapiens/110_GRCh38/17/8000001-9000000.gz",
                "references/vep/vep.tar/Homo_sapiens/110_GRCh38/17/8000001-9000000_reg.gz",
                "references/vep/vep.tar/Homo_sapiens/110_GRCh38/17/81000001-82000000.gz",
                "references/vep/vep.tar/Homo_sapiens/110_GRCh38/17/81000001-82000000_reg.gz",
                "references/vep/vep.tar/Homo_sapiens/110_GRCh38/17/82000001-83000000.gz",
                "references/vep/vep.tar/Homo_sapiens/110_GRCh38/17/82000001-83000000_reg.gz",
                "references/vep/vep.tar/Homo_sapiens/110_GRCh38/17/9000001-10000000.gz",
                "references/vep/vep.tar/Homo_sapiens/110_GRCh38/17/9000001-10000000_reg.gz",
                "references/vep/vep.tar/Homo_sapiens/110_GRCh38/17/all_var.gz",
                "references/vep/vep.tar/Homo_sapiens/110_GRCh38/chr_synonyms.txt",
                "references/vep/vep.tar/Homo_sapiens/110_GRCh38/info.txt",
                "references/vep/versions.yml",
                "subclonal_deconvolution",
                "subclonal_deconvolution/ctree",
                "subclonal_deconvolution/ctree/SCOUT",
                "subclonal_deconvolution/ctree/SCOUT/SPN01_MS",
                "subclonal_deconvolution/ctree/SCOUT/SPN01_MS/SCOUT_SPN01_MS_ctree_pyclonevi.rds",
                "subclonal_deconvolution/ctree/SCOUT/SPN01_MS/SCOUT_SPN01_MS_ctree_pyclonevi_plots.rds",
                "subclonal_deconvolution/ctree/SCOUT/SPN01_MS/SCOUT_SPN01_MS_ctree_pyclonevi_report.pdf",
                "subclonal_deconvolution/ctree/SCOUT/SPN01_MS/SCOUT_SPN01_MS_ctree_pyclonevi_report.png",
                "subclonal_deconvolution/ctree/SCOUT/SPN01_MS/SCOUT_SPN01_MS_ctree_pyclonevi_report.rds",
                "subclonal_deconvolution/ctree/SCOUT/SPN01_MS/SPN01_100X_0.9p_Sample_B",
                "subclonal_deconvolution/ctree/SCOUT/SPN01_MS/SPN01_100X_0.9p_Sample_B/SCOUT_SPN01_MS_SPN01_100X_0.9p_Sample_B_ctree_mobster.rds",
                "subclonal_deconvolution/ctree/SCOUT/SPN01_MS/SPN01_100X_0.9p_Sample_B/SCOUT_SPN01_MS_SPN01_100X_0.9p_Sample_B_ctree_mobster_plots.rds",
                "subclonal_deconvolution/ctree/SCOUT/SPN01_MS/SPN01_100X_0.9p_Sample_B/SCOUT_SPN01_MS_SPN01_100X_0.9p_Sample_B_ctree_mobster_report.pdf",
                "subclonal_deconvolution/ctree/SCOUT/SPN01_MS/SPN01_100X_0.9p_Sample_B/SCOUT_SPN01_MS_SPN01_100X_0.9p_Sample_B_ctree_mobster_report.png",
                "subclonal_deconvolution/ctree/SCOUT/SPN01_MS/SPN01_100X_0.9p_Sample_B/SCOUT_SPN01_MS_SPN01_100X_0.9p_Sample_B_ctree_mobster_report.rds",
                "subclonal_deconvolution/ctree/SCOUT/SPN01_MS/SPN01_100X_0.9p_Sample_C",
                "subclonal_deconvolution/ctree/SCOUT/SPN01_MS/SPN01_100X_0.9p_Sample_C/SCOUT_SPN01_MS_SPN01_100X_0.9p_Sample_C_ctree_mobster.rds",
                "subclonal_deconvolution/ctree/SCOUT/SPN01_MS/SPN01_100X_0.9p_Sample_C/SCOUT_SPN01_MS_SPN01_100X_0.9p_Sample_C_ctree_mobster_plots.rds",
                "subclonal_deconvolution/ctree/SCOUT/SPN01_MS/SPN01_100X_0.9p_Sample_C/SCOUT_SPN01_MS_SPN01_100X_0.9p_Sample_C_ctree_mobster_report.pdf",
                "subclonal_deconvolution/ctree/SCOUT/SPN01_MS/SPN01_100X_0.9p_Sample_C/SCOUT_SPN01_MS_SPN01_100X_0.9p_Sample_C_ctree_mobster_report.png",
                "subclonal_deconvolution/ctree/SCOUT/SPN01_MS/SPN01_100X_0.9p_Sample_C/SCOUT_SPN01_MS_SPN01_100X_0.9p_Sample_C_ctree_mobster_report.rds",
                "subclonal_deconvolution/ctree/SCOUT/SPN01_SS",
                "subclonal_deconvolution/ctree/SCOUT/SPN01_SS/SCOUT_SPN01_SS_ctree_pyclonevi.rds",
                "subclonal_deconvolution/ctree/SCOUT/SPN01_SS/SCOUT_SPN01_SS_ctree_pyclonevi_plots.rds",
                "subclonal_deconvolution/ctree/SCOUT/SPN01_SS/SCOUT_SPN01_SS_ctree_pyclonevi_report.pdf",
                "subclonal_deconvolution/ctree/SCOUT/SPN01_SS/SCOUT_SPN01_SS_ctree_pyclonevi_report.png",
                "subclonal_deconvolution/ctree/SCOUT/SPN01_SS/SCOUT_SPN01_SS_ctree_pyclonevi_report.rds",
                "subclonal_deconvolution/ctree/SCOUT/SPN01_SS/SPN01_100X_0.9p_Sample_B",
                "subclonal_deconvolution/ctree/SCOUT/SPN01_SS/SPN01_100X_0.9p_Sample_B/SCOUT_SPN01_SS_SPN01_100X_0.9p_Sample_B_ctree_mobster.rds",
                "subclonal_deconvolution/ctree/SCOUT/SPN01_SS/SPN01_100X_0.9p_Sample_B/SCOUT_SPN01_SS_SPN01_100X_0.9p_Sample_B_ctree_mobster_plots.rds",
                "subclonal_deconvolution/ctree/SCOUT/SPN01_SS/SPN01_100X_0.9p_Sample_B/SCOUT_SPN01_SS_SPN01_100X_0.9p_Sample_B_ctree_mobster_report.pdf",
                "subclonal_deconvolution/ctree/SCOUT/SPN01_SS/SPN01_100X_0.9p_Sample_B/SCOUT_SPN01_SS_SPN01_100X_0.9p_Sample_B_ctree_mobster_report.png",
                "subclonal_deconvolution/ctree/SCOUT/SPN01_SS/SPN01_100X_0.9p_Sample_B/SCOUT_SPN01_SS_SPN01_100X_0.9p_Sample_B_ctree_mobster_report.rds",
                "subclonal_deconvolution/ctree/SCOUT/SPN01_SS/SPN01_100X_0.9p_Sample_C",
                "subclonal_deconvolution/ctree/SCOUT/SPN01_SS/SPN01_100X_0.9p_Sample_C/SCOUT_SPN01_SS_SPN01_100X_0.9p_Sample_C_ctree_mobster.rds",
                "subclonal_deconvolution/ctree/SCOUT/SPN01_SS/SPN01_100X_0.9p_Sample_C/SCOUT_SPN01_SS_SPN01_100X_0.9p_Sample_C_ctree_mobster_plots.rds",
                "subclonal_deconvolution/ctree/SCOUT/SPN01_SS/SPN01_100X_0.9p_Sample_C/SCOUT_SPN01_SS_SPN01_100X_0.9p_Sample_C_ctree_mobster_report.pdf",
                "subclonal_deconvolution/ctree/SCOUT/SPN01_SS/SPN01_100X_0.9p_Sample_C/SCOUT_SPN01_SS_SPN01_100X_0.9p_Sample_C_ctree_mobster_report.png",
                "subclonal_deconvolution/ctree/SCOUT/SPN01_SS/SPN01_100X_0.9p_Sample_C/SCOUT_SPN01_SS_SPN01_100X_0.9p_Sample_C_ctree_mobster_report.rds",
                "subclonal_deconvolution/ctree/SCOUT/SPN01_SS_nobam",
                "subclonal_deconvolution/ctree/SCOUT/SPN01_SS_nobam/SCOUT_SPN01_SS_nobam_ctree_pyclonevi.rds",
                "subclonal_deconvolution/ctree/SCOUT/SPN01_SS_nobam/SCOUT_SPN01_SS_nobam_ctree_pyclonevi_plots.rds",
                "subclonal_deconvolution/ctree/SCOUT/SPN01_SS_nobam/SCOUT_SPN01_SS_nobam_ctree_pyclonevi_report.pdf",
                "subclonal_deconvolution/ctree/SCOUT/SPN01_SS_nobam/SCOUT_SPN01_SS_nobam_ctree_pyclonevi_report.png",
                "subclonal_deconvolution/ctree/SCOUT/SPN01_SS_nobam/SCOUT_SPN01_SS_nobam_ctree_pyclonevi_report.rds",
                "subclonal_deconvolution/ctree/SCOUT/SPN01_SS_nobam/SPN01_100X_0.9p_Sample_B",
                "subclonal_deconvolution/ctree/SCOUT/SPN01_SS_nobam/SPN01_100X_0.9p_Sample_B/SCOUT_SPN01_SS_nobam_SPN01_100X_0.9p_Sample_B_ctree_mobster.rds",
                "subclonal_deconvolution/ctree/SCOUT/SPN01_SS_nobam/SPN01_100X_0.9p_Sample_B/SCOUT_SPN01_SS_nobam_SPN01_100X_0.9p_Sample_B_ctree_mobster_plots.rds",
                "subclonal_deconvolution/ctree/SCOUT/SPN01_SS_nobam/SPN01_100X_0.9p_Sample_B/SCOUT_SPN01_SS_nobam_SPN01_100X_0.9p_Sample_B_ctree_mobster_report.pdf",
                "subclonal_deconvolution/ctree/SCOUT/SPN01_SS_nobam/SPN01_100X_0.9p_Sample_B/SCOUT_SPN01_SS_nobam_SPN01_100X_0.9p_Sample_B_ctree_mobster_report.png",
                "subclonal_deconvolution/ctree/SCOUT/SPN01_SS_nobam/SPN01_100X_0.9p_Sample_B/SCOUT_SPN01_SS_nobam_SPN01_100X_0.9p_Sample_B_ctree_mobster_report.rds",
                "subclonal_deconvolution/ctree/SCOUT/SPN01_SS_nobam/SPN01_100X_0.9p_Sample_C",
                "subclonal_deconvolution/ctree/SCOUT/SPN01_SS_nobam/SPN01_100X_0.9p_Sample_C/SCOUT_SPN01_SS_nobam_SPN01_100X_0.9p_Sample_C_ctree_mobster.rds",
                "subclonal_deconvolution/ctree/SCOUT/SPN01_SS_nobam/SPN01_100X_0.9p_Sample_C/SCOUT_SPN01_SS_nobam_SPN01_100X_0.9p_Sample_C_ctree_mobster_plots.rds",
                "subclonal_deconvolution/ctree/SCOUT/SPN01_SS_nobam/SPN01_100X_0.9p_Sample_C/SCOUT_SPN01_SS_nobam_SPN01_100X_0.9p_Sample_C_ctree_mobster_report.pdf",
                "subclonal_deconvolution/ctree/SCOUT/SPN01_SS_nobam/SPN01_100X_0.9p_Sample_C/SCOUT_SPN01_SS_nobam_SPN01_100X_0.9p_Sample_C_ctree_mobster_report.png",
                "subclonal_deconvolution/ctree/SCOUT/SPN01_SS_nobam/SPN01_100X_0.9p_Sample_C/SCOUT_SPN01_SS_nobam_SPN01_100X_0.9p_Sample_C_ctree_mobster_report.rds",
                "subclonal_deconvolution/mobster",
                "subclonal_deconvolution/mobster/SCOUT",
                "subclonal_deconvolution/mobster/SCOUT/SPN01_MS",
                "subclonal_deconvolution/mobster/SCOUT/SPN01_MS/SPN01_100X_0.9p_Sample_B",
                "subclonal_deconvolution/mobster/SCOUT/SPN01_MS/SPN01_100X_0.9p_Sample_B/SCOUT_SPN01_MS_SPN01_100X_0.9p_Sample_B_mobster_best_fit.rds",
                "subclonal_deconvolution/mobster/SCOUT/SPN01_MS/SPN01_100X_0.9p_Sample_B/SCOUT_SPN01_MS_SPN01_100X_0.9p_Sample_B_mobster_best_plots.rds",
                "subclonal_deconvolution/mobster/SCOUT/SPN01_MS/SPN01_100X_0.9p_Sample_B/SCOUT_SPN01_MS_SPN01_100X_0.9p_Sample_B_mobster_fit.rds",
                "subclonal_deconvolution/mobster/SCOUT/SPN01_MS/SPN01_100X_0.9p_Sample_B/SCOUT_SPN01_MS_SPN01_100X_0.9p_Sample_B_mobster_report.pdf",
                "subclonal_deconvolution/mobster/SCOUT/SPN01_MS/SPN01_100X_0.9p_Sample_B/SCOUT_SPN01_MS_SPN01_100X_0.9p_Sample_B_mobster_report.png",
                "subclonal_deconvolution/mobster/SCOUT/SPN01_MS/SPN01_100X_0.9p_Sample_B/SCOUT_SPN01_MS_SPN01_100X_0.9p_Sample_B_mobster_report.rds",
                "subclonal_deconvolution/mobster/SCOUT/SPN01_MS/SPN01_100X_0.9p_Sample_C",
                "subclonal_deconvolution/mobster/SCOUT/SPN01_MS/SPN01_100X_0.9p_Sample_C/SCOUT_SPN01_MS_SPN01_100X_0.9p_Sample_C_mobster_best_fit.rds",
                "subclonal_deconvolution/mobster/SCOUT/SPN01_MS/SPN01_100X_0.9p_Sample_C/SCOUT_SPN01_MS_SPN01_100X_0.9p_Sample_C_mobster_best_plots.rds",
                "subclonal_deconvolution/mobster/SCOUT/SPN01_MS/SPN01_100X_0.9p_Sample_C/SCOUT_SPN01_MS_SPN01_100X_0.9p_Sample_C_mobster_fit.rds",
                "subclonal_deconvolution/mobster/SCOUT/SPN01_MS/SPN01_100X_0.9p_Sample_C/SCOUT_SPN01_MS_SPN01_100X_0.9p_Sample_C_mobster_report.pdf",
                "subclonal_deconvolution/mobster/SCOUT/SPN01_MS/SPN01_100X_0.9p_Sample_C/SCOUT_SPN01_MS_SPN01_100X_0.9p_Sample_C_mobster_report.png",
                "subclonal_deconvolution/mobster/SCOUT/SPN01_MS/SPN01_100X_0.9p_Sample_C/SCOUT_SPN01_MS_SPN01_100X_0.9p_Sample_C_mobster_report.rds",
                "subclonal_deconvolution/mobster/SCOUT/SPN01_SS",
                "subclonal_deconvolution/mobster/SCOUT/SPN01_SS/SPN01_100X_0.9p_Sample_B",
                "subclonal_deconvolution/mobster/SCOUT/SPN01_SS/SPN01_100X_0.9p_Sample_B/SCOUT_SPN01_SS_SPN01_100X_0.9p_Sample_B_mobster_best_fit.rds",
                "subclonal_deconvolution/mobster/SCOUT/SPN01_SS/SPN01_100X_0.9p_Sample_B/SCOUT_SPN01_SS_SPN01_100X_0.9p_Sample_B_mobster_best_plots.rds",
                "subclonal_deconvolution/mobster/SCOUT/SPN01_SS/SPN01_100X_0.9p_Sample_B/SCOUT_SPN01_SS_SPN01_100X_0.9p_Sample_B_mobster_fit.rds",
                "subclonal_deconvolution/mobster/SCOUT/SPN01_SS/SPN01_100X_0.9p_Sample_B/SCOUT_SPN01_SS_SPN01_100X_0.9p_Sample_B_mobster_report.pdf",
                "subclonal_deconvolution/mobster/SCOUT/SPN01_SS/SPN01_100X_0.9p_Sample_B/SCOUT_SPN01_SS_SPN01_100X_0.9p_Sample_B_mobster_report.png",
                "subclonal_deconvolution/mobster/SCOUT/SPN01_SS/SPN01_100X_0.9p_Sample_B/SCOUT_SPN01_SS_SPN01_100X_0.9p_Sample_B_mobster_report.rds",
                "subclonal_deconvolution/mobster/SCOUT/SPN01_SS/SPN01_100X_0.9p_Sample_C",
                "subclonal_deconvolution/mobster/SCOUT/SPN01_SS/SPN01_100X_0.9p_Sample_C/SCOUT_SPN01_SS_SPN01_100X_0.9p_Sample_C_mobster_best_fit.rds",
                "subclonal_deconvolution/mobster/SCOUT/SPN01_SS/SPN01_100X_0.9p_Sample_C/SCOUT_SPN01_SS_SPN01_100X_0.9p_Sample_C_mobster_best_plots.rds",
                "subclonal_deconvolution/mobster/SCOUT/SPN01_SS/SPN01_100X_0.9p_Sample_C/SCOUT_SPN01_SS_SPN01_100X_0.9p_Sample_C_mobster_fit.rds",
                "subclonal_deconvolution/mobster/SCOUT/SPN01_SS/SPN01_100X_0.9p_Sample_C/SCOUT_SPN01_SS_SPN01_100X_0.9p_Sample_C_mobster_report.pdf",
                "subclonal_deconvolution/mobster/SCOUT/SPN01_SS/SPN01_100X_0.9p_Sample_C/SCOUT_SPN01_SS_SPN01_100X_0.9p_Sample_C_mobster_report.png",
                "subclonal_deconvolution/mobster/SCOUT/SPN01_SS/SPN01_100X_0.9p_Sample_C/SCOUT_SPN01_SS_SPN01_100X_0.9p_Sample_C_mobster_report.rds",
                "subclonal_deconvolution/mobster/SCOUT/SPN01_SS_nobam",
                "subclonal_deconvolution/mobster/SCOUT/SPN01_SS_nobam/SPN01_100X_0.9p_Sample_B",
                "subclonal_deconvolution/mobster/SCOUT/SPN01_SS_nobam/SPN01_100X_0.9p_Sample_B/SCOUT_SPN01_SS_nobam_SPN01_100X_0.9p_Sample_B_mobster_best_fit.rds",
                "subclonal_deconvolution/mobster/SCOUT/SPN01_SS_nobam/SPN01_100X_0.9p_Sample_B/SCOUT_SPN01_SS_nobam_SPN01_100X_0.9p_Sample_B_mobster_best_plots.rds",
                "subclonal_deconvolution/mobster/SCOUT/SPN01_SS_nobam/SPN01_100X_0.9p_Sample_B/SCOUT_SPN01_SS_nobam_SPN01_100X_0.9p_Sample_B_mobster_fit.rds",
                "subclonal_deconvolution/mobster/SCOUT/SPN01_SS_nobam/SPN01_100X_0.9p_Sample_B/SCOUT_SPN01_SS_nobam_SPN01_100X_0.9p_Sample_B_mobster_report.pdf",
                "subclonal_deconvolution/mobster/SCOUT/SPN01_SS_nobam/SPN01_100X_0.9p_Sample_B/SCOUT_SPN01_SS_nobam_SPN01_100X_0.9p_Sample_B_mobster_report.png",
                "subclonal_deconvolution/mobster/SCOUT/SPN01_SS_nobam/SPN01_100X_0.9p_Sample_B/SCOUT_SPN01_SS_nobam_SPN01_100X_0.9p_Sample_B_mobster_report.rds",
                "subclonal_deconvolution/mobster/SCOUT/SPN01_SS_nobam/SPN01_100X_0.9p_Sample_C",
                "subclonal_deconvolution/mobster/SCOUT/SPN01_SS_nobam/SPN01_100X_0.9p_Sample_C/SCOUT_SPN01_SS_nobam_SPN01_100X_0.9p_Sample_C_mobster_best_fit.rds",
                "subclonal_deconvolution/mobster/SCOUT/SPN01_SS_nobam/SPN01_100X_0.9p_Sample_C/SCOUT_SPN01_SS_nobam_SPN01_100X_0.9p_Sample_C_mobster_best_plots.rds",
                "subclonal_deconvolution/mobster/SCOUT/SPN01_SS_nobam/SPN01_100X_0.9p_Sample_C/SCOUT_SPN01_SS_nobam_SPN01_100X_0.9p_Sample_C_mobster_fit.rds",
                "subclonal_deconvolution/mobster/SCOUT/SPN01_SS_nobam/SPN01_100X_0.9p_Sample_C/SCOUT_SPN01_SS_nobam_SPN01_100X_0.9p_Sample_C_mobster_report.pdf",
                "subclonal_deconvolution/mobster/SCOUT/SPN01_SS_nobam/SPN01_100X_0.9p_Sample_C/SCOUT_SPN01_SS_nobam_SPN01_100X_0.9p_Sample_C_mobster_report.png",
                "subclonal_deconvolution/mobster/SCOUT/SPN01_SS_nobam/SPN01_100X_0.9p_Sample_C/SCOUT_SPN01_SS_nobam_SPN01_100X_0.9p_Sample_C_mobster_report.rds",
                "subclonal_deconvolution/pyclonevi",
                "subclonal_deconvolution/pyclonevi/SCOUT",
                "subclonal_deconvolution/pyclonevi/SCOUT/SPN01_MS",
                "subclonal_deconvolution/pyclonevi/SCOUT/SPN01_MS/SCOUT_SPN01_MS_all_fits.h5",
                "subclonal_deconvolution/pyclonevi/SCOUT/SPN01_MS/SCOUT_SPN01_MS_best_fit.txt",
                "subclonal_deconvolution/pyclonevi/SCOUT/SPN01_MS/SCOUT_SPN01_MS_cluster_table.csv",
                "subclonal_deconvolution/pyclonevi/SCOUT/SPN01_MS/SCOUT_SPN01_MS_pyclone_input.tsv",
                "subclonal_deconvolution/pyclonevi/SCOUT/SPN01_MS/SCOUT_SPN01_MS_pyclone_input_all_samples.tsv",
                "subclonal_deconvolution/pyclonevi/SCOUT/SPN01_SS",
                "subclonal_deconvolution/pyclonevi/SCOUT/SPN01_SS/SCOUT_SPN01_SS_all_fits.h5",
                "subclonal_deconvolution/pyclonevi/SCOUT/SPN01_SS/SCOUT_SPN01_SS_best_fit.txt",
                "subclonal_deconvolution/pyclonevi/SCOUT/SPN01_SS/SCOUT_SPN01_SS_cluster_table.csv",
                "subclonal_deconvolution/pyclonevi/SCOUT/SPN01_SS/SCOUT_SPN01_SS_pyclone_input.tsv",
                "subclonal_deconvolution/pyclonevi/SCOUT/SPN01_SS/SCOUT_SPN01_SS_pyclone_input_all_samples.tsv",
                "subclonal_deconvolution/pyclonevi/SCOUT/SPN01_SS_nobam",
                "subclonal_deconvolution/pyclonevi/SCOUT/SPN01_SS_nobam/SCOUT_SPN01_SS_nobam_all_fits.h5",
                "subclonal_deconvolution/pyclonevi/SCOUT/SPN01_SS_nobam/SCOUT_SPN01_SS_nobam_best_fit.txt",
                "subclonal_deconvolution/pyclonevi/SCOUT/SPN01_SS_nobam/SCOUT_SPN01_SS_nobam_cluster_table.csv",
                "subclonal_deconvolution/pyclonevi/SCOUT/SPN01_SS_nobam/SCOUT_SPN01_SS_nobam_pyclone_input.tsv",
                "subclonal_deconvolution/pyclonevi/SCOUT/SPN01_SS_nobam/SCOUT_SPN01_SS_nobam_pyclone_input_all_samples.tsv",
                "variant_annotation",
                "variant_annotation/vep",
                "variant_annotation/vep/SCOUT",
                "variant_annotation/vep/SCOUT/SPN01_MS",
                "variant_annotation/vep/SCOUT/SPN01_MS/SPN01_100X_0.9p_Sample_B",
                "variant_annotation/vep/SCOUT/SPN01_MS/SPN01_100X_0.9p_Sample_B/SCOUT_SPN01_MS_SPN01_100X_0.9p_Sample_B.annotated.vcf.gz",
                "variant_annotation/vep/SCOUT/SPN01_MS/SPN01_100X_0.9p_Sample_C",
                "variant_annotation/vep/SCOUT/SPN01_MS/SPN01_100X_0.9p_Sample_C/SCOUT_SPN01_MS_SPN01_100X_0.9p_Sample_C.annotated.vcf.gz",
                "variant_annotation/vep/SCOUT/SPN01_SS",
                "variant_annotation/vep/SCOUT/SPN01_SS/SPN01_100X_0.9p_Sample_B",
                "variant_annotation/vep/SCOUT/SPN01_SS/SPN01_100X_0.9p_Sample_B/SCOUT_SPN01_SS_SPN01_100X_0.9p_Sample_B.annotated.vcf.gz",
                "variant_annotation/vep/SCOUT/SPN01_SS/SPN01_100X_0.9p_Sample_C",
                "variant_annotation/vep/SCOUT/SPN01_SS/SPN01_100X_0.9p_Sample_C/SCOUT_SPN01_SS_SPN01_100X_0.9p_Sample_C.annotated.vcf.gz",
                "variant_annotation/vep/SCOUT/SPN01_SS_nobam",
                "variant_annotation/vep/SCOUT/SPN01_SS_nobam/SPN01_100X_0.9p_Sample_B",
                "variant_annotation/vep/SCOUT/SPN01_SS_nobam/SPN01_100X_0.9p_Sample_B/SCOUT_SPN01_SS_nobam_SPN01_100X_0.9p_Sample_B.annotated.vcf.gz",
                "variant_annotation/vep/SCOUT/SPN01_SS_nobam/SPN01_100X_0.9p_Sample_C",
                "variant_annotation/vep/SCOUT/SPN01_SS_nobam/SPN01_100X_0.9p_Sample_C/SCOUT_SPN01_SS_nobam_SPN01_100X_0.9p_Sample_C.annotated.vcf.gz"
            ]
        ],
        "meta": {
            "nf-test": "0.9.2",
            "nextflow": "25.10.0"
        },
        "timestamp": "2026-02-26T10:56:17.624429048"
    }
}