{
    "test-dataset_full": {
        "content": [
            74,
            null,
            [
                "bcftools",
                "bcftools/filter",
                "bcftools/filter/SCOUT",
                "bcftools/filter/SCOUT/SPN01_MS",
                "bcftools/filter/SCOUT/SPN01_MS/SPN01_100X_0.9p_Sample_B",
                "bcftools/filter/SCOUT/SPN01_MS/SPN01_100X_0.9p_Sample_B/SCOUT_SPN01_MS_SPN01_100X_0.9p_Sample_B.vcf.gz",
                "bcftools/filter/SCOUT/SPN01_MS/SPN01_100X_0.9p_Sample_B/SCOUT_SPN01_MS_SPN01_100X_0.9p_Sample_B.vcf.gz.tbi",
                "bcftools/filter/SCOUT/SPN01_MS/SPN01_100X_0.9p_Sample_C",
                "bcftools/filter/SCOUT/SPN01_MS/SPN01_100X_0.9p_Sample_C/SCOUT_SPN01_MS_SPN01_100X_0.9p_Sample_C.vcf.gz",
                "bcftools/filter/SCOUT/SPN01_MS/SPN01_100X_0.9p_Sample_C/SCOUT_SPN01_MS_SPN01_100X_0.9p_Sample_C.vcf.gz.tbi",
                "bcftools/filter/SCOUT/SPN01_SS",
                "bcftools/filter/SCOUT/SPN01_SS/SPN01_100X_0.9p_Sample_B",
                "bcftools/filter/SCOUT/SPN01_SS/SPN01_100X_0.9p_Sample_B/SCOUT_SPN01_SS_SPN01_100X_0.9p_Sample_B.vcf.gz",
                "bcftools/filter/SCOUT/SPN01_SS/SPN01_100X_0.9p_Sample_B/SCOUT_SPN01_SS_SPN01_100X_0.9p_Sample_B.vcf.gz.tbi",
                "bcftools/filter/SCOUT/SPN01_SS/SPN01_100X_0.9p_Sample_C",
                "bcftools/filter/SCOUT/SPN01_SS/SPN01_100X_0.9p_Sample_C/SCOUT_SPN01_SS_SPN01_100X_0.9p_Sample_C.vcf.gz",
                "bcftools/filter/SCOUT/SPN01_SS/SPN01_100X_0.9p_Sample_C/SCOUT_SPN01_SS_SPN01_100X_0.9p_Sample_C.vcf.gz.tbi",
                "bcftools/filter/SCOUT/SPN01_SS_nobam",
                "bcftools/filter/SCOUT/SPN01_SS_nobam/SPN01_100X_0.9p_Sample_B",
                "bcftools/filter/SCOUT/SPN01_SS_nobam/SPN01_100X_0.9p_Sample_B/SCOUT_SPN01_SS_nobam_SPN01_100X_0.9p_Sample_B.vcf.gz",
                "bcftools/filter/SCOUT/SPN01_SS_nobam/SPN01_100X_0.9p_Sample_B/SCOUT_SPN01_SS_nobam_SPN01_100X_0.9p_Sample_B.vcf.gz.tbi",
                "bcftools/filter/SCOUT/SPN01_SS_nobam/SPN01_100X_0.9p_Sample_C",
                "bcftools/filter/SCOUT/SPN01_SS_nobam/SPN01_100X_0.9p_Sample_C/SCOUT_SPN01_SS_nobam_SPN01_100X_0.9p_Sample_C.vcf.gz",
                "bcftools/filter/SCOUT/SPN01_SS_nobam/SPN01_100X_0.9p_Sample_C/SCOUT_SPN01_SS_nobam_SPN01_100X_0.9p_Sample_C.vcf.gz.tbi",
                "driver_annotation",
                "driver_annotation/annotate_driver",
                "driver_annotation/annotate_driver/SCOUT",
                "driver_annotation/annotate_driver/SCOUT/SPN01_MS",
                "driver_annotation/annotate_driver/SCOUT/SPN01_MS/SPN01_100X_0.9p_Sample_B",
                "driver_annotation/annotate_driver/SCOUT/SPN01_MS/SPN01_100X_0.9p_Sample_B/SCOUT_SPN01_MS_SPN01_100X_0.9p_Sample_B_driver.rds",
                "driver_annotation/annotate_driver/SCOUT/SPN01_MS/SPN01_100X_0.9p_Sample_C",
                "driver_annotation/annotate_driver/SCOUT/SPN01_MS/SPN01_100X_0.9p_Sample_C/SCOUT_SPN01_MS_SPN01_100X_0.9p_Sample_C_driver.rds",
                "driver_annotation/annotate_driver/SCOUT/SPN01_SS",
                "driver_annotation/annotate_driver/SCOUT/SPN01_SS/SPN01_100X_0.9p_Sample_B",
                "driver_annotation/annotate_driver/SCOUT/SPN01_SS/SPN01_100X_0.9p_Sample_B/SCOUT_SPN01_SS_SPN01_100X_0.9p_Sample_B_driver.rds",
                "driver_annotation/annotate_driver/SCOUT/SPN01_SS/SPN01_100X_0.9p_Sample_C",
                "driver_annotation/annotate_driver/SCOUT/SPN01_SS/SPN01_100X_0.9p_Sample_C/SCOUT_SPN01_SS_SPN01_100X_0.9p_Sample_C_driver.rds",
                "driver_annotation/annotate_driver/SCOUT/SPN01_SS_nobam",
                "driver_annotation/annotate_driver/SCOUT/SPN01_SS_nobam/SPN01_100X_0.9p_Sample_B",
                "driver_annotation/annotate_driver/SCOUT/SPN01_SS_nobam/SPN01_100X_0.9p_Sample_B/SCOUT_SPN01_SS_nobam_SPN01_100X_0.9p_Sample_B_driver.rds",
                "driver_annotation/annotate_driver/SCOUT/SPN01_SS_nobam/SPN01_100X_0.9p_Sample_C",
                "driver_annotation/annotate_driver/SCOUT/SPN01_SS_nobam/SPN01_100X_0.9p_Sample_C/SCOUT_SPN01_SS_nobam_SPN01_100X_0.9p_Sample_C_driver.rds",
                "formatter",
                "formatter/cna2cnaqc",
                "formatter/cna2cnaqc/SCOUT",
                "formatter/cna2cnaqc/SCOUT/SPN01_MS",
                "formatter/cna2cnaqc/SCOUT/SPN01_MS/SPN01_100X_0.9p_Sample_B",
                "formatter/cna2cnaqc/SCOUT/SPN01_MS/SPN01_100X_0.9p_Sample_B/SCOUT_SPN01_MS_SPN01_100X_0.9p_Sample_B_cna.rds",
                "formatter/cna2cnaqc/SCOUT/SPN01_MS/SPN01_100X_0.9p_Sample_C",
                "formatter/cna2cnaqc/SCOUT/SPN01_MS/SPN01_100X_0.9p_Sample_C/SCOUT_SPN01_MS_SPN01_100X_0.9p_Sample_C_cna.rds",
                "formatter/cna2cnaqc/SCOUT/SPN01_SS",
                "formatter/cna2cnaqc/SCOUT/SPN01_SS/SPN01_100X_0.9p_Sample_B",
                "formatter/cna2cnaqc/SCOUT/SPN01_SS/SPN01_100X_0.9p_Sample_B/SCOUT_SPN01_SS_SPN01_100X_0.9p_Sample_B_cna.rds",
                "formatter/cna2cnaqc/SCOUT/SPN01_SS/SPN01_100X_0.9p_Sample_C",
                "formatter/cna2cnaqc/SCOUT/SPN01_SS/SPN01_100X_0.9p_Sample_C/SCOUT_SPN01_SS_SPN01_100X_0.9p_Sample_C_cna.rds",
                "formatter/cna2cnaqc/SCOUT/SPN01_SS_nobam",
                "formatter/cna2cnaqc/SCOUT/SPN01_SS_nobam/SPN01_100X_0.9p_Sample_B",
                "formatter/cna2cnaqc/SCOUT/SPN01_SS_nobam/SPN01_100X_0.9p_Sample_B/SCOUT_SPN01_SS_nobam_SPN01_100X_0.9p_Sample_B_cna.rds",
                "formatter/cna2cnaqc/SCOUT/SPN01_SS_nobam/SPN01_100X_0.9p_Sample_C",
                "formatter/cna2cnaqc/SCOUT/SPN01_SS_nobam/SPN01_100X_0.9p_Sample_C/SCOUT_SPN01_SS_nobam_SPN01_100X_0.9p_Sample_C_cna.rds",
                "formatter/cnaqc2tsv",
                "formatter/cnaqc2tsv/SCOUT",
                "formatter/cnaqc2tsv/SCOUT/SPN01_MS",
                "formatter/cnaqc2tsv/SCOUT/SPN01_MS/SCOUT_SPN01_MS_joint_table.tsv",
                "formatter/cnaqc2tsv/SCOUT/SPN01_SS",
                "formatter/cnaqc2tsv/SCOUT/SPN01_SS/SCOUT_SPN01_SS_joint_table.tsv",
                "formatter/cnaqc2tsv/SCOUT/SPN01_SS_nobam",
                "formatter/cnaqc2tsv/SCOUT/SPN01_SS_nobam/SCOUT_SPN01_SS_nobam_joint_table.tsv",
                "formatter/vcf2cnaqc",
                "formatter/vcf2cnaqc/SCOUT",
                "formatter/vcf2cnaqc/SCOUT/SPN01_MS",
                "formatter/vcf2cnaqc/SCOUT/SPN01_MS/SPN01_100X_0.9p_Sample_B",
                "formatter/vcf2cnaqc/SCOUT/SPN01_MS/SPN01_100X_0.9p_Sample_B/SCOUT_SPN01_MS_SPN01_100X_0.9p_Sample_B_snv.rds",
                "formatter/vcf2cnaqc/SCOUT/SPN01_MS/SPN01_100X_0.9p_Sample_C",
                "formatter/vcf2cnaqc/SCOUT/SPN01_MS/SPN01_100X_0.9p_Sample_C/SCOUT_SPN01_MS_SPN01_100X_0.9p_Sample_C_snv.rds",
                "formatter/vcf2cnaqc/SCOUT/SPN01_SS",
                "formatter/vcf2cnaqc/SCOUT/SPN01_SS/SPN01_100X_0.9p_Sample_B",
                "formatter/vcf2cnaqc/SCOUT/SPN01_SS/SPN01_100X_0.9p_Sample_B/SCOUT_SPN01_SS_SPN01_100X_0.9p_Sample_B_snv.rds",
                "formatter/vcf2cnaqc/SCOUT/SPN01_SS/SPN01_100X_0.9p_Sample_C",
                "formatter/vcf2cnaqc/SCOUT/SPN01_SS/SPN01_100X_0.9p_Sample_C/SCOUT_SPN01_SS_SPN01_100X_0.9p_Sample_C_snv.rds",
                "formatter/vcf2cnaqc/SCOUT/SPN01_SS_nobam",
                "formatter/vcf2cnaqc/SCOUT/SPN01_SS_nobam/SPN01_100X_0.9p_Sample_B",
                "formatter/vcf2cnaqc/SCOUT/SPN01_SS_nobam/SPN01_100X_0.9p_Sample_B/SCOUT_SPN01_SS_nobam_SPN01_100X_0.9p_Sample_B_snv.rds",
                "formatter/vcf2cnaqc/SCOUT/SPN01_SS_nobam/SPN01_100X_0.9p_Sample_C",
                "formatter/vcf2cnaqc/SCOUT/SPN01_SS_nobam/SPN01_100X_0.9p_Sample_C/SCOUT_SPN01_SS_nobam_SPN01_100X_0.9p_Sample_C_snv.rds",
                "lifter",
                "lifter/mpileup",
                "lifter/mpileup/SCOUT",
                "lifter/mpileup/SCOUT/SPN01_SS",
                "lifter/mpileup/SCOUT/SPN01_SS/SPN01_100X_0.9p_Sample_B",
                "lifter/mpileup/SCOUT/SPN01_SS/SPN01_100X_0.9p_Sample_B/SCOUT_SPN01_SS_SPN01_100X_0.9p_Sample_B.bcftools_stats.txt",
                "lifter/mpileup/SCOUT/SPN01_SS/SPN01_100X_0.9p_Sample_B/SCOUT_SPN01_SS_SPN01_100X_0.9p_Sample_B.vcf.gz",
                "lifter/mpileup/SCOUT/SPN01_SS/SPN01_100X_0.9p_Sample_B/SCOUT_SPN01_SS_SPN01_100X_0.9p_Sample_B.vcf.gz.tbi",
                "lifter/mpileup/SCOUT/SPN01_SS/SPN01_100X_0.9p_Sample_C",
                "lifter/mpileup/SCOUT/SPN01_SS/SPN01_100X_0.9p_Sample_C/SCOUT_SPN01_SS_SPN01_100X_0.9p_Sample_C.bcftools_stats.txt",
                "lifter/mpileup/SCOUT/SPN01_SS/SPN01_100X_0.9p_Sample_C/SCOUT_SPN01_SS_SPN01_100X_0.9p_Sample_C.vcf.gz",
                "lifter/mpileup/SCOUT/SPN01_SS/SPN01_100X_0.9p_Sample_C/SCOUT_SPN01_SS_SPN01_100X_0.9p_Sample_C.vcf.gz.tbi",
                "lifter/positions",
                "lifter/positions/SCOUT",
                "lifter/positions/SCOUT/SPN01_SS",
                "lifter/positions/SCOUT/SPN01_SS/SCOUT_SPN01_SS_all_positions.rds",
                "lifter/positions/SCOUT/SPN01_SS/SPN01_100X_0.9p_Sample_B",
                "lifter/positions/SCOUT/SPN01_SS/SPN01_100X_0.9p_Sample_B/SCOUT_SPN01_SS_SPN01_100X_0.9p_Sample_B_pileup_VCF.rds",
                "lifter/positions/SCOUT/SPN01_SS/SPN01_100X_0.9p_Sample_B_positions_missing",
                "lifter/positions/SCOUT/SPN01_SS/SPN01_100X_0.9p_Sample_C",
                "lifter/positions/SCOUT/SPN01_SS/SPN01_100X_0.9p_Sample_C/SCOUT_SPN01_SS_SPN01_100X_0.9p_Sample_C_pileup_VCF.rds",
                "lifter/positions/SCOUT/SPN01_SS/SPN01_100X_0.9p_Sample_C_positions_missing",
                "lifter/positions/SCOUT/SPN01_SS/versions.yml",
                "pipeline_info",
                "qc",
                "qc/cnaqc",
                "qc/cnaqc/SCOUT",
                "qc/cnaqc/SCOUT/SPN01_MS",
                "qc/cnaqc/SCOUT/SPN01_MS/SPN01_100X_0.9p_Sample_B",
                "qc/cnaqc/SCOUT/SPN01_MS/SPN01_100X_0.9p_Sample_B/SCOUT_SPN01_MS_SPN01_100X_0.9p_Sample_B_data.pdf",
                "qc/cnaqc/SCOUT/SPN01_MS/SPN01_100X_0.9p_Sample_B/SCOUT_SPN01_MS_SPN01_100X_0.9p_Sample_B_data_plot.rds",
                "qc/cnaqc/SCOUT/SPN01_MS/SPN01_100X_0.9p_Sample_B/SCOUT_SPN01_MS_SPN01_100X_0.9p_Sample_B_qc.pdf",
                "qc/cnaqc/SCOUT/SPN01_MS/SPN01_100X_0.9p_Sample_B/SCOUT_SPN01_MS_SPN01_100X_0.9p_Sample_B_qc.rds",
                "qc/cnaqc/SCOUT/SPN01_MS/SPN01_100X_0.9p_Sample_B/SCOUT_SPN01_MS_SPN01_100X_0.9p_Sample_B_qc_plot.rds",
                "qc/cnaqc/SCOUT/SPN01_MS/SPN01_100X_0.9p_Sample_C",
                "qc/cnaqc/SCOUT/SPN01_MS/SPN01_100X_0.9p_Sample_C/SCOUT_SPN01_MS_SPN01_100X_0.9p_Sample_C_data.pdf",
                "qc/cnaqc/SCOUT/SPN01_MS/SPN01_100X_0.9p_Sample_C/SCOUT_SPN01_MS_SPN01_100X_0.9p_Sample_C_data_plot.rds",
                "qc/cnaqc/SCOUT/SPN01_MS/SPN01_100X_0.9p_Sample_C/SCOUT_SPN01_MS_SPN01_100X_0.9p_Sample_C_qc.pdf",
                "qc/cnaqc/SCOUT/SPN01_MS/SPN01_100X_0.9p_Sample_C/SCOUT_SPN01_MS_SPN01_100X_0.9p_Sample_C_qc.rds",
                "qc/cnaqc/SCOUT/SPN01_MS/SPN01_100X_0.9p_Sample_C/SCOUT_SPN01_MS_SPN01_100X_0.9p_Sample_C_qc_plot.rds",
                "qc/cnaqc/SCOUT/SPN01_SS",
                "qc/cnaqc/SCOUT/SPN01_SS/SPN01_100X_0.9p_Sample_B",
                "qc/cnaqc/SCOUT/SPN01_SS/SPN01_100X_0.9p_Sample_B/SCOUT_SPN01_SS_SPN01_100X_0.9p_Sample_B_data.pdf",
                "qc/cnaqc/SCOUT/SPN01_SS/SPN01_100X_0.9p_Sample_B/SCOUT_SPN01_SS_SPN01_100X_0.9p_Sample_B_data_plot.rds",
                "qc/cnaqc/SCOUT/SPN01_SS/SPN01_100X_0.9p_Sample_B/SCOUT_SPN01_SS_SPN01_100X_0.9p_Sample_B_qc.pdf",
                "qc/cnaqc/SCOUT/SPN01_SS/SPN01_100X_0.9p_Sample_B/SCOUT_SPN01_SS_SPN01_100X_0.9p_Sample_B_qc.rds",
                "qc/cnaqc/SCOUT/SPN01_SS/SPN01_100X_0.9p_Sample_B/SCOUT_SPN01_SS_SPN01_100X_0.9p_Sample_B_qc_plot.rds",
                "qc/cnaqc/SCOUT/SPN01_SS/SPN01_100X_0.9p_Sample_C",
                "qc/cnaqc/SCOUT/SPN01_SS/SPN01_100X_0.9p_Sample_C/SCOUT_SPN01_SS_SPN01_100X_0.9p_Sample_C_data.pdf",
                "qc/cnaqc/SCOUT/SPN01_SS/SPN01_100X_0.9p_Sample_C/SCOUT_SPN01_SS_SPN01_100X_0.9p_Sample_C_data_plot.rds",
                "qc/cnaqc/SCOUT/SPN01_SS/SPN01_100X_0.9p_Sample_C/SCOUT_SPN01_SS_SPN01_100X_0.9p_Sample_C_qc.pdf",
                "qc/cnaqc/SCOUT/SPN01_SS/SPN01_100X_0.9p_Sample_C/SCOUT_SPN01_SS_SPN01_100X_0.9p_Sample_C_qc.rds",
                "qc/cnaqc/SCOUT/SPN01_SS/SPN01_100X_0.9p_Sample_C/SCOUT_SPN01_SS_SPN01_100X_0.9p_Sample_C_qc_plot.rds",
                "qc/cnaqc/SCOUT/SPN01_SS_nobam",
                "qc/cnaqc/SCOUT/SPN01_SS_nobam/SPN01_100X_0.9p_Sample_B",
                "qc/cnaqc/SCOUT/SPN01_SS_nobam/SPN01_100X_0.9p_Sample_B/SCOUT_SPN01_SS_nobam_SPN01_100X_0.9p_Sample_B_data.pdf",
                "qc/cnaqc/SCOUT/SPN01_SS_nobam/SPN01_100X_0.9p_Sample_B/SCOUT_SPN01_SS_nobam_SPN01_100X_0.9p_Sample_B_data_plot.rds",
                "qc/cnaqc/SCOUT/SPN01_SS_nobam/SPN01_100X_0.9p_Sample_B/SCOUT_SPN01_SS_nobam_SPN01_100X_0.9p_Sample_B_qc.pdf",
                "qc/cnaqc/SCOUT/SPN01_SS_nobam/SPN01_100X_0.9p_Sample_B/SCOUT_SPN01_SS_nobam_SPN01_100X_0.9p_Sample_B_qc.rds",
                "qc/cnaqc/SCOUT/SPN01_SS_nobam/SPN01_100X_0.9p_Sample_B/SCOUT_SPN01_SS_nobam_SPN01_100X_0.9p_Sample_B_qc_plot.rds",
                "qc/cnaqc/SCOUT/SPN01_SS_nobam/SPN01_100X_0.9p_Sample_C",
                "qc/cnaqc/SCOUT/SPN01_SS_nobam/SPN01_100X_0.9p_Sample_C/SCOUT_SPN01_SS_nobam_SPN01_100X_0.9p_Sample_C_data.pdf",
                "qc/cnaqc/SCOUT/SPN01_SS_nobam/SPN01_100X_0.9p_Sample_C/SCOUT_SPN01_SS_nobam_SPN01_100X_0.9p_Sample_C_data_plot.rds",
                "qc/cnaqc/SCOUT/SPN01_SS_nobam/SPN01_100X_0.9p_Sample_C/SCOUT_SPN01_SS_nobam_SPN01_100X_0.9p_Sample_C_qc.pdf",
                "qc/cnaqc/SCOUT/SPN01_SS_nobam/SPN01_100X_0.9p_Sample_C/SCOUT_SPN01_SS_nobam_SPN01_100X_0.9p_Sample_C_qc.rds",
                "qc/cnaqc/SCOUT/SPN01_SS_nobam/SPN01_100X_0.9p_Sample_C/SCOUT_SPN01_SS_nobam_SPN01_100X_0.9p_Sample_C_qc_plot.rds",
                "qc/join_cnaqc",
                "qc/join_cnaqc/SCOUT",
                "qc/join_cnaqc/SCOUT/SPN01_MS",
                "qc/join_cnaqc/SCOUT/SPN01_MS/SCOUT_SPN01_MS_multi_cnaqc_ALL.rds",
                "qc/join_cnaqc/SCOUT/SPN01_MS/SCOUT_SPN01_MS_multi_cnaqc_PASS.rds",
                "qc/join_cnaqc/SCOUT/SPN01_SS",
                "qc/join_cnaqc/SCOUT/SPN01_SS/SCOUT_SPN01_SS_multi_cnaqc_ALL.rds",
                "qc/join_cnaqc/SCOUT/SPN01_SS/SCOUT_SPN01_SS_multi_cnaqc_PASS.rds",
                "qc/join_cnaqc/SCOUT/SPN01_SS_nobam",
                "qc/join_cnaqc/SCOUT/SPN01_SS_nobam/SCOUT_SPN01_SS_nobam_multi_cnaqc_ALL.rds",
                "qc/join_cnaqc/SCOUT/SPN01_SS_nobam/SCOUT_SPN01_SS_nobam_multi_cnaqc_PASS.rds",
                "qc/tinc",
                "qc/tinc/SCOUT",
                "qc/tinc/SCOUT/SPN01_MS",
                "qc/tinc/SCOUT/SPN01_MS/SPN01_100X_0.9p_Sample_B",
                "qc/tinc/SCOUT/SPN01_MS/SPN01_100X_0.9p_Sample_B/SCOUT_SPN01_MS_SPN01_100X_0.9p_Sample_B_fit.rds",
                "qc/tinc/SCOUT/SPN01_MS/SPN01_100X_0.9p_Sample_B/SCOUT_SPN01_MS_SPN01_100X_0.9p_Sample_B_plot.pdf",
                "qc/tinc/SCOUT/SPN01_MS/SPN01_100X_0.9p_Sample_B/SCOUT_SPN01_MS_SPN01_100X_0.9p_Sample_B_plot.rds",
                "qc/tinc/SCOUT/SPN01_MS/SPN01_100X_0.9p_Sample_B/SCOUT_SPN01_MS_SPN01_100X_0.9p_Sample_B_qc.csv",
                "qc/tinc/SCOUT/SPN01_MS/SPN01_100X_0.9p_Sample_C",
                "qc/tinc/SCOUT/SPN01_MS/SPN01_100X_0.9p_Sample_C/SCOUT_SPN01_MS_SPN01_100X_0.9p_Sample_C_fit.rds",
                "qc/tinc/SCOUT/SPN01_MS/SPN01_100X_0.9p_Sample_C/SCOUT_SPN01_MS_SPN01_100X_0.9p_Sample_C_plot.pdf",
                "qc/tinc/SCOUT/SPN01_MS/SPN01_100X_0.9p_Sample_C/SCOUT_SPN01_MS_SPN01_100X_0.9p_Sample_C_plot.rds",
                "qc/tinc/SCOUT/SPN01_MS/SPN01_100X_0.9p_Sample_C/SCOUT_SPN01_MS_SPN01_100X_0.9p_Sample_C_qc.csv",
                "qc/tinc/SCOUT/SPN01_SS",
                "qc/tinc/SCOUT/SPN01_SS/SPN01_100X_0.9p_Sample_B",
                "qc/tinc/SCOUT/SPN01_SS/SPN01_100X_0.9p_Sample_B/SCOUT_SPN01_SS_SPN01_100X_0.9p_Sample_B_fit.rds",
                "qc/tinc/SCOUT/SPN01_SS/SPN01_100X_0.9p_Sample_B/SCOUT_SPN01_SS_SPN01_100X_0.9p_Sample_B_plot.pdf",
                "qc/tinc/SCOUT/SPN01_SS/SPN01_100X_0.9p_Sample_B/SCOUT_SPN01_SS_SPN01_100X_0.9p_Sample_B_plot.rds",
                "qc/tinc/SCOUT/SPN01_SS/SPN01_100X_0.9p_Sample_B/SCOUT_SPN01_SS_SPN01_100X_0.9p_Sample_B_qc.csv",
                "qc/tinc/SCOUT/SPN01_SS/SPN01_100X_0.9p_Sample_C",
                "qc/tinc/SCOUT/SPN01_SS/SPN01_100X_0.9p_Sample_C/SCOUT_SPN01_SS_SPN01_100X_0.9p_Sample_C_fit.rds",
                "qc/tinc/SCOUT/SPN01_SS/SPN01_100X_0.9p_Sample_C/SCOUT_SPN01_SS_SPN01_100X_0.9p_Sample_C_plot.pdf",
                "qc/tinc/SCOUT/SPN01_SS/SPN01_100X_0.9p_Sample_C/SCOUT_SPN01_SS_SPN01_100X_0.9p_Sample_C_plot.rds",
                "qc/tinc/SCOUT/SPN01_SS/SPN01_100X_0.9p_Sample_C/SCOUT_SPN01_SS_SPN01_100X_0.9p_Sample_C_qc.csv",
                "qc/tinc/SCOUT/SPN01_SS_nobam",
                "qc/tinc/SCOUT/SPN01_SS_nobam/SPN01_100X_0.9p_Sample_B",
                "qc/tinc/SCOUT/SPN01_SS_nobam/SPN01_100X_0.9p_Sample_B/SCOUT_SPN01_SS_nobam_SPN01_100X_0.9p_Sample_B_fit.rds",
                "qc/tinc/SCOUT/SPN01_SS_nobam/SPN01_100X_0.9p_Sample_B/SCOUT_SPN01_SS_nobam_SPN01_100X_0.9p_Sample_B_plot.pdf",
                "qc/tinc/SCOUT/SPN01_SS_nobam/SPN01_100X_0.9p_Sample_B/SCOUT_SPN01_SS_nobam_SPN01_100X_0.9p_Sample_B_plot.rds",
                "qc/tinc/SCOUT/SPN01_SS_nobam/SPN01_100X_0.9p_Sample_B/SCOUT_SPN01_SS_nobam_SPN01_100X_0.9p_Sample_B_qc.csv",
                "qc/tinc/SCOUT/SPN01_SS_nobam/SPN01_100X_0.9p_Sample_C",
                "qc/tinc/SCOUT/SPN01_SS_nobam/SPN01_100X_0.9p_Sample_C/SCOUT_SPN01_SS_nobam_SPN01_100X_0.9p_Sample_C_fit.rds",
                "qc/tinc/SCOUT/SPN01_SS_nobam/SPN01_100X_0.9p_Sample_C/SCOUT_SPN01_SS_nobam_SPN01_100X_0.9p_Sample_C_plot.pdf",
                "qc/tinc/SCOUT/SPN01_SS_nobam/SPN01_100X_0.9p_Sample_C/SCOUT_SPN01_SS_nobam_SPN01_100X_0.9p_Sample_C_plot.rds",
                "qc/tinc/SCOUT/SPN01_SS_nobam/SPN01_100X_0.9p_Sample_C/SCOUT_SPN01_SS_nobam_SPN01_100X_0.9p_Sample_C_qc.csv",
                "references",
                "references/vep",
                "references/vep/vep.tar",
                "references/vep/vep.tar/Homo_sapiens",
                "references/vep/vep.tar/Homo_sapiens/110_GRCh38",
                "references/vep/vep.tar/Homo_sapiens/110_GRCh38/17",
                "references/vep/vep.tar/Homo_sapiens/110_GRCh38/17/10000001-11000000.gz",
                "references/vep/vep.tar/Homo_sapiens/110_GRCh38/17/10000001-11000000_reg.gz",
                "references/vep/vep.tar/Homo_sapiens/110_GRCh38/17/1000001-2000000.gz",
                "references/vep/vep.tar/Homo_sapiens/110_GRCh38/17/1000001-2000000_reg.gz",
                "references/vep/vep.tar/Homo_sapiens/110_GRCh38/17/12000001-13000000.gz",
                "references/vep/vep.tar/Homo_sapiens/110_GRCh38/17/12000001-13000000_reg.gz",
                "references/vep/vep.tar/Homo_sapiens/110_GRCh38/17/15000001-16000000.gz",
                "references/vep/vep.tar/Homo_sapiens/110_GRCh38/17/15000001-16000000_reg.gz",
                "references/vep/vep.tar/Homo_sapiens/110_GRCh38/17/17000001-18000000.gz",
                "references/vep/vep.tar/Homo_sapiens/110_GRCh38/17/17000001-18000000_reg.gz",
                "references/vep/vep.tar/Homo_sapiens/110_GRCh38/17/2000001-3000000.gz",
                "references/vep/vep.tar/Homo_sapiens/110_GRCh38/17/2000001-3000000_reg.gz",
                "references/vep/vep.tar/Homo_sapiens/110_GRCh38/17/22000001-23000000.gz",
                "references/vep/vep.tar/Homo_sapiens/110_GRCh38/17/22000001-23000000_reg.gz",
                "references/vep/vep.tar/Homo_sapiens/110_GRCh38/17/30000001-31000000.gz",
                "references/vep/vep.tar/Homo_sapiens/110_GRCh38/17/30000001-31000000_reg.gz",
                "references/vep/vep.tar/Homo_sapiens/110_GRCh38/17/31000001-32000000.gz",
                "references/vep/vep.tar/Homo_sapiens/110_GRCh38/17/31000001-32000000_reg.gz",
                "references/vep/vep.tar/Homo_sapiens/110_GRCh38/17/34000001-35000000.gz",
                "references/vep/vep.tar/Homo_sapiens/110_GRCh38/17/34000001-35000000_reg.gz",
                "references/vep/vep.tar/Homo_sapiens/110_GRCh38/17/35000001-36000000.gz",
                "references/vep/vep.tar/Homo_sapiens/110_GRCh38/17/35000001-36000000_reg.gz",
                "references/vep/vep.tar/Homo_sapiens/110_GRCh38/17/40000001-41000000.gz",
                "references/vep/vep.tar/Homo_sapiens/110_GRCh38/17/40000001-41000000_reg.gz",
                "references/vep/vep.tar/Homo_sapiens/110_GRCh38/17/4000001-5000000.gz",
                "references/vep/vep.tar/Homo_sapiens/110_GRCh38/17/4000001-5000000_reg.gz",
                "references/vep/vep.tar/Homo_sapiens/110_GRCh38/17/42000001-43000000.gz",
                "references/vep/vep.tar/Homo_sapiens/110_GRCh38/17/42000001-43000000_reg.gz",
                "references/vep/vep.tar/Homo_sapiens/110_GRCh38/17/47000001-48000000.gz",
                "references/vep/vep.tar/Homo_sapiens/110_GRCh38/17/47000001-48000000_reg.gz",
                "references/vep/vep.tar/Homo_sapiens/110_GRCh38/17/48000001-49000000.gz",
                "references/vep/vep.tar/Homo_sapiens/110_GRCh38/17/48000001-49000000_reg.gz",
                "references/vep/vep.tar/Homo_sapiens/110_GRCh38/17/49000001-50000000.gz",
                "references/vep/vep.tar/Homo_sapiens/110_GRCh38/17/49000001-50000000_reg.gz",
                "references/vep/vep.tar/Homo_sapiens/110_GRCh38/17/5000001-6000000.gz",
                "references/vep/vep.tar/Homo_sapiens/110_GRCh38/17/5000001-6000000_reg.gz",
                "references/vep/vep.tar/Homo_sapiens/110_GRCh38/17/52000001-53000000.gz",
                "references/vep/vep.tar/Homo_sapiens/110_GRCh38/17/52000001-53000000_reg.gz",
                "references/vep/vep.tar/Homo_sapiens/110_GRCh38/17/53000001-54000000.gz",
                "references/vep/vep.tar/Homo_sapiens/110_GRCh38/17/53000001-54000000_reg.gz",
                "references/vep/vep.tar/Homo_sapiens/110_GRCh38/17/60000001-61000000.gz",
                "references/vep/vep.tar/Homo_sapiens/110_GRCh38/17/60000001-61000000_reg.gz",
                "references/vep/vep.tar/Homo_sapiens/110_GRCh38/17/63000001-64000000.gz",
                "references/vep/vep.tar/Homo_sapiens/110_GRCh38/17/63000001-64000000_reg.gz",
                "references/vep/vep.tar/Homo_sapiens/110_GRCh38/17/68000001-69000000.gz",
                "references/vep/vep.tar/Homo_sapiens/110_GRCh38/17/68000001-69000000_reg.gz",
                "references/vep/vep.tar/Homo_sapiens/110_GRCh38/17/70000001-71000000.gz",
                "references/vep/vep.tar/Homo_sapiens/110_GRCh38/17/70000001-71000000_reg.gz",
                "references/vep/vep.tar/Homo_sapiens/110_GRCh38/17/7000001-8000000.gz",
                "references/vep/vep.tar/Homo_sapiens/110_GRCh38/17/7000001-8000000_reg.gz",
                "references/vep/vep.tar/Homo_sapiens/110_GRCh38/17/78000001-79000000.gz",
                "references/vep/vep.tar/Homo_sapiens/110_GRCh38/17/78000001-79000000_reg.gz",
                "references/vep/vep.tar/Homo_sapiens/110_GRCh38/17/80000001-81000000.gz",
                "references/vep/vep.tar/Homo_sapiens/110_GRCh38/17/80000001-81000000_reg.gz",
                "references/vep/vep.tar/Homo_sapiens/110_GRCh38/17/8000001-9000000.gz",
                "references/vep/vep.tar/Homo_sapiens/110_GRCh38/17/8000001-9000000_reg.gz",
                "references/vep/vep.tar/Homo_sapiens/110_GRCh38/17/81000001-82000000.gz",
                "references/vep/vep.tar/Homo_sapiens/110_GRCh38/17/81000001-82000000_reg.gz",
                "references/vep/vep.tar/Homo_sapiens/110_GRCh38/17/82000001-83000000.gz",
                "references/vep/vep.tar/Homo_sapiens/110_GRCh38/17/82000001-83000000_reg.gz",
                "references/vep/vep.tar/Homo_sapiens/110_GRCh38/17/9000001-10000000.gz",
                "references/vep/vep.tar/Homo_sapiens/110_GRCh38/17/9000001-10000000_reg.gz",
                "references/vep/vep.tar/Homo_sapiens/110_GRCh38/17/all_var.gz",
                "references/vep/vep.tar/Homo_sapiens/110_GRCh38/chr_synonyms.txt",
                "references/vep/vep.tar/Homo_sapiens/110_GRCh38/info.txt",
                "references/vep/versions.yml",
                "subclonal_deconvolution",
                "subclonal_deconvolution/ctree",
                "subclonal_deconvolution/ctree/SCOUT",
                "subclonal_deconvolution/ctree/SCOUT/SPN01_MS",
                "subclonal_deconvolution/ctree/SCOUT/SPN01_MS/SCOUT_SPN01_MS_ctree_pyclonevi.rds",
                "subclonal_deconvolution/ctree/SCOUT/SPN01_MS/SCOUT_SPN01_MS_ctree_pyclonevi_plots.rds",
                "subclonal_deconvolution/ctree/SCOUT/SPN01_MS/SCOUT_SPN01_MS_ctree_pyclonevi_report.pdf",
                "subclonal_deconvolution/ctree/SCOUT/SPN01_MS/SCOUT_SPN01_MS_ctree_pyclonevi_report.png",
                "subclonal_deconvolution/ctree/SCOUT/SPN01_MS/SCOUT_SPN01_MS_ctree_pyclonevi_report.rds",
                "subclonal_deconvolution/ctree/SCOUT/SPN01_MS/SPN01_100X_0.9p_Sample_B",
                "subclonal_deconvolution/ctree/SCOUT/SPN01_MS/SPN01_100X_0.9p_Sample_B/SCOUT_SPN01_MS_SPN01_100X_0.9p_Sample_B_ctree_mobster.rds",
                "subclonal_deconvolution/ctree/SCOUT/SPN01_MS/SPN01_100X_0.9p_Sample_B/SCOUT_SPN01_MS_SPN01_100X_0.9p_Sample_B_ctree_mobster_plots.rds",
                "subclonal_deconvolution/ctree/SCOUT/SPN01_MS/SPN01_100X_0.9p_Sample_B/SCOUT_SPN01_MS_SPN01_100X_0.9p_Sample_B_ctree_mobster_report.pdf",
                "subclonal_deconvolution/ctree/SCOUT/SPN01_MS/SPN01_100X_0.9p_Sample_B/SCOUT_SPN01_MS_SPN01_100X_0.9p_Sample_B_ctree_mobster_report.png",
                "subclonal_deconvolution/ctree/SCOUT/SPN01_MS/SPN01_100X_0.9p_Sample_B/SCOUT_SPN01_MS_SPN01_100X_0.9p_Sample_B_ctree_mobster_report.rds",
                "subclonal_deconvolution/ctree/SCOUT/SPN01_MS/SPN01_100X_0.9p_Sample_C",
                "subclonal_deconvolution/ctree/SCOUT/SPN01_MS/SPN01_100X_0.9p_Sample_C/SCOUT_SPN01_MS_SPN01_100X_0.9p_Sample_C_ctree_mobster.rds",
                "subclonal_deconvolution/ctree/SCOUT/SPN01_MS/SPN01_100X_0.9p_Sample_C/SCOUT_SPN01_MS_SPN01_100X_0.9p_Sample_C_ctree_mobster_plots.rds",
                "subclonal_deconvolution/ctree/SCOUT/SPN01_MS/SPN01_100X_0.9p_Sample_C/SCOUT_SPN01_MS_SPN01_100X_0.9p_Sample_C_ctree_mobster_report.pdf",
                "subclonal_deconvolution/ctree/SCOUT/SPN01_MS/SPN01_100X_0.9p_Sample_C/SCOUT_SPN01_MS_SPN01_100X_0.9p_Sample_C_ctree_mobster_report.png",
                "subclonal_deconvolution/ctree/SCOUT/SPN01_MS/SPN01_100X_0.9p_Sample_C/SCOUT_SPN01_MS_SPN01_100X_0.9p_Sample_C_ctree_mobster_report.rds",
                "subclonal_deconvolution/ctree/SCOUT/SPN01_SS",
                "subclonal_deconvolution/ctree/SCOUT/SPN01_SS/SCOUT_SPN01_SS_ctree_pyclonevi.rds",
                "subclonal_deconvolution/ctree/SCOUT/SPN01_SS/SCOUT_SPN01_SS_ctree_pyclonevi_plots.rds",
                "subclonal_deconvolution/ctree/SCOUT/SPN01_SS/SCOUT_SPN01_SS_ctree_pyclonevi_report.pdf",
                "subclonal_deconvolution/ctree/SCOUT/SPN01_SS/SCOUT_SPN01_SS_ctree_pyclonevi_report.png",
                "subclonal_deconvolution/ctree/SCOUT/SPN01_SS/SCOUT_SPN01_SS_ctree_pyclonevi_report.rds",
                "subclonal_deconvolution/ctree/SCOUT/SPN01_SS/SPN01_100X_0.9p_Sample_B",
                "subclonal_deconvolution/ctree/SCOUT/SPN01_SS/SPN01_100X_0.9p_Sample_B/SCOUT_SPN01_SS_SPN01_100X_0.9p_Sample_B_ctree_mobster.rds",
                "subclonal_deconvolution/ctree/SCOUT/SPN01_SS/SPN01_100X_0.9p_Sample_B/SCOUT_SPN01_SS_SPN01_100X_0.9p_Sample_B_ctree_mobster_plots.rds",
                "subclonal_deconvolution/ctree/SCOUT/SPN01_SS/SPN01_100X_0.9p_Sample_B/SCOUT_SPN01_SS_SPN01_100X_0.9p_Sample_B_ctree_mobster_report.pdf",
                "subclonal_deconvolution/ctree/SCOUT/SPN01_SS/SPN01_100X_0.9p_Sample_B/SCOUT_SPN01_SS_SPN01_100X_0.9p_Sample_B_ctree_mobster_report.png",
                "subclonal_deconvolution/ctree/SCOUT/SPN01_SS/SPN01_100X_0.9p_Sample_B/SCOUT_SPN01_SS_SPN01_100X_0.9p_Sample_B_ctree_mobster_report.rds",
                "subclonal_deconvolution/ctree/SCOUT/SPN01_SS/SPN01_100X_0.9p_Sample_C",
                "subclonal_deconvolution/ctree/SCOUT/SPN01_SS/SPN01_100X_0.9p_Sample_C/SCOUT_SPN01_SS_SPN01_100X_0.9p_Sample_C_ctree_mobster.rds",
                "subclonal_deconvolution/ctree/SCOUT/SPN01_SS/SPN01_100X_0.9p_Sample_C/SCOUT_SPN01_SS_SPN01_100X_0.9p_Sample_C_ctree_mobster_plots.rds",
                "subclonal_deconvolution/ctree/SCOUT/SPN01_SS/SPN01_100X_0.9p_Sample_C/SCOUT_SPN01_SS_SPN01_100X_0.9p_Sample_C_ctree_mobster_report.pdf",
                "subclonal_deconvolution/ctree/SCOUT/SPN01_SS/SPN01_100X_0.9p_Sample_C/SCOUT_SPN01_SS_SPN01_100X_0.9p_Sample_C_ctree_mobster_report.png",
                "subclonal_deconvolution/ctree/SCOUT/SPN01_SS/SPN01_100X_0.9p_Sample_C/SCOUT_SPN01_SS_SPN01_100X_0.9p_Sample_C_ctree_mobster_report.rds",
                "subclonal_deconvolution/ctree/SCOUT/SPN01_SS_nobam",
                "subclonal_deconvolution/ctree/SCOUT/SPN01_SS_nobam/SCOUT_SPN01_SS_nobam_ctree_pyclonevi.rds",
                "subclonal_deconvolution/ctree/SCOUT/SPN01_SS_nobam/SCOUT_SPN01_SS_nobam_ctree_pyclonevi_plots.rds",
                "subclonal_deconvolution/ctree/SCOUT/SPN01_SS_nobam/SCOUT_SPN01_SS_nobam_ctree_pyclonevi_report.pdf",
                "subclonal_deconvolution/ctree/SCOUT/SPN01_SS_nobam/SCOUT_SPN01_SS_nobam_ctree_pyclonevi_report.png",
                "subclonal_deconvolution/ctree/SCOUT/SPN01_SS_nobam/SCOUT_SPN01_SS_nobam_ctree_pyclonevi_report.rds",
                "subclonal_deconvolution/ctree/SCOUT/SPN01_SS_nobam/SPN01_100X_0.9p_Sample_B",
                "subclonal_deconvolution/ctree/SCOUT/SPN01_SS_nobam/SPN01_100X_0.9p_Sample_B/SCOUT_SPN01_SS_nobam_SPN01_100X_0.9p_Sample_B_ctree_mobster.rds",
                "subclonal_deconvolution/ctree/SCOUT/SPN01_SS_nobam/SPN01_100X_0.9p_Sample_B/SCOUT_SPN01_SS_nobam_SPN01_100X_0.9p_Sample_B_ctree_mobster_plots.rds",
                "subclonal_deconvolution/ctree/SCOUT/SPN01_SS_nobam/SPN01_100X_0.9p_Sample_B/SCOUT_SPN01_SS_nobam_SPN01_100X_0.9p_Sample_B_ctree_mobster_report.pdf",
                "subclonal_deconvolution/ctree/SCOUT/SPN01_SS_nobam/SPN01_100X_0.9p_Sample_B/SCOUT_SPN01_SS_nobam_SPN01_100X_0.9p_Sample_B_ctree_mobster_report.png",
                "subclonal_deconvolution/ctree/SCOUT/SPN01_SS_nobam/SPN01_100X_0.9p_Sample_B/SCOUT_SPN01_SS_nobam_SPN01_100X_0.9p_Sample_B_ctree_mobster_report.rds",
                "subclonal_deconvolution/ctree/SCOUT/SPN01_SS_nobam/SPN01_100X_0.9p_Sample_C",
                "subclonal_deconvolution/ctree/SCOUT/SPN01_SS_nobam/SPN01_100X_0.9p_Sample_C/SCOUT_SPN01_SS_nobam_SPN01_100X_0.9p_Sample_C_ctree_mobster.rds",
                "subclonal_deconvolution/ctree/SCOUT/SPN01_SS_nobam/SPN01_100X_0.9p_Sample_C/SCOUT_SPN01_SS_nobam_SPN01_100X_0.9p_Sample_C_ctree_mobster_plots.rds",
                "subclonal_deconvolution/ctree/SCOUT/SPN01_SS_nobam/SPN01_100X_0.9p_Sample_C/SCOUT_SPN01_SS_nobam_SPN01_100X_0.9p_Sample_C_ctree_mobster_report.pdf",
                "subclonal_deconvolution/ctree/SCOUT/SPN01_SS_nobam/SPN01_100X_0.9p_Sample_C/SCOUT_SPN01_SS_nobam_SPN01_100X_0.9p_Sample_C_ctree_mobster_report.png",
                "subclonal_deconvolution/ctree/SCOUT/SPN01_SS_nobam/SPN01_100X_0.9p_Sample_C/SCOUT_SPN01_SS_nobam_SPN01_100X_0.9p_Sample_C_ctree_mobster_report.rds",
                "subclonal_deconvolution/mobster",
                "subclonal_deconvolution/mobster/SCOUT",
                "subclonal_deconvolution/mobster/SCOUT/SPN01_MS",
                "subclonal_deconvolution/mobster/SCOUT/SPN01_MS/SPN01_100X_0.9p_Sample_B",
                "subclonal_deconvolution/mobster/SCOUT/SPN01_MS/SPN01_100X_0.9p_Sample_B/SCOUT_SPN01_MS_SPN01_100X_0.9p_Sample_B_mobster_best_fit.rds",
                "subclonal_deconvolution/mobster/SCOUT/SPN01_MS/SPN01_100X_0.9p_Sample_B/SCOUT_SPN01_MS_SPN01_100X_0.9p_Sample_B_mobster_best_plots.rds",
                "subclonal_deconvolution/mobster/SCOUT/SPN01_MS/SPN01_100X_0.9p_Sample_B/SCOUT_SPN01_MS_SPN01_100X_0.9p_Sample_B_mobster_fit.rds",
                "subclonal_deconvolution/mobster/SCOUT/SPN01_MS/SPN01_100X_0.9p_Sample_B/SCOUT_SPN01_MS_SPN01_100X_0.9p_Sample_B_mobster_report.pdf",
                "subclonal_deconvolution/mobster/SCOUT/SPN01_MS/SPN01_100X_0.9p_Sample_B/SCOUT_SPN01_MS_SPN01_100X_0.9p_Sample_B_mobster_report.png",
                "subclonal_deconvolution/mobster/SCOUT/SPN01_MS/SPN01_100X_0.9p_Sample_B/SCOUT_SPN01_MS_SPN01_100X_0.9p_Sample_B_mobster_report.rds",
                "subclonal_deconvolution/mobster/SCOUT/SPN01_MS/SPN01_100X_0.9p_Sample_C",
                "subclonal_deconvolution/mobster/SCOUT/SPN01_MS/SPN01_100X_0.9p_Sample_C/SCOUT_SPN01_MS_SPN01_100X_0.9p_Sample_C_mobster_best_fit.rds",
                "subclonal_deconvolution/mobster/SCOUT/SPN01_MS/SPN01_100X_0.9p_Sample_C/SCOUT_SPN01_MS_SPN01_100X_0.9p_Sample_C_mobster_best_plots.rds",
                "subclonal_deconvolution/mobster/SCOUT/SPN01_MS/SPN01_100X_0.9p_Sample_C/SCOUT_SPN01_MS_SPN01_100X_0.9p_Sample_C_mobster_fit.rds",
                "subclonal_deconvolution/mobster/SCOUT/SPN01_MS/SPN01_100X_0.9p_Sample_C/SCOUT_SPN01_MS_SPN01_100X_0.9p_Sample_C_mobster_report.pdf",
                "subclonal_deconvolution/mobster/SCOUT/SPN01_MS/SPN01_100X_0.9p_Sample_C/SCOUT_SPN01_MS_SPN01_100X_0.9p_Sample_C_mobster_report.png",
                "subclonal_deconvolution/mobster/SCOUT/SPN01_MS/SPN01_100X_0.9p_Sample_C/SCOUT_SPN01_MS_SPN01_100X_0.9p_Sample_C_mobster_report.rds",
                "subclonal_deconvolution/mobster/SCOUT/SPN01_SS",
                "subclonal_deconvolution/mobster/SCOUT/SPN01_SS/SPN01_100X_0.9p_Sample_B",
                "subclonal_deconvolution/mobster/SCOUT/SPN01_SS/SPN01_100X_0.9p_Sample_B/SCOUT_SPN01_SS_SPN01_100X_0.9p_Sample_B_mobster_best_fit.rds",
                "subclonal_deconvolution/mobster/SCOUT/SPN01_SS/SPN01_100X_0.9p_Sample_B/SCOUT_SPN01_SS_SPN01_100X_0.9p_Sample_B_mobster_best_plots.rds",
                "subclonal_deconvolution/mobster/SCOUT/SPN01_SS/SPN01_100X_0.9p_Sample_B/SCOUT_SPN01_SS_SPN01_100X_0.9p_Sample_B_mobster_fit.rds",
                "subclonal_deconvolution/mobster/SCOUT/SPN01_SS/SPN01_100X_0.9p_Sample_B/SCOUT_SPN01_SS_SPN01_100X_0.9p_Sample_B_mobster_report.pdf",
                "subclonal_deconvolution/mobster/SCOUT/SPN01_SS/SPN01_100X_0.9p_Sample_B/SCOUT_SPN01_SS_SPN01_100X_0.9p_Sample_B_mobster_report.png",
                "subclonal_deconvolution/mobster/SCOUT/SPN01_SS/SPN01_100X_0.9p_Sample_B/SCOUT_SPN01_SS_SPN01_100X_0.9p_Sample_B_mobster_report.rds",
                "subclonal_deconvolution/mobster/SCOUT/SPN01_SS/SPN01_100X_0.9p_Sample_C",
                "subclonal_deconvolution/mobster/SCOUT/SPN01_SS/SPN01_100X_0.9p_Sample_C/SCOUT_SPN01_SS_SPN01_100X_0.9p_Sample_C_mobster_best_fit.rds",
                "subclonal_deconvolution/mobster/SCOUT/SPN01_SS/SPN01_100X_0.9p_Sample_C/SCOUT_SPN01_SS_SPN01_100X_0.9p_Sample_C_mobster_best_plots.rds",
                "subclonal_deconvolution/mobster/SCOUT/SPN01_SS/SPN01_100X_0.9p_Sample_C/SCOUT_SPN01_SS_SPN01_100X_0.9p_Sample_C_mobster_fit.rds",
                "subclonal_deconvolution/mobster/SCOUT/SPN01_SS/SPN01_100X_0.9p_Sample_C/SCOUT_SPN01_SS_SPN01_100X_0.9p_Sample_C_mobster_report.pdf",
                "subclonal_deconvolution/mobster/SCOUT/SPN01_SS/SPN01_100X_0.9p_Sample_C/SCOUT_SPN01_SS_SPN01_100X_0.9p_Sample_C_mobster_report.png",
                "subclonal_deconvolution/mobster/SCOUT/SPN01_SS/SPN01_100X_0.9p_Sample_C/SCOUT_SPN01_SS_SPN01_100X_0.9p_Sample_C_mobster_report.rds",
                "subclonal_deconvolution/mobster/SCOUT/SPN01_SS_nobam",
                "subclonal_deconvolution/mobster/SCOUT/SPN01_SS_nobam/SPN01_100X_0.9p_Sample_B",
                "subclonal_deconvolution/mobster/SCOUT/SPN01_SS_nobam/SPN01_100X_0.9p_Sample_B/SCOUT_SPN01_SS_nobam_SPN01_100X_0.9p_Sample_B_mobster_best_fit.rds",
                "subclonal_deconvolution/mobster/SCOUT/SPN01_SS_nobam/SPN01_100X_0.9p_Sample_B/SCOUT_SPN01_SS_nobam_SPN01_100X_0.9p_Sample_B_mobster_best_plots.rds",
                "subclonal_deconvolution/mobster/SCOUT/SPN01_SS_nobam/SPN01_100X_0.9p_Sample_B/SCOUT_SPN01_SS_nobam_SPN01_100X_0.9p_Sample_B_mobster_fit.rds",
                "subclonal_deconvolution/mobster/SCOUT/SPN01_SS_nobam/SPN01_100X_0.9p_Sample_B/SCOUT_SPN01_SS_nobam_SPN01_100X_0.9p_Sample_B_mobster_report.pdf",
                "subclonal_deconvolution/mobster/SCOUT/SPN01_SS_nobam/SPN01_100X_0.9p_Sample_B/SCOUT_SPN01_SS_nobam_SPN01_100X_0.9p_Sample_B_mobster_report.png",
                "subclonal_deconvolution/mobster/SCOUT/SPN01_SS_nobam/SPN01_100X_0.9p_Sample_B/SCOUT_SPN01_SS_nobam_SPN01_100X_0.9p_Sample_B_mobster_report.rds",
                "subclonal_deconvolution/mobster/SCOUT/SPN01_SS_nobam/SPN01_100X_0.9p_Sample_C",
                "subclonal_deconvolution/mobster/SCOUT/SPN01_SS_nobam/SPN01_100X_0.9p_Sample_C/SCOUT_SPN01_SS_nobam_SPN01_100X_0.9p_Sample_C_mobster_best_fit.rds",
                "subclonal_deconvolution/mobster/SCOUT/SPN01_SS_nobam/SPN01_100X_0.9p_Sample_C/SCOUT_SPN01_SS_nobam_SPN01_100X_0.9p_Sample_C_mobster_best_plots.rds",
                "subclonal_deconvolution/mobster/SCOUT/SPN01_SS_nobam/SPN01_100X_0.9p_Sample_C/SCOUT_SPN01_SS_nobam_SPN01_100X_0.9p_Sample_C_mobster_fit.rds",
                "subclonal_deconvolution/mobster/SCOUT/SPN01_SS_nobam/SPN01_100X_0.9p_Sample_C/SCOUT_SPN01_SS_nobam_SPN01_100X_0.9p_Sample_C_mobster_report.pdf",
                "subclonal_deconvolution/mobster/SCOUT/SPN01_SS_nobam/SPN01_100X_0.9p_Sample_C/SCOUT_SPN01_SS_nobam_SPN01_100X_0.9p_Sample_C_mobster_report.png",
                "subclonal_deconvolution/mobster/SCOUT/SPN01_SS_nobam/SPN01_100X_0.9p_Sample_C/SCOUT_SPN01_SS_nobam_SPN01_100X_0.9p_Sample_C_mobster_report.rds",
                "subclonal_deconvolution/pyclonevi",
                "subclonal_deconvolution/pyclonevi/SCOUT",
                "subclonal_deconvolution/pyclonevi/SCOUT/SPN01_MS",
                "subclonal_deconvolution/pyclonevi/SCOUT/SPN01_MS/SCOUT_SPN01_MS_all_fits.h5",
                "subclonal_deconvolution/pyclonevi/SCOUT/SPN01_MS/SCOUT_SPN01_MS_best_fit.txt",
                "subclonal_deconvolution/pyclonevi/SCOUT/SPN01_MS/SCOUT_SPN01_MS_cluster_table.csv",
                "subclonal_deconvolution/pyclonevi/SCOUT/SPN01_MS/SCOUT_SPN01_MS_pyclone_input.tsv",
                "subclonal_deconvolution/pyclonevi/SCOUT/SPN01_MS/SCOUT_SPN01_MS_pyclone_input_all_samples.tsv",
                "subclonal_deconvolution/pyclonevi/SCOUT/SPN01_SS",
                "subclonal_deconvolution/pyclonevi/SCOUT/SPN01_SS/SCOUT_SPN01_SS_all_fits.h5",
                "subclonal_deconvolution/pyclonevi/SCOUT/SPN01_SS/SCOUT_SPN01_SS_best_fit.txt",
                "subclonal_deconvolution/pyclonevi/SCOUT/SPN01_SS/SCOUT_SPN01_SS_cluster_table.csv",
                "subclonal_deconvolution/pyclonevi/SCOUT/SPN01_SS/SCOUT_SPN01_SS_pyclone_input.tsv",
                "subclonal_deconvolution/pyclonevi/SCOUT/SPN01_SS/SCOUT_SPN01_SS_pyclone_input_all_samples.tsv",
                "subclonal_deconvolution/pyclonevi/SCOUT/SPN01_SS_nobam",
                "subclonal_deconvolution/pyclonevi/SCOUT/SPN01_SS_nobam/SCOUT_SPN01_SS_nobam_all_fits.h5",
                "subclonal_deconvolution/pyclonevi/SCOUT/SPN01_SS_nobam/SCOUT_SPN01_SS_nobam_best_fit.txt",
                "subclonal_deconvolution/pyclonevi/SCOUT/SPN01_SS_nobam/SCOUT_SPN01_SS_nobam_cluster_table.csv",
                "subclonal_deconvolution/pyclonevi/SCOUT/SPN01_SS_nobam/SCOUT_SPN01_SS_nobam_pyclone_input.tsv",
                "subclonal_deconvolution/pyclonevi/SCOUT/SPN01_SS_nobam/SCOUT_SPN01_SS_nobam_pyclone_input_all_samples.tsv",
                "variant_annotation",
                "variant_annotation/vep",
                "variant_annotation/vep/SCOUT",
                "variant_annotation/vep/SCOUT/SPN01_MS",
                "variant_annotation/vep/SCOUT/SPN01_MS/SPN01_100X_0.9p_Sample_B",
                "variant_annotation/vep/SCOUT/SPN01_MS/SPN01_100X_0.9p_Sample_B/SCOUT_SPN01_MS_SPN01_100X_0.9p_Sample_B.vep.vcf.gz",
                "variant_annotation/vep/SCOUT/SPN01_MS/SPN01_100X_0.9p_Sample_C",
                "variant_annotation/vep/SCOUT/SPN01_MS/SPN01_100X_0.9p_Sample_C/SCOUT_SPN01_MS_SPN01_100X_0.9p_Sample_C.vep.vcf.gz",
                "variant_annotation/vep/SCOUT/SPN01_SS",
                "variant_annotation/vep/SCOUT/SPN01_SS/SPN01_100X_0.9p_Sample_B",
                "variant_annotation/vep/SCOUT/SPN01_SS/SPN01_100X_0.9p_Sample_B/SCOUT_SPN01_SS_SPN01_100X_0.9p_Sample_B.vep.vcf.gz",
                "variant_annotation/vep/SCOUT/SPN01_SS/SPN01_100X_0.9p_Sample_C",
                "variant_annotation/vep/SCOUT/SPN01_SS/SPN01_100X_0.9p_Sample_C/SCOUT_SPN01_SS_SPN01_100X_0.9p_Sample_C.vep.vcf.gz",
                "variant_annotation/vep/SCOUT/SPN01_SS_nobam",
                "variant_annotation/vep/SCOUT/SPN01_SS_nobam/SPN01_100X_0.9p_Sample_B",
                "variant_annotation/vep/SCOUT/SPN01_SS_nobam/SPN01_100X_0.9p_Sample_B/SCOUT_SPN01_SS_nobam_SPN01_100X_0.9p_Sample_B.vep.vcf.gz",
                "variant_annotation/vep/SCOUT/SPN01_SS_nobam/SPN01_100X_0.9p_Sample_C",
                "variant_annotation/vep/SCOUT/SPN01_SS_nobam/SPN01_100X_0.9p_Sample_C/SCOUT_SPN01_SS_nobam_SPN01_100X_0.9p_Sample_C.vep.vcf.gz"
            ],
            [
                "SCOUT_SPN01_MS_SPN01_100X_0.9p_Sample_B.vcf.gz:md5,a02ddad5fba93ca8a2a929be39b79553",
                "SCOUT_SPN01_MS_SPN01_100X_0.9p_Sample_B.vcf.gz.tbi:md5,193218b468cad76bbace90f0e01c7d48",
                "SCOUT_SPN01_MS_SPN01_100X_0.9p_Sample_C.vcf.gz:md5,e00b6dfa3894b1b3acd611f245aa8ce3",
                "SCOUT_SPN01_MS_SPN01_100X_0.9p_Sample_C.vcf.gz.tbi:md5,193218b468cad76bbace90f0e01c7d48",
                "SCOUT_SPN01_SS_SPN01_100X_0.9p_Sample_B.vcf.gz:md5,4446532896afe36a32a3fc19bfc02422",
                "SCOUT_SPN01_SS_SPN01_100X_0.9p_Sample_B.vcf.gz.tbi:md5,bdf6f0e08ea60b633d1169bbb6145074",
                "SCOUT_SPN01_SS_SPN01_100X_0.9p_Sample_C.vcf.gz:md5,e7d3104b25227d6def507f447db08be0",
                "SCOUT_SPN01_SS_SPN01_100X_0.9p_Sample_C.vcf.gz.tbi:md5,97cea91dc826abe14fd41bd933780fb4",
                "SCOUT_SPN01_SS_nobam_SPN01_100X_0.9p_Sample_B.vcf.gz:md5,7d7d50c06901a1e3adaa0a54c3e953da",
                "SCOUT_SPN01_SS_nobam_SPN01_100X_0.9p_Sample_B.vcf.gz.tbi:md5,6a784eb633b291aa2814efaaaf22f37d",
                "SCOUT_SPN01_SS_nobam_SPN01_100X_0.9p_Sample_C.vcf.gz:md5,c6df98c38018b9330db05ebe4ad7b583",
                "SCOUT_SPN01_SS_nobam_SPN01_100X_0.9p_Sample_C.vcf.gz.tbi:md5,a930240f0c0dd3b7fe9b993386b9c714",
                "SCOUT_SPN01_MS_SPN01_100X_0.9p_Sample_B_driver.rds:md5,b2ae59e9925be069e5373f8fee39df99",
                "SCOUT_SPN01_MS_SPN01_100X_0.9p_Sample_C_driver.rds:md5,dab7371148550cca22275fb037af3bc7",
                "SCOUT_SPN01_SS_SPN01_100X_0.9p_Sample_B_driver.rds:md5,80628f83d317d84cdf5fb950f146b7a0",
                "SCOUT_SPN01_SS_SPN01_100X_0.9p_Sample_C_driver.rds:md5,beae507fc258f9f5228b1590aebfa79b",
                "SCOUT_SPN01_SS_nobam_SPN01_100X_0.9p_Sample_B_driver.rds:md5,78818dccf402d90d6636afbc3810fb5f",
                "SCOUT_SPN01_SS_nobam_SPN01_100X_0.9p_Sample_C_driver.rds:md5,c751021e2a8f4a7211acaa4b0a58b4b8",
                "SCOUT_SPN01_MS_SPN01_100X_0.9p_Sample_B_cna.rds:md5,2e55c9af8d69de7f55a0e7f5748d9a02",
                "SCOUT_SPN01_MS_SPN01_100X_0.9p_Sample_C_cna.rds:md5,56594e10e69666d38516a677a5a633f6",
                "SCOUT_SPN01_SS_SPN01_100X_0.9p_Sample_B_cna.rds:md5,2e55c9af8d69de7f55a0e7f5748d9a02",
                "SCOUT_SPN01_SS_SPN01_100X_0.9p_Sample_C_cna.rds:md5,56594e10e69666d38516a677a5a633f6",
                "SCOUT_SPN01_SS_nobam_SPN01_100X_0.9p_Sample_B_cna.rds:md5,2e55c9af8d69de7f55a0e7f5748d9a02",
                "SCOUT_SPN01_SS_nobam_SPN01_100X_0.9p_Sample_C_cna.rds:md5,56594e10e69666d38516a677a5a633f6",
                "SCOUT_SPN01_MS_joint_table.tsv:md5,9938f3ff2eaac3bea65cde6a2beb29ce",
                "SCOUT_SPN01_SS_joint_table.tsv:md5,b86a289c77cc6579d2c27af7b8db12c1",
                "SCOUT_SPN01_SS_nobam_joint_table.tsv:md5,7f9e23a4fa9708063040a1435bf0aad1",
                "SCOUT_SPN01_MS_SPN01_100X_0.9p_Sample_B_snv.rds:md5,8c4f052bff014fe988b12424ab4b7b57",
                "SCOUT_SPN01_MS_SPN01_100X_0.9p_Sample_C_snv.rds:md5,8d7851acdcf94458f730f5734e06b5d2",
                "SCOUT_SPN01_SS_SPN01_100X_0.9p_Sample_B_snv.rds:md5,dae254cf8f2f9d2f6760edb3b2901cf4",
                "SCOUT_SPN01_SS_SPN01_100X_0.9p_Sample_C_snv.rds:md5,d75a549a977e32634c1b3ce8c18e8de5",
                "SCOUT_SPN01_SS_nobam_SPN01_100X_0.9p_Sample_B_snv.rds:md5,dae254cf8f2f9d2f6760edb3b2901cf4",
                "SCOUT_SPN01_SS_nobam_SPN01_100X_0.9p_Sample_C_snv.rds:md5,d75a549a977e32634c1b3ce8c18e8de5",
                "SCOUT_SPN01_SS_SPN01_100X_0.9p_Sample_B.bcftools_stats.txt:md5,449976b3ca0f46dc53544f64f34ebc03",
                "SCOUT_SPN01_SS_SPN01_100X_0.9p_Sample_B.vcf.gz:md5,e7785588befca3bac1f130ac7c45b44d",
                "SCOUT_SPN01_SS_SPN01_100X_0.9p_Sample_B.vcf.gz.tbi:md5,820f74624333de7655e341edf3a926c4",
                "SCOUT_SPN01_SS_SPN01_100X_0.9p_Sample_C.bcftools_stats.txt:md5,f26483252034f2761365912773571d77",
                "SCOUT_SPN01_SS_SPN01_100X_0.9p_Sample_C.vcf.gz:md5,e53797e0832ecacf31fbf74f3bf9220c",
                "SCOUT_SPN01_SS_SPN01_100X_0.9p_Sample_C.vcf.gz.tbi:md5,09b886e2c463f207833b9cbafb057996",
                "SCOUT_SPN01_SS_all_positions.rds:md5,5b3cefd5c8af28df83792145f76c472a",
                "SCOUT_SPN01_SS_SPN01_100X_0.9p_Sample_B_pileup_VCF.rds:md5,3d57f8279d999dbec447e6ebb50926b0",
                "SPN01_100X_0.9p_Sample_B_positions_missing:md5,175c8ae58b51ca2dabd18c1288d0e57b",
                "SCOUT_SPN01_SS_SPN01_100X_0.9p_Sample_C_pileup_VCF.rds:md5,4ff523468a6142752f6652aefccfd538",
                "SPN01_100X_0.9p_Sample_C_positions_missing:md5,12ecc9e554bc667daa8b3784651e07a5",
                "versions.yml:md5,7d5ac534667906abad93e535c3fa4399",
                "SCOUT_SPN01_MS_SPN01_100X_0.9p_Sample_B_data.pdf:md5,a315c095d96320a36e1b9a728a5a1b8f",
                "SCOUT_SPN01_MS_SPN01_100X_0.9p_Sample_B_data_plot.rds:md5,3a11b9ba6d2a669c9f4cb5d07bf3cdf9",
                "SCOUT_SPN01_MS_SPN01_100X_0.9p_Sample_B_qc.pdf:md5,149aba25fdf05777d558e86cff029884",
                "SCOUT_SPN01_MS_SPN01_100X_0.9p_Sample_B_qc.rds:md5,b666a06bd445ebe9b20bff1028337bc5",
                "SCOUT_SPN01_MS_SPN01_100X_0.9p_Sample_B_qc_plot.rds:md5,611513e68dff96e2d716cd2741b2907c",
                "SCOUT_SPN01_MS_SPN01_100X_0.9p_Sample_C_data.pdf:md5,dd7fce7d100dde35e788be092da0303a",
                "SCOUT_SPN01_MS_SPN01_100X_0.9p_Sample_C_data_plot.rds:md5,be10a741af0414f14944fde8b0964497",
                "SCOUT_SPN01_MS_SPN01_100X_0.9p_Sample_C_qc.pdf:md5,6da938d152dc9e77152d456afbe97245",
                "SCOUT_SPN01_MS_SPN01_100X_0.9p_Sample_C_qc.rds:md5,fbe132f59ce9f93199bf35dfb68514a9",
                "SCOUT_SPN01_MS_SPN01_100X_0.9p_Sample_C_qc_plot.rds:md5,045d983c3fb958ff6f6b9b7a2ea51de2",
                "SCOUT_SPN01_SS_SPN01_100X_0.9p_Sample_B_data.pdf:md5,2e90d33b3d63db6c57d504fc39168984",
                "SCOUT_SPN01_SS_SPN01_100X_0.9p_Sample_B_data_plot.rds:md5,358c6f1bde70a91b1fd6c231138ec8f3",
                "SCOUT_SPN01_SS_SPN01_100X_0.9p_Sample_B_qc.pdf:md5,7b3edec20335d36d8b703e3886d04ca9",
                "SCOUT_SPN01_SS_SPN01_100X_0.9p_Sample_B_qc.rds:md5,0f1c11c0b02be8225ca17a26cf686611",
                "SCOUT_SPN01_SS_SPN01_100X_0.9p_Sample_B_qc_plot.rds:md5,9d24235c545abf84862f4fa21c2f8a7e",
                "SCOUT_SPN01_SS_SPN01_100X_0.9p_Sample_C_data.pdf:md5,44f409b79eee83f382552e6a8bff06cd",
                "SCOUT_SPN01_SS_SPN01_100X_0.9p_Sample_C_data_plot.rds:md5,a576a0385cbcff3451b4aa7d12100749",
                "SCOUT_SPN01_SS_SPN01_100X_0.9p_Sample_C_qc.pdf:md5,600844b72293214b1c72da29c27eaa8b",
                "SCOUT_SPN01_SS_SPN01_100X_0.9p_Sample_C_qc.rds:md5,94cb536f355210ba0ac1c6dd4677bec2",
                "SCOUT_SPN01_SS_SPN01_100X_0.9p_Sample_C_qc_plot.rds:md5,65f73a1e123f6f2cdbc49315e1b96b13",
                "SCOUT_SPN01_SS_nobam_SPN01_100X_0.9p_Sample_B_data.pdf:md5,835fc6ad53e33713511032d25b04d1be",
                "SCOUT_SPN01_SS_nobam_SPN01_100X_0.9p_Sample_B_data_plot.rds:md5,0e773f1fe93163fcf8b0b8ead9f7d4e4",
                "SCOUT_SPN01_SS_nobam_SPN01_100X_0.9p_Sample_B_qc.pdf:md5,74e9c73d6d230f93f1cb15093bf9e7ec",
                "SCOUT_SPN01_SS_nobam_SPN01_100X_0.9p_Sample_B_qc.rds:md5,4011ffc6a9bdaf3d5704a5f588b26ddb",
                "SCOUT_SPN01_SS_nobam_SPN01_100X_0.9p_Sample_B_qc_plot.rds:md5,1ad10c4b62418147b634882d7b30878a",
                "SCOUT_SPN01_SS_nobam_SPN01_100X_0.9p_Sample_C_data.pdf:md5,b0b278538ad79048609d753aa97d9710",
                "SCOUT_SPN01_SS_nobam_SPN01_100X_0.9p_Sample_C_data_plot.rds:md5,88ee4521587a3751643a8075562ab1db",
                "SCOUT_SPN01_SS_nobam_SPN01_100X_0.9p_Sample_C_qc.pdf:md5,288952ca9b4baf712d96bfb2a9cfbd0e",
                "SCOUT_SPN01_SS_nobam_SPN01_100X_0.9p_Sample_C_qc.rds:md5,2a3a999c4343b7c95309346be4f5dcde",
                "SCOUT_SPN01_SS_nobam_SPN01_100X_0.9p_Sample_C_qc_plot.rds:md5,2e8fff28cc36516352aecc1a9aed3992",
                "SCOUT_SPN01_MS_multi_cnaqc_ALL.rds:md5,ed67c1a5dd689265195bc829137eaee3",
                "SCOUT_SPN01_MS_multi_cnaqc_PASS.rds:md5,daef45f970f0f866046c6d887c372f0e",
                "SCOUT_SPN01_SS_multi_cnaqc_ALL.rds:md5,7c3821dd192e763e20ef5de3acd4ef89",
                "SCOUT_SPN01_SS_multi_cnaqc_PASS.rds:md5,7cdb12b6df86b422133f17d4143382cd",
                "SCOUT_SPN01_SS_nobam_multi_cnaqc_ALL.rds:md5,87ad7198472a42b0410157d168f86a74",
                "SCOUT_SPN01_SS_nobam_multi_cnaqc_PASS.rds:md5,70ecd34935a90805b5b49e1d23fe5254",
                "SCOUT_SPN01_MS_SPN01_100X_0.9p_Sample_B_fit.rds:md5,9e0a304d0342f3da768ae080be7ecaad",
                "SCOUT_SPN01_MS_SPN01_100X_0.9p_Sample_B_plot.pdf:md5,244394269dafb2b157bfcb943f137bda",
                "SCOUT_SPN01_MS_SPN01_100X_0.9p_Sample_B_plot.rds:md5,7a268066da506128da707d00a9c693ff",
                "SCOUT_SPN01_MS_SPN01_100X_0.9p_Sample_B_qc.csv:md5,d32b893114f3fb458662c59c183f6d0a",
                "SCOUT_SPN01_MS_SPN01_100X_0.9p_Sample_C_fit.rds:md5,c047b313839efc5cdad633b759e2cb74",
                "SCOUT_SPN01_MS_SPN01_100X_0.9p_Sample_C_plot.pdf:md5,6c08b44072a393042c21b530fb9366c3",
                "SCOUT_SPN01_MS_SPN01_100X_0.9p_Sample_C_plot.rds:md5,5e3f9afdc8343190327d62985cd49238",
                "SCOUT_SPN01_MS_SPN01_100X_0.9p_Sample_C_qc.csv:md5,92ba6d573ff03fe313e697072298ac3d",
                "SCOUT_SPN01_SS_SPN01_100X_0.9p_Sample_B_fit.rds:md5,23dbb9f125021b91bb6ef03173878a2f",
                "SCOUT_SPN01_SS_SPN01_100X_0.9p_Sample_B_plot.pdf:md5,aea4d67ad78311ab3cbbf9d0fa12a427",
                "SCOUT_SPN01_SS_SPN01_100X_0.9p_Sample_B_plot.rds:md5,d152db628ce5094b19af95f91c90673a",
                "SCOUT_SPN01_SS_SPN01_100X_0.9p_Sample_B_qc.csv:md5,d32b893114f3fb458662c59c183f6d0a",
                "SCOUT_SPN01_SS_SPN01_100X_0.9p_Sample_C_fit.rds:md5,7b2aaaa8be13d924d795090d3c41e730",
                "SCOUT_SPN01_SS_SPN01_100X_0.9p_Sample_C_plot.pdf:md5,78d07ecd9e17746f5c3ae5af4a71e828",
                "SCOUT_SPN01_SS_SPN01_100X_0.9p_Sample_C_plot.rds:md5,6f62a88f4f56790efc99ac242e3270d1",
                "SCOUT_SPN01_SS_SPN01_100X_0.9p_Sample_C_qc.csv:md5,92ba6d573ff03fe313e697072298ac3d",
                "SCOUT_SPN01_SS_nobam_SPN01_100X_0.9p_Sample_B_fit.rds:md5,8314fe8d7c2cdd8bc4332bbafdb060e1",
                "SCOUT_SPN01_SS_nobam_SPN01_100X_0.9p_Sample_B_plot.pdf:md5,e66fec10b53799086564086ba6ef57fa",
                "SCOUT_SPN01_SS_nobam_SPN01_100X_0.9p_Sample_B_plot.rds:md5,c0380d4f362ea7bf8d9c88e4898d0166",
                "SCOUT_SPN01_SS_nobam_SPN01_100X_0.9p_Sample_B_qc.csv:md5,d32b893114f3fb458662c59c183f6d0a",
                "SCOUT_SPN01_SS_nobam_SPN01_100X_0.9p_Sample_C_fit.rds:md5,32ca791489b9009f5d1432f291dbec4c",
                "SCOUT_SPN01_SS_nobam_SPN01_100X_0.9p_Sample_C_plot.pdf:md5,846dd8714abcfe567473f0c7530bec40",
                "SCOUT_SPN01_SS_nobam_SPN01_100X_0.9p_Sample_C_plot.rds:md5,f2f468aca338ab862c1752e0d3b3702b",
                "SCOUT_SPN01_SS_nobam_SPN01_100X_0.9p_Sample_C_qc.csv:md5,92ba6d573ff03fe313e697072298ac3d",
                "10000001-11000000.gz:md5,6e55700ef679694aee792f6776a7534e",
                "10000001-11000000_reg.gz:md5,5ff892718adbf235c6625af49bff0cab",
                "1000001-2000000.gz:md5,9de240fe193195763aa17e84bf8eccc0",
                "1000001-2000000_reg.gz:md5,6680eeb49312c2fbabe35f2d550c4615",
                "12000001-13000000.gz:md5,31170c621304a94929be3a419ad2be42",
                "12000001-13000000_reg.gz:md5,202b639e5a04c318615ffbfeff2dffd5",
                "15000001-16000000.gz:md5,144bc08c2c4426dfb3ea2d4ed403f872",
                "15000001-16000000_reg.gz:md5,43994aa88658ba3a0358518f66d98c81",
                "17000001-18000000.gz:md5,16275b1105f208a2be42f239045b0d6f",
                "17000001-18000000_reg.gz:md5,a4227b1bd13922637c173c79dad71876",
                "2000001-3000000.gz:md5,02d240d25aa74fd3955beb5099ee7b5b",
                "2000001-3000000_reg.gz:md5,304eb5cf52e99518829893c31dc9eada",
                "22000001-23000000.gz:md5,4d68f29b31535d3ab8914f30f029f675",
                "22000001-23000000_reg.gz:md5,7ea9a85977cb077f39656a132bd07cf2",
                "30000001-31000000.gz:md5,7ccdb3a3b53b2dd657ef8d615689f299",
                "30000001-31000000_reg.gz:md5,3f27985d0d3310656db0f5e0f0cc6c41",
                "31000001-32000000.gz:md5,12bdef71ffe67a30bba4f448acb3e8a3",
                "31000001-32000000_reg.gz:md5,d6e3de963f50d9ce4543ed7f457adcf9",
                "34000001-35000000.gz:md5,8b9f9737baa39504fab4fed7ad59b4ba",
                "34000001-35000000_reg.gz:md5,ae5d98075037c75326b942571157c89c",
                "35000001-36000000.gz:md5,b895cd2b5dfcb7e6355f449e4ebbc7f5",
                "35000001-36000000_reg.gz:md5,9b3a5602da2b768ed90a022926d79957",
                "40000001-41000000.gz:md5,abdcc2aaf0c1e77ff5107d2e5057cf32",
                "40000001-41000000_reg.gz:md5,c9e714cd6a55db45dd3243a661f4ee03",
                "4000001-5000000.gz:md5,d0ff49fd0921e93ebe53e853f9df0aae",
                "4000001-5000000_reg.gz:md5,792e540301c4eb32026d738087829f12",
                "42000001-43000000.gz:md5,d2a962f5a3b1c2aad447ba66e7dc2ba8",
                "42000001-43000000_reg.gz:md5,d340dba8aea176870d62fdd38f0c8a62",
                "47000001-48000000.gz:md5,19ae7ed8bb1d26f93d3085469077fffb",
                "47000001-48000000_reg.gz:md5,21fca35371d36c1aa203619fd75ce81e",
                "48000001-49000000.gz:md5,8a1e1b0d9833e0e0859642c74fa92ce6",
                "48000001-49000000_reg.gz:md5,bdcfbca744f7b5f0287fe7e9ad61036c",
                "49000001-50000000.gz:md5,fc3132a20ab5620e0b2da0dadb7b12b8",
                "49000001-50000000_reg.gz:md5,5f0ba41d9a354bbb450e37c905fedaec",
                "5000001-6000000.gz:md5,9c66edc482701742af84824a26643bf7",
                "5000001-6000000_reg.gz:md5,54ddfc699220a46bbcc9db77a8c00be2",
                "52000001-53000000.gz:md5,b4a47c01f3a054904c3f137fa2e626e9",
                "52000001-53000000_reg.gz:md5,09dfe73336be1280452c730c8fe12130",
                "53000001-54000000.gz:md5,958667d90e4d6250b0f90e7aff531dc8",
                "53000001-54000000_reg.gz:md5,ed44f865fe274947dbe668f274ac8b58",
                "60000001-61000000.gz:md5,6b0b48c6c180ba9f8e5e772f1e455479",
                "60000001-61000000_reg.gz:md5,668cddf4ef6d582cd13ed4026abead15",
                "63000001-64000000.gz:md5,577bebea3ea74f7eccbe5c0555dac336",
                "63000001-64000000_reg.gz:md5,676dd2374eb66804bc6467ce7161aa77",
                "68000001-69000000.gz:md5,b24b83b116e420a039b55fd85b62421a",
                "68000001-69000000_reg.gz:md5,9fe507b03f28e77db2c4195a8063d67d",
                "70000001-71000000.gz:md5,d4519518df879e513234aecaea9c8f1b",
                "70000001-71000000_reg.gz:md5,2e80b5cfd57230a0b1b86b6a90fbedfc",
                "7000001-8000000.gz:md5,c6c2657ac02936ce70087c1c5fd70fcb",
                "7000001-8000000_reg.gz:md5,c15ca827737799a20cf2c237fd339f16",
                "78000001-79000000.gz:md5,8ec94ec58186d2679acd2f5d14a43dfd",
                "78000001-79000000_reg.gz:md5,70aa13e742b135778d202a04042b4627",
                "80000001-81000000.gz:md5,39fff2a6916a3c610281d8d737b7d770",
                "80000001-81000000_reg.gz:md5,eee424e334ece5815e2df0295d6d7297",
                "8000001-9000000.gz:md5,ef4fa9989773f790af7ab8d0734eea5f",
                "8000001-9000000_reg.gz:md5,a73c119a119ce7774bf50e03707aa94d",
                "81000001-82000000.gz:md5,d82fa80aa604c826f851a31a01981a41",
                "81000001-82000000_reg.gz:md5,3e5dd38757a8d1fc013199fb47cf3079",
                "82000001-83000000.gz:md5,633055e45e11520db2108b49fc1b50f3",
                "82000001-83000000_reg.gz:md5,17f4d97aeb183d2fa9fd70966acdb6ba",
                "9000001-10000000.gz:md5,838822deb684ad3d49f58f07ed88b8b6",
                "9000001-10000000_reg.gz:md5,ee23490616b3b69aa3cd2336c2f832dc",
                "all_var.gz:md5,d3424d411fd90d11608a9b008ce3723a",
                "chr_synonyms.txt:md5,11e02fc243659e6ad768d6b78284ec98",
                "info.txt:md5,0602ec9c683f5de9b058d9959ae31d18",
                "versions.yml:md5,daf1b79e7ba471f7e84f3a6ad74fe714",
                "SCOUT_SPN01_MS_ctree_pyclonevi.rds:md5,6ba5d341b7de4e3a8d9fd5c4625b2b8d",
                "SCOUT_SPN01_MS_ctree_pyclonevi_plots.rds:md5,90d3e8b9e639b6452d05b3a1428e4712",
                "SCOUT_SPN01_MS_ctree_pyclonevi_report.pdf:md5,310fc3e8bfee5a4bf2ee5ea2f44420bf",
                "SCOUT_SPN01_MS_ctree_pyclonevi_report.png:md5,510f9b6c1139eccc05e5d2d489ca6300",
                "SCOUT_SPN01_MS_ctree_pyclonevi_report.rds:md5,2b28f4358a18ec22ebdbbfcc09f0df87",
                "SCOUT_SPN01_MS_SPN01_100X_0.9p_Sample_B_ctree_mobster.rds:md5,41f8baf386018fa4dfa76a87372843af",
                "SCOUT_SPN01_MS_SPN01_100X_0.9p_Sample_B_ctree_mobster_plots.rds:md5,b1ee119827357522ce287a83e6d25462",
                "SCOUT_SPN01_MS_SPN01_100X_0.9p_Sample_B_ctree_mobster_report.pdf:md5,8838688251d492b2c42d5f9d2f1541fd",
                "SCOUT_SPN01_MS_SPN01_100X_0.9p_Sample_B_ctree_mobster_report.png:md5,4504a518da451f5ee5d1da4178bd1d52",
                "SCOUT_SPN01_MS_SPN01_100X_0.9p_Sample_B_ctree_mobster_report.rds:md5,aa85c120ed79343d1ed08f2912e547c1",
                "SCOUT_SPN01_MS_SPN01_100X_0.9p_Sample_C_ctree_mobster.rds:md5,c3c6c3bf1a1a67a0622702582947e9d6",
                "SCOUT_SPN01_MS_SPN01_100X_0.9p_Sample_C_ctree_mobster_plots.rds:md5,51d8bcae452388fffdad3bd74c4cdd6d",
                "SCOUT_SPN01_MS_SPN01_100X_0.9p_Sample_C_ctree_mobster_report.pdf:md5,dededdc5d1cd43d21a36b3e739895069",
                "SCOUT_SPN01_MS_SPN01_100X_0.9p_Sample_C_ctree_mobster_report.png:md5,5ba565bb7b4aea66004e8f1069e64524",
                "SCOUT_SPN01_MS_SPN01_100X_0.9p_Sample_C_ctree_mobster_report.rds:md5,717c4ae447e67cacac6faf8b2c2ac993",
                "SCOUT_SPN01_SS_ctree_pyclonevi.rds:md5,de9718503712a5a2cc26f7c3849a0399",
                "SCOUT_SPN01_SS_ctree_pyclonevi_plots.rds:md5,bc81c5b22e8b6348affdf30dfa2385cd",
                "SCOUT_SPN01_SS_ctree_pyclonevi_report.pdf:md5,5b3dee8335ddfc47af30be58dbdc2e53",
                "SCOUT_SPN01_SS_ctree_pyclonevi_report.png:md5,9c09f0cf33918b96e24af6d36b7115a1",
                "SCOUT_SPN01_SS_ctree_pyclonevi_report.rds:md5,4a75484e702f6814d52604f062e3a579",
                "SCOUT_SPN01_SS_SPN01_100X_0.9p_Sample_B_ctree_mobster.rds:md5,c848aa1d15846a401752c755ba2cac19",
                "SCOUT_SPN01_SS_SPN01_100X_0.9p_Sample_B_ctree_mobster_plots.rds:md5,79dfc2cbe78c84e4ba242287b9242fb1",
                "SCOUT_SPN01_SS_SPN01_100X_0.9p_Sample_B_ctree_mobster_report.pdf:md5,6e272c500f4f71d0a38c89bffa7f64df",
                "SCOUT_SPN01_SS_SPN01_100X_0.9p_Sample_B_ctree_mobster_report.png:md5,fd183801a7301453275029b967d0d926",
                "SCOUT_SPN01_SS_SPN01_100X_0.9p_Sample_B_ctree_mobster_report.rds:md5,291a5b95f1501ac49a08c7d8c28416f6",
                "SCOUT_SPN01_SS_SPN01_100X_0.9p_Sample_C_ctree_mobster.rds:md5,257402174c61424a862f8e5aec21dcf0",
                "SCOUT_SPN01_SS_SPN01_100X_0.9p_Sample_C_ctree_mobster_plots.rds:md5,ac359784ab8ae4307ec1f47574d0a193",
                "SCOUT_SPN01_SS_SPN01_100X_0.9p_Sample_C_ctree_mobster_report.pdf:md5,23e4fd7dc2d8f674af58d9b751b2730a",
                "SCOUT_SPN01_SS_SPN01_100X_0.9p_Sample_C_ctree_mobster_report.png:md5,ebcc6a9fee02443fd1d60445e6960ad6",
                "SCOUT_SPN01_SS_SPN01_100X_0.9p_Sample_C_ctree_mobster_report.rds:md5,2a40012f6be5313387c7442d268f302b",
                "SCOUT_SPN01_SS_nobam_ctree_pyclonevi.rds:md5,da1a971cbda29edb7eebe1f8ae728a1c",
                "SCOUT_SPN01_SS_nobam_ctree_pyclonevi_plots.rds:md5,36ef417a280b1d647777c2c5a557fa1f",
                "SCOUT_SPN01_SS_nobam_ctree_pyclonevi_report.pdf:md5,e3175881c00255e84f9749346d8fcb48",
                "SCOUT_SPN01_SS_nobam_ctree_pyclonevi_report.png:md5,e7c423dbe9f2f4b210467c789596f90a",
                "SCOUT_SPN01_SS_nobam_ctree_pyclonevi_report.rds:md5,18b5d0e8638385a0861eb887b69707db",
                "SCOUT_SPN01_SS_nobam_SPN01_100X_0.9p_Sample_B_ctree_mobster.rds:md5,cbfe21089dba500cb51d1bf1a4067f96",
                "SCOUT_SPN01_SS_nobam_SPN01_100X_0.9p_Sample_B_ctree_mobster_plots.rds:md5,c5fad480605736435dcbc6feb07b7de6",
                "SCOUT_SPN01_SS_nobam_SPN01_100X_0.9p_Sample_B_ctree_mobster_report.pdf:md5,cb830c7cd9b2d52a3d8d47d873f1339b",
                "SCOUT_SPN01_SS_nobam_SPN01_100X_0.9p_Sample_B_ctree_mobster_report.png:md5,7bedbee8ee3f4a837a7ef479db52cbc4",
                "SCOUT_SPN01_SS_nobam_SPN01_100X_0.9p_Sample_B_ctree_mobster_report.rds:md5,c4f1d1594aa58b1a61f19d1e201f9548",
                "SCOUT_SPN01_SS_nobam_SPN01_100X_0.9p_Sample_C_ctree_mobster.rds:md5,b3f3ea1ee6da6c95749da16b0ec4f5fc",
                "SCOUT_SPN01_SS_nobam_SPN01_100X_0.9p_Sample_C_ctree_mobster_plots.rds:md5,ffe71f6cb02551c21523a7c644085886",
                "SCOUT_SPN01_SS_nobam_SPN01_100X_0.9p_Sample_C_ctree_mobster_report.pdf:md5,4fc036b59226c66cc5ab7d1c179e646e",
                "SCOUT_SPN01_SS_nobam_SPN01_100X_0.9p_Sample_C_ctree_mobster_report.png:md5,b897068d63134ee62160b53f08f0b1fe",
                "SCOUT_SPN01_SS_nobam_SPN01_100X_0.9p_Sample_C_ctree_mobster_report.rds:md5,71c4586338a7086a9aa10c4c3ad30863",
                "SCOUT_SPN01_MS_SPN01_100X_0.9p_Sample_B_mobster_best_fit.rds:md5,4cf32b7fe31f8bde07256776b8f1fab5",
                "SCOUT_SPN01_MS_SPN01_100X_0.9p_Sample_B_mobster_best_plots.rds:md5,027011d07106eb1a12711f3f20155b77",
                "SCOUT_SPN01_MS_SPN01_100X_0.9p_Sample_B_mobster_fit.rds:md5,103af8130eadddf447d75cfc4a3657ba",
                "SCOUT_SPN01_MS_SPN01_100X_0.9p_Sample_B_mobster_report.pdf:md5,21f3fc571375b9597360839a62d3aab8",
                "SCOUT_SPN01_MS_SPN01_100X_0.9p_Sample_B_mobster_report.png:md5,b7855af0379cfecb5bd9dc63e4abb2d7",
                "SCOUT_SPN01_MS_SPN01_100X_0.9p_Sample_B_mobster_report.rds:md5,92938635ed57d16dd9e31978c1092d58",
                "SCOUT_SPN01_MS_SPN01_100X_0.9p_Sample_C_mobster_best_fit.rds:md5,2dd962be090ab69d107d200b45211c2c",
                "SCOUT_SPN01_MS_SPN01_100X_0.9p_Sample_C_mobster_best_plots.rds:md5,969ffbefd9b4ac7a424ee8868d9762ea",
                "SCOUT_SPN01_MS_SPN01_100X_0.9p_Sample_C_mobster_fit.rds:md5,dba6a718e2d5bab171297d4a8459a657",
                "SCOUT_SPN01_MS_SPN01_100X_0.9p_Sample_C_mobster_report.pdf:md5,22c1005d9b90ccd629eb9487e89729c7",
                "SCOUT_SPN01_MS_SPN01_100X_0.9p_Sample_C_mobster_report.png:md5,d7bfc3f7ac8e2d74dd50a4df40015915",
                "SCOUT_SPN01_MS_SPN01_100X_0.9p_Sample_C_mobster_report.rds:md5,58d3d4b3995aa405e971e67f4efb3678",
                "SCOUT_SPN01_SS_SPN01_100X_0.9p_Sample_B_mobster_best_fit.rds:md5,6d0024593b039d54ba86df47a970d8de",
                "SCOUT_SPN01_SS_SPN01_100X_0.9p_Sample_B_mobster_best_plots.rds:md5,5251a6635f42867c74d3fad4e08e1921",
                "SCOUT_SPN01_SS_SPN01_100X_0.9p_Sample_B_mobster_fit.rds:md5,77abc1adb2526d3be8c900d8200ea48e",
                "SCOUT_SPN01_SS_SPN01_100X_0.9p_Sample_B_mobster_report.pdf:md5,d65796e61e2b890ea02c5e7e020b4181",
                "SCOUT_SPN01_SS_SPN01_100X_0.9p_Sample_B_mobster_report.png:md5,5fe773e55980a59316d9017a062f42a1",
                "SCOUT_SPN01_SS_SPN01_100X_0.9p_Sample_B_mobster_report.rds:md5,5481a5eb55c6bc4abd71a29ee78e4939",
                "SCOUT_SPN01_SS_SPN01_100X_0.9p_Sample_C_mobster_best_fit.rds:md5,c48002e3e6d9f92c4d797aa8fdcec7f6",
                "SCOUT_SPN01_SS_SPN01_100X_0.9p_Sample_C_mobster_best_plots.rds:md5,1094101428f6c9c0e6c0ec93b357bca5",
                "SCOUT_SPN01_SS_SPN01_100X_0.9p_Sample_C_mobster_fit.rds:md5,dd5f66bbe6f517b318334219032a9124",
                "SCOUT_SPN01_SS_SPN01_100X_0.9p_Sample_C_mobster_report.pdf:md5,63fa758689b9472b462aca14f4e01346",
                "SCOUT_SPN01_SS_SPN01_100X_0.9p_Sample_C_mobster_report.png:md5,fa7df933b711a8cb60afc0ce6eb8dd5d",
                "SCOUT_SPN01_SS_SPN01_100X_0.9p_Sample_C_mobster_report.rds:md5,1807c817f9efe03f8c59fa63312bec34",
                "SCOUT_SPN01_SS_nobam_SPN01_100X_0.9p_Sample_B_mobster_best_fit.rds:md5,aa6034bf1371420fde4a7ef8654c9f9b",
                "SCOUT_SPN01_SS_nobam_SPN01_100X_0.9p_Sample_B_mobster_best_plots.rds:md5,491b22a609473ac45f7a5757f75fb65e",
                "SCOUT_SPN01_SS_nobam_SPN01_100X_0.9p_Sample_B_mobster_fit.rds:md5,ed08d74c3f7a05e6714a1e3bf2120c57",
                "SCOUT_SPN01_SS_nobam_SPN01_100X_0.9p_Sample_B_mobster_report.pdf:md5,2a66252f41e76c988add55d21202dc44",
                "SCOUT_SPN01_SS_nobam_SPN01_100X_0.9p_Sample_B_mobster_report.png:md5,db74d7a780a52b7f6cc042e17cbac5fb",
                "SCOUT_SPN01_SS_nobam_SPN01_100X_0.9p_Sample_B_mobster_report.rds:md5,6969545a1832d1b2340d2d074b0315e8",
                "SCOUT_SPN01_SS_nobam_SPN01_100X_0.9p_Sample_C_mobster_best_fit.rds:md5,7e0c05c3d488a609736d57b104b883fc",
                "SCOUT_SPN01_SS_nobam_SPN01_100X_0.9p_Sample_C_mobster_best_plots.rds:md5,c525bfc2162ced5a8cb5d06439e46c67",
                "SCOUT_SPN01_SS_nobam_SPN01_100X_0.9p_Sample_C_mobster_fit.rds:md5,5e23fa0f8a20275f5924094fa91e993a",
                "SCOUT_SPN01_SS_nobam_SPN01_100X_0.9p_Sample_C_mobster_report.pdf:md5,824bc5f4c8a89d2b06ad511c1d7f5d4e",
                "SCOUT_SPN01_SS_nobam_SPN01_100X_0.9p_Sample_C_mobster_report.png:md5,4189aad788b33b9a8c091365a168f632",
                "SCOUT_SPN01_SS_nobam_SPN01_100X_0.9p_Sample_C_mobster_report.rds:md5,feae21c5bbd04573aef19090fef7120d",
                "SCOUT_SPN01_MS_all_fits.h5:md5,ad996ba8d774f515d9cdffc03b9b29c6",
                "SCOUT_SPN01_MS_best_fit.txt:md5,d11bb7ff90cad420f24dbf26aee2e355",
                "SCOUT_SPN01_MS_cluster_table.csv:md5,bc6861d457b6bdfa8e4d214812aec559",
                "SCOUT_SPN01_MS_pyclone_input.tsv:md5,a0c3fd7b066998e2bbb536a06afb476d",
                "SCOUT_SPN01_MS_pyclone_input_all_samples.tsv:md5,413abb4bc56d872ab291e2d72455df61",
                "SCOUT_SPN01_SS_all_fits.h5:md5,467d791e50db3c282dfc7fde3f7a0ced",
                "SCOUT_SPN01_SS_best_fit.txt:md5,55c2ecf17060b66f8711ca51af9d1341",
                "SCOUT_SPN01_SS_cluster_table.csv:md5,3f5d7b8e7f680f5a7b5b031d2a125786",
                "SCOUT_SPN01_SS_pyclone_input.tsv:md5,a2f99013e4ab779ecf56dd67eb2cf88b",
                "SCOUT_SPN01_SS_pyclone_input_all_samples.tsv:md5,bd2b51a043d63444531e40ad7b703d8d",
                "SCOUT_SPN01_SS_nobam_all_fits.h5:md5,ef533030d75c315c6947a31831bd0993",
                "SCOUT_SPN01_SS_nobam_best_fit.txt:md5,1a7874e84862b774ea426de4cc5081e0",
                "SCOUT_SPN01_SS_nobam_cluster_table.csv:md5,aeac3b61553db326e97de1f91882ba02",
                "SCOUT_SPN01_SS_nobam_pyclone_input.tsv:md5,9c4fcb98e5620951cd4efe4d0c47c530",
                "SCOUT_SPN01_SS_nobam_pyclone_input_all_samples.tsv:md5,0a42f024897c00874fe01d344ee2a3ce",
                "SCOUT_SPN01_MS_SPN01_100X_0.9p_Sample_B.vep.vcf.gz:md5,5174beae14ea93741a2699744067e23b",
                "SCOUT_SPN01_MS_SPN01_100X_0.9p_Sample_C.vep.vcf.gz:md5,bc0e6bd762870504c2bed671dfc508ae",
                "SCOUT_SPN01_SS_SPN01_100X_0.9p_Sample_B.vep.vcf.gz:md5,56ddcbd988e4f260e32e4356691027dc",
                "SCOUT_SPN01_SS_SPN01_100X_0.9p_Sample_C.vep.vcf.gz:md5,57af73cbab501a0e9c8ecbdb75929977",
                "SCOUT_SPN01_SS_nobam_SPN01_100X_0.9p_Sample_B.vep.vcf.gz:md5,7de2bfb42aa07e7f7252cfeee1380ee6",
                "SCOUT_SPN01_SS_nobam_SPN01_100X_0.9p_Sample_C.vep.vcf.gz:md5,fc9fe1b56863e42ac867f14596183d10"
            ]
        ],
        "meta": {
            "nf-test": "0.9.2",
            "nextflow": "25.10.0"
        },
        "timestamp": "2025-11-27T14:34:02.974639187"
    }
}