{
    "test-dataset_full": {
        "content": [
            null,
            [
                "bcftools",
                "bcftools/filter",
                "bcftools/filter/SCOUT",
                "bcftools/filter/SCOUT/SPN01_MS",
                "bcftools/filter/SCOUT/SPN01_MS/SPN01_100X_0.9p_Sample_B",
                "bcftools/filter/SCOUT/SPN01_MS/SPN01_100X_0.9p_Sample_B/SCOUT_SPN01_MS_SPN01_100X_0.9p_Sample_B.vcf.gz",
                "bcftools/filter/SCOUT/SPN01_MS/SPN01_100X_0.9p_Sample_B/SCOUT_SPN01_MS_SPN01_100X_0.9p_Sample_B.vcf.gz.tbi",
                "bcftools/filter/SCOUT/SPN01_MS/SPN01_100X_0.9p_Sample_C",
                "bcftools/filter/SCOUT/SPN01_MS/SPN01_100X_0.9p_Sample_C/SCOUT_SPN01_MS_SPN01_100X_0.9p_Sample_C.vcf.gz",
                "bcftools/filter/SCOUT/SPN01_MS/SPN01_100X_0.9p_Sample_C/SCOUT_SPN01_MS_SPN01_100X_0.9p_Sample_C.vcf.gz.tbi",
                "bcftools/filter/SCOUT/SPN01_SS",
                "bcftools/filter/SCOUT/SPN01_SS/SPN01_100X_0.9p_Sample_B",
                "bcftools/filter/SCOUT/SPN01_SS/SPN01_100X_0.9p_Sample_B/SCOUT_SPN01_SS_SPN01_100X_0.9p_Sample_B.vcf.gz",
                "bcftools/filter/SCOUT/SPN01_SS/SPN01_100X_0.9p_Sample_B/SCOUT_SPN01_SS_SPN01_100X_0.9p_Sample_B.vcf.gz.tbi",
                "bcftools/filter/SCOUT/SPN01_SS/SPN01_100X_0.9p_Sample_C",
                "bcftools/filter/SCOUT/SPN01_SS/SPN01_100X_0.9p_Sample_C/SCOUT_SPN01_SS_SPN01_100X_0.9p_Sample_C.vcf.gz",
                "bcftools/filter/SCOUT/SPN01_SS/SPN01_100X_0.9p_Sample_C/SCOUT_SPN01_SS_SPN01_100X_0.9p_Sample_C.vcf.gz.tbi",
                "bcftools/filter/SCOUT/SPN01_SS_nobam",
                "bcftools/filter/SCOUT/SPN01_SS_nobam/SPN01_100X_0.9p_Sample_B",
                "bcftools/filter/SCOUT/SPN01_SS_nobam/SPN01_100X_0.9p_Sample_B/SCOUT_SPN01_SS_nobam_SPN01_100X_0.9p_Sample_B.vcf.gz",
                "bcftools/filter/SCOUT/SPN01_SS_nobam/SPN01_100X_0.9p_Sample_B/SCOUT_SPN01_SS_nobam_SPN01_100X_0.9p_Sample_B.vcf.gz.tbi",
                "bcftools/filter/SCOUT/SPN01_SS_nobam/SPN01_100X_0.9p_Sample_C",
                "bcftools/filter/SCOUT/SPN01_SS_nobam/SPN01_100X_0.9p_Sample_C/SCOUT_SPN01_SS_nobam_SPN01_100X_0.9p_Sample_C.vcf.gz",
                "bcftools/filter/SCOUT/SPN01_SS_nobam/SPN01_100X_0.9p_Sample_C/SCOUT_SPN01_SS_nobam_SPN01_100X_0.9p_Sample_C.vcf.gz.tbi",
                "driver_annotation",
                "driver_annotation/annotate_driver",
                "driver_annotation/annotate_driver/SCOUT",
                "driver_annotation/annotate_driver/SCOUT/SPN01_MS",
                "driver_annotation/annotate_driver/SCOUT/SPN01_MS/SPN01_100X_0.9p_Sample_B",
                "driver_annotation/annotate_driver/SCOUT/SPN01_MS/SPN01_100X_0.9p_Sample_B/SCOUT_SPN01_MS_SPN01_100X_0.9p_Sample_B_driver.rds",
                "driver_annotation/annotate_driver/SCOUT/SPN01_MS/SPN01_100X_0.9p_Sample_C",
                "driver_annotation/annotate_driver/SCOUT/SPN01_MS/SPN01_100X_0.9p_Sample_C/SCOUT_SPN01_MS_SPN01_100X_0.9p_Sample_C_driver.rds",
                "driver_annotation/annotate_driver/SCOUT/SPN01_SS",
                "driver_annotation/annotate_driver/SCOUT/SPN01_SS/SPN01_100X_0.9p_Sample_B",
                "driver_annotation/annotate_driver/SCOUT/SPN01_SS/SPN01_100X_0.9p_Sample_B/SCOUT_SPN01_SS_SPN01_100X_0.9p_Sample_B_driver.rds",
                "driver_annotation/annotate_driver/SCOUT/SPN01_SS/SPN01_100X_0.9p_Sample_C",
                "driver_annotation/annotate_driver/SCOUT/SPN01_SS/SPN01_100X_0.9p_Sample_C/SCOUT_SPN01_SS_SPN01_100X_0.9p_Sample_C_driver.rds",
                "driver_annotation/annotate_driver/SCOUT/SPN01_SS_nobam",
                "driver_annotation/annotate_driver/SCOUT/SPN01_SS_nobam/SPN01_100X_0.9p_Sample_B",
                "driver_annotation/annotate_driver/SCOUT/SPN01_SS_nobam/SPN01_100X_0.9p_Sample_B/SCOUT_SPN01_SS_nobam_SPN01_100X_0.9p_Sample_B_driver.rds",
                "driver_annotation/annotate_driver/SCOUT/SPN01_SS_nobam/SPN01_100X_0.9p_Sample_C",
                "driver_annotation/annotate_driver/SCOUT/SPN01_SS_nobam/SPN01_100X_0.9p_Sample_C/SCOUT_SPN01_SS_nobam_SPN01_100X_0.9p_Sample_C_driver.rds",
                "formatter",
                "formatter/cna2cnaqc",
                "formatter/cna2cnaqc/SCOUT",
                "formatter/cna2cnaqc/SCOUT/SPN01_MS",
                "formatter/cna2cnaqc/SCOUT/SPN01_MS/SPN01_100X_0.9p_Sample_B",
                "formatter/cna2cnaqc/SCOUT/SPN01_MS/SPN01_100X_0.9p_Sample_B/SCOUT_SPN01_MS_SPN01_100X_0.9p_Sample_B_cna.rds",
                "formatter/cna2cnaqc/SCOUT/SPN01_MS/SPN01_100X_0.9p_Sample_C",
                "formatter/cna2cnaqc/SCOUT/SPN01_MS/SPN01_100X_0.9p_Sample_C/SCOUT_SPN01_MS_SPN01_100X_0.9p_Sample_C_cna.rds",
                "formatter/cna2cnaqc/SCOUT/SPN01_SS",
                "formatter/cna2cnaqc/SCOUT/SPN01_SS/SPN01_100X_0.9p_Sample_B",
                "formatter/cna2cnaqc/SCOUT/SPN01_SS/SPN01_100X_0.9p_Sample_B/SCOUT_SPN01_SS_SPN01_100X_0.9p_Sample_B_cna.rds",
                "formatter/cna2cnaqc/SCOUT/SPN01_SS/SPN01_100X_0.9p_Sample_C",
                "formatter/cna2cnaqc/SCOUT/SPN01_SS/SPN01_100X_0.9p_Sample_C/SCOUT_SPN01_SS_SPN01_100X_0.9p_Sample_C_cna.rds",
                "formatter/cna2cnaqc/SCOUT/SPN01_SS_nobam",
                "formatter/cna2cnaqc/SCOUT/SPN01_SS_nobam/SPN01_100X_0.9p_Sample_B",
                "formatter/cna2cnaqc/SCOUT/SPN01_SS_nobam/SPN01_100X_0.9p_Sample_B/SCOUT_SPN01_SS_nobam_SPN01_100X_0.9p_Sample_B_cna.rds",
                "formatter/cna2cnaqc/SCOUT/SPN01_SS_nobam/SPN01_100X_0.9p_Sample_C",
                "formatter/cna2cnaqc/SCOUT/SPN01_SS_nobam/SPN01_100X_0.9p_Sample_C/SCOUT_SPN01_SS_nobam_SPN01_100X_0.9p_Sample_C_cna.rds",
                "formatter/cnaqc2tsv",
                "formatter/cnaqc2tsv/SCOUT",
                "formatter/cnaqc2tsv/SCOUT/SPN01_MS",
                "formatter/cnaqc2tsv/SCOUT/SPN01_MS/SCOUT_SPN01_MS_joint_table.tsv",
                "formatter/cnaqc2tsv/SCOUT/SPN01_SS",
                "formatter/cnaqc2tsv/SCOUT/SPN01_SS/SCOUT_SPN01_SS_joint_table.tsv",
                "formatter/cnaqc2tsv/SCOUT/SPN01_SS_nobam",
                "formatter/cnaqc2tsv/SCOUT/SPN01_SS_nobam/SCOUT_SPN01_SS_nobam_joint_table.tsv",
                "formatter/vcf2cnaqc",
                "formatter/vcf2cnaqc/SCOUT",
                "formatter/vcf2cnaqc/SCOUT/SPN01_MS",
                "formatter/vcf2cnaqc/SCOUT/SPN01_MS/SPN01_100X_0.9p_Sample_B",
                "formatter/vcf2cnaqc/SCOUT/SPN01_MS/SPN01_100X_0.9p_Sample_B/SCOUT_SPN01_MS_SPN01_100X_0.9p_Sample_B_snv.rds",
                "formatter/vcf2cnaqc/SCOUT/SPN01_MS/SPN01_100X_0.9p_Sample_C",
                "formatter/vcf2cnaqc/SCOUT/SPN01_MS/SPN01_100X_0.9p_Sample_C/SCOUT_SPN01_MS_SPN01_100X_0.9p_Sample_C_snv.rds",
                "formatter/vcf2cnaqc/SCOUT/SPN01_SS",
                "formatter/vcf2cnaqc/SCOUT/SPN01_SS/SPN01_100X_0.9p_Sample_B",
                "formatter/vcf2cnaqc/SCOUT/SPN01_SS/SPN01_100X_0.9p_Sample_B/SCOUT_SPN01_SS_SPN01_100X_0.9p_Sample_B_snv.rds",
                "formatter/vcf2cnaqc/SCOUT/SPN01_SS/SPN01_100X_0.9p_Sample_C",
                "formatter/vcf2cnaqc/SCOUT/SPN01_SS/SPN01_100X_0.9p_Sample_C/SCOUT_SPN01_SS_SPN01_100X_0.9p_Sample_C_snv.rds",
                "formatter/vcf2cnaqc/SCOUT/SPN01_SS_nobam",
                "formatter/vcf2cnaqc/SCOUT/SPN01_SS_nobam/SPN01_100X_0.9p_Sample_B",
                "formatter/vcf2cnaqc/SCOUT/SPN01_SS_nobam/SPN01_100X_0.9p_Sample_B/SCOUT_SPN01_SS_nobam_SPN01_100X_0.9p_Sample_B_snv.rds",
                "formatter/vcf2cnaqc/SCOUT/SPN01_SS_nobam/SPN01_100X_0.9p_Sample_C",
                "formatter/vcf2cnaqc/SCOUT/SPN01_SS_nobam/SPN01_100X_0.9p_Sample_C/SCOUT_SPN01_SS_nobam_SPN01_100X_0.9p_Sample_C_snv.rds",
                "lifter",
                "lifter/mpileup",
                "lifter/mpileup/SCOUT",
                "lifter/mpileup/SCOUT/SPN01_SS",
                "lifter/mpileup/SCOUT/SPN01_SS/SPN01_100X_0.9p_Sample_B",
                "lifter/mpileup/SCOUT/SPN01_SS/SPN01_100X_0.9p_Sample_B/SCOUT_SPN01_SS_SPN01_100X_0.9p_Sample_B.bcftools_stats.txt",
                "lifter/mpileup/SCOUT/SPN01_SS/SPN01_100X_0.9p_Sample_B/SCOUT_SPN01_SS_SPN01_100X_0.9p_Sample_B.vcf.gz",
                "lifter/mpileup/SCOUT/SPN01_SS/SPN01_100X_0.9p_Sample_B/SCOUT_SPN01_SS_SPN01_100X_0.9p_Sample_B.vcf.gz.tbi",
                "lifter/mpileup/SCOUT/SPN01_SS/SPN01_100X_0.9p_Sample_C",
                "lifter/mpileup/SCOUT/SPN01_SS/SPN01_100X_0.9p_Sample_C/SCOUT_SPN01_SS_SPN01_100X_0.9p_Sample_C.bcftools_stats.txt",
                "lifter/mpileup/SCOUT/SPN01_SS/SPN01_100X_0.9p_Sample_C/SCOUT_SPN01_SS_SPN01_100X_0.9p_Sample_C.vcf.gz",
                "lifter/mpileup/SCOUT/SPN01_SS/SPN01_100X_0.9p_Sample_C/SCOUT_SPN01_SS_SPN01_100X_0.9p_Sample_C.vcf.gz.tbi",
                "lifter/positions",
                "lifter/positions/SCOUT",
                "lifter/positions/SCOUT/SPN01_SS",
                "lifter/positions/SCOUT/SPN01_SS/SCOUT_SPN01_SS_all_positions.rds",
                "lifter/positions/SCOUT/SPN01_SS/SPN01_100X_0.9p_Sample_B",
                "lifter/positions/SCOUT/SPN01_SS/SPN01_100X_0.9p_Sample_B/SCOUT_SPN01_SS_SPN01_100X_0.9p_Sample_B_pileup_VCF.rds",
                "lifter/positions/SCOUT/SPN01_SS/SPN01_100X_0.9p_Sample_B_positions_missing",
                "lifter/positions/SCOUT/SPN01_SS/SPN01_100X_0.9p_Sample_C",
                "lifter/positions/SCOUT/SPN01_SS/SPN01_100X_0.9p_Sample_C/SCOUT_SPN01_SS_SPN01_100X_0.9p_Sample_C_pileup_VCF.rds",
                "lifter/positions/SCOUT/SPN01_SS/SPN01_100X_0.9p_Sample_C_positions_missing",
                "lifter/positions/SCOUT/SPN01_SS/versions.yml",
                "pipeline_info",
                "qc",
                "qc/cnaqc",
                "qc/cnaqc/SCOUT",
                "qc/cnaqc/SCOUT/SPN01_MS",
                "qc/cnaqc/SCOUT/SPN01_MS/SPN01_100X_0.9p_Sample_B",
                "qc/cnaqc/SCOUT/SPN01_MS/SPN01_100X_0.9p_Sample_B/SCOUT_SPN01_MS_SPN01_100X_0.9p_Sample_B_data.pdf",
                "qc/cnaqc/SCOUT/SPN01_MS/SPN01_100X_0.9p_Sample_B/SCOUT_SPN01_MS_SPN01_100X_0.9p_Sample_B_data_plot.rds",
                "qc/cnaqc/SCOUT/SPN01_MS/SPN01_100X_0.9p_Sample_B/SCOUT_SPN01_MS_SPN01_100X_0.9p_Sample_B_qc.pdf",
                "qc/cnaqc/SCOUT/SPN01_MS/SPN01_100X_0.9p_Sample_B/SCOUT_SPN01_MS_SPN01_100X_0.9p_Sample_B_qc.rds",
                "qc/cnaqc/SCOUT/SPN01_MS/SPN01_100X_0.9p_Sample_B/SCOUT_SPN01_MS_SPN01_100X_0.9p_Sample_B_qc_plot.rds",
                "qc/cnaqc/SCOUT/SPN01_MS/SPN01_100X_0.9p_Sample_C",
                "qc/cnaqc/SCOUT/SPN01_MS/SPN01_100X_0.9p_Sample_C/SCOUT_SPN01_MS_SPN01_100X_0.9p_Sample_C_data.pdf",
                "qc/cnaqc/SCOUT/SPN01_MS/SPN01_100X_0.9p_Sample_C/SCOUT_SPN01_MS_SPN01_100X_0.9p_Sample_C_data_plot.rds",
                "qc/cnaqc/SCOUT/SPN01_MS/SPN01_100X_0.9p_Sample_C/SCOUT_SPN01_MS_SPN01_100X_0.9p_Sample_C_qc.pdf",
                "qc/cnaqc/SCOUT/SPN01_MS/SPN01_100X_0.9p_Sample_C/SCOUT_SPN01_MS_SPN01_100X_0.9p_Sample_C_qc.rds",
                "qc/cnaqc/SCOUT/SPN01_MS/SPN01_100X_0.9p_Sample_C/SCOUT_SPN01_MS_SPN01_100X_0.9p_Sample_C_qc_plot.rds",
                "qc/cnaqc/SCOUT/SPN01_SS",
                "qc/cnaqc/SCOUT/SPN01_SS/SPN01_100X_0.9p_Sample_B",
                "qc/cnaqc/SCOUT/SPN01_SS/SPN01_100X_0.9p_Sample_B/SCOUT_SPN01_SS_SPN01_100X_0.9p_Sample_B_data.pdf",
                "qc/cnaqc/SCOUT/SPN01_SS/SPN01_100X_0.9p_Sample_B/SCOUT_SPN01_SS_SPN01_100X_0.9p_Sample_B_data_plot.rds",
                "qc/cnaqc/SCOUT/SPN01_SS/SPN01_100X_0.9p_Sample_B/SCOUT_SPN01_SS_SPN01_100X_0.9p_Sample_B_qc.pdf",
                "qc/cnaqc/SCOUT/SPN01_SS/SPN01_100X_0.9p_Sample_B/SCOUT_SPN01_SS_SPN01_100X_0.9p_Sample_B_qc.rds",
                "qc/cnaqc/SCOUT/SPN01_SS/SPN01_100X_0.9p_Sample_B/SCOUT_SPN01_SS_SPN01_100X_0.9p_Sample_B_qc_plot.rds",
                "qc/cnaqc/SCOUT/SPN01_SS/SPN01_100X_0.9p_Sample_C",
                "qc/cnaqc/SCOUT/SPN01_SS/SPN01_100X_0.9p_Sample_C/SCOUT_SPN01_SS_SPN01_100X_0.9p_Sample_C_data.pdf",
                "qc/cnaqc/SCOUT/SPN01_SS/SPN01_100X_0.9p_Sample_C/SCOUT_SPN01_SS_SPN01_100X_0.9p_Sample_C_data_plot.rds",
                "qc/cnaqc/SCOUT/SPN01_SS/SPN01_100X_0.9p_Sample_C/SCOUT_SPN01_SS_SPN01_100X_0.9p_Sample_C_qc.pdf",
                "qc/cnaqc/SCOUT/SPN01_SS/SPN01_100X_0.9p_Sample_C/SCOUT_SPN01_SS_SPN01_100X_0.9p_Sample_C_qc.rds",
                "qc/cnaqc/SCOUT/SPN01_SS/SPN01_100X_0.9p_Sample_C/SCOUT_SPN01_SS_SPN01_100X_0.9p_Sample_C_qc_plot.rds",
                "qc/cnaqc/SCOUT/SPN01_SS_nobam",
                "qc/cnaqc/SCOUT/SPN01_SS_nobam/SPN01_100X_0.9p_Sample_B",
                "qc/cnaqc/SCOUT/SPN01_SS_nobam/SPN01_100X_0.9p_Sample_B/SCOUT_SPN01_SS_nobam_SPN01_100X_0.9p_Sample_B_data.pdf",
                "qc/cnaqc/SCOUT/SPN01_SS_nobam/SPN01_100X_0.9p_Sample_B/SCOUT_SPN01_SS_nobam_SPN01_100X_0.9p_Sample_B_data_plot.rds",
                "qc/cnaqc/SCOUT/SPN01_SS_nobam/SPN01_100X_0.9p_Sample_B/SCOUT_SPN01_SS_nobam_SPN01_100X_0.9p_Sample_B_qc.pdf",
                "qc/cnaqc/SCOUT/SPN01_SS_nobam/SPN01_100X_0.9p_Sample_B/SCOUT_SPN01_SS_nobam_SPN01_100X_0.9p_Sample_B_qc.rds",
                "qc/cnaqc/SCOUT/SPN01_SS_nobam/SPN01_100X_0.9p_Sample_B/SCOUT_SPN01_SS_nobam_SPN01_100X_0.9p_Sample_B_qc_plot.rds",
                "qc/cnaqc/SCOUT/SPN01_SS_nobam/SPN01_100X_0.9p_Sample_C",
                "qc/cnaqc/SCOUT/SPN01_SS_nobam/SPN01_100X_0.9p_Sample_C/SCOUT_SPN01_SS_nobam_SPN01_100X_0.9p_Sample_C_data.pdf",
                "qc/cnaqc/SCOUT/SPN01_SS_nobam/SPN01_100X_0.9p_Sample_C/SCOUT_SPN01_SS_nobam_SPN01_100X_0.9p_Sample_C_data_plot.rds",
                "qc/cnaqc/SCOUT/SPN01_SS_nobam/SPN01_100X_0.9p_Sample_C/SCOUT_SPN01_SS_nobam_SPN01_100X_0.9p_Sample_C_qc.pdf",
                "qc/cnaqc/SCOUT/SPN01_SS_nobam/SPN01_100X_0.9p_Sample_C/SCOUT_SPN01_SS_nobam_SPN01_100X_0.9p_Sample_C_qc.rds",
                "qc/cnaqc/SCOUT/SPN01_SS_nobam/SPN01_100X_0.9p_Sample_C/SCOUT_SPN01_SS_nobam_SPN01_100X_0.9p_Sample_C_qc_plot.rds",
                "qc/join_cnaqc",
                "qc/join_cnaqc/SCOUT",
                "qc/join_cnaqc/SCOUT/SPN01_MS",
                "qc/join_cnaqc/SCOUT/SPN01_MS/SCOUT_SPN01_MS_multi_cnaqc_ALL.rds",
                "qc/join_cnaqc/SCOUT/SPN01_MS/SCOUT_SPN01_MS_multi_cnaqc_PASS.rds",
                "qc/join_cnaqc/SCOUT/SPN01_SS",
                "qc/join_cnaqc/SCOUT/SPN01_SS/SCOUT_SPN01_SS_multi_cnaqc_ALL.rds",
                "qc/join_cnaqc/SCOUT/SPN01_SS/SCOUT_SPN01_SS_multi_cnaqc_PASS.rds",
                "qc/join_cnaqc/SCOUT/SPN01_SS_nobam",
                "qc/join_cnaqc/SCOUT/SPN01_SS_nobam/SCOUT_SPN01_SS_nobam_multi_cnaqc_ALL.rds",
                "qc/join_cnaqc/SCOUT/SPN01_SS_nobam/SCOUT_SPN01_SS_nobam_multi_cnaqc_PASS.rds",
                "qc/tinc",
                "qc/tinc/SCOUT",
                "qc/tinc/SCOUT/SPN01_MS",
                "qc/tinc/SCOUT/SPN01_MS/SPN01_100X_0.9p_Sample_B",
                "qc/tinc/SCOUT/SPN01_MS/SPN01_100X_0.9p_Sample_B/SCOUT_SPN01_MS_SPN01_100X_0.9p_Sample_B_fit.rds",
                "qc/tinc/SCOUT/SPN01_MS/SPN01_100X_0.9p_Sample_B/SCOUT_SPN01_MS_SPN01_100X_0.9p_Sample_B_plot.pdf",
                "qc/tinc/SCOUT/SPN01_MS/SPN01_100X_0.9p_Sample_B/SCOUT_SPN01_MS_SPN01_100X_0.9p_Sample_B_plot.rds",
                "qc/tinc/SCOUT/SPN01_MS/SPN01_100X_0.9p_Sample_B/SCOUT_SPN01_MS_SPN01_100X_0.9p_Sample_B_qc.csv",
                "qc/tinc/SCOUT/SPN01_MS/SPN01_100X_0.9p_Sample_C",
                "qc/tinc/SCOUT/SPN01_MS/SPN01_100X_0.9p_Sample_C/SCOUT_SPN01_MS_SPN01_100X_0.9p_Sample_C_fit.rds",
                "qc/tinc/SCOUT/SPN01_MS/SPN01_100X_0.9p_Sample_C/SCOUT_SPN01_MS_SPN01_100X_0.9p_Sample_C_plot.pdf",
                "qc/tinc/SCOUT/SPN01_MS/SPN01_100X_0.9p_Sample_C/SCOUT_SPN01_MS_SPN01_100X_0.9p_Sample_C_plot.rds",
                "qc/tinc/SCOUT/SPN01_MS/SPN01_100X_0.9p_Sample_C/SCOUT_SPN01_MS_SPN01_100X_0.9p_Sample_C_qc.csv",
                "qc/tinc/SCOUT/SPN01_SS",
                "qc/tinc/SCOUT/SPN01_SS/SPN01_100X_0.9p_Sample_B",
                "qc/tinc/SCOUT/SPN01_SS/SPN01_100X_0.9p_Sample_B/SCOUT_SPN01_SS_SPN01_100X_0.9p_Sample_B_fit.rds",
                "qc/tinc/SCOUT/SPN01_SS/SPN01_100X_0.9p_Sample_B/SCOUT_SPN01_SS_SPN01_100X_0.9p_Sample_B_plot.pdf",
                "qc/tinc/SCOUT/SPN01_SS/SPN01_100X_0.9p_Sample_B/SCOUT_SPN01_SS_SPN01_100X_0.9p_Sample_B_plot.rds",
                "qc/tinc/SCOUT/SPN01_SS/SPN01_100X_0.9p_Sample_B/SCOUT_SPN01_SS_SPN01_100X_0.9p_Sample_B_qc.csv",
                "qc/tinc/SCOUT/SPN01_SS/SPN01_100X_0.9p_Sample_C",
                "qc/tinc/SCOUT/SPN01_SS/SPN01_100X_0.9p_Sample_C/SCOUT_SPN01_SS_SPN01_100X_0.9p_Sample_C_fit.rds",
                "qc/tinc/SCOUT/SPN01_SS/SPN01_100X_0.9p_Sample_C/SCOUT_SPN01_SS_SPN01_100X_0.9p_Sample_C_plot.pdf",
                "qc/tinc/SCOUT/SPN01_SS/SPN01_100X_0.9p_Sample_C/SCOUT_SPN01_SS_SPN01_100X_0.9p_Sample_C_plot.rds",
                "qc/tinc/SCOUT/SPN01_SS/SPN01_100X_0.9p_Sample_C/SCOUT_SPN01_SS_SPN01_100X_0.9p_Sample_C_qc.csv",
                "qc/tinc/SCOUT/SPN01_SS_nobam",
                "qc/tinc/SCOUT/SPN01_SS_nobam/SPN01_100X_0.9p_Sample_B",
                "qc/tinc/SCOUT/SPN01_SS_nobam/SPN01_100X_0.9p_Sample_B/SCOUT_SPN01_SS_nobam_SPN01_100X_0.9p_Sample_B_fit.rds",
                "qc/tinc/SCOUT/SPN01_SS_nobam/SPN01_100X_0.9p_Sample_B/SCOUT_SPN01_SS_nobam_SPN01_100X_0.9p_Sample_B_plot.pdf",
                "qc/tinc/SCOUT/SPN01_SS_nobam/SPN01_100X_0.9p_Sample_B/SCOUT_SPN01_SS_nobam_SPN01_100X_0.9p_Sample_B_plot.rds",
                "qc/tinc/SCOUT/SPN01_SS_nobam/SPN01_100X_0.9p_Sample_B/SCOUT_SPN01_SS_nobam_SPN01_100X_0.9p_Sample_B_qc.csv",
                "qc/tinc/SCOUT/SPN01_SS_nobam/SPN01_100X_0.9p_Sample_C",
                "qc/tinc/SCOUT/SPN01_SS_nobam/SPN01_100X_0.9p_Sample_C/SCOUT_SPN01_SS_nobam_SPN01_100X_0.9p_Sample_C_fit.rds",
                "qc/tinc/SCOUT/SPN01_SS_nobam/SPN01_100X_0.9p_Sample_C/SCOUT_SPN01_SS_nobam_SPN01_100X_0.9p_Sample_C_plot.pdf",
                "qc/tinc/SCOUT/SPN01_SS_nobam/SPN01_100X_0.9p_Sample_C/SCOUT_SPN01_SS_nobam_SPN01_100X_0.9p_Sample_C_plot.rds",
                "qc/tinc/SCOUT/SPN01_SS_nobam/SPN01_100X_0.9p_Sample_C/SCOUT_SPN01_SS_nobam_SPN01_100X_0.9p_Sample_C_qc.csv",
                "references",
                "references/vep",
                "references/vep/vep.tar",
                "references/vep/vep.tar/Homo_sapiens",
                "references/vep/vep.tar/Homo_sapiens/110_GRCh38",
                "references/vep/vep.tar/Homo_sapiens/110_GRCh38/17",
                "references/vep/vep.tar/Homo_sapiens/110_GRCh38/17/10000001-11000000.gz",
                "references/vep/vep.tar/Homo_sapiens/110_GRCh38/17/10000001-11000000_reg.gz",
                "references/vep/vep.tar/Homo_sapiens/110_GRCh38/17/1000001-2000000.gz",
                "references/vep/vep.tar/Homo_sapiens/110_GRCh38/17/1000001-2000000_reg.gz",
                "references/vep/vep.tar/Homo_sapiens/110_GRCh38/17/12000001-13000000.gz",
                "references/vep/vep.tar/Homo_sapiens/110_GRCh38/17/12000001-13000000_reg.gz",
                "references/vep/vep.tar/Homo_sapiens/110_GRCh38/17/15000001-16000000.gz",
                "references/vep/vep.tar/Homo_sapiens/110_GRCh38/17/15000001-16000000_reg.gz",
                "references/vep/vep.tar/Homo_sapiens/110_GRCh38/17/17000001-18000000.gz",
                "references/vep/vep.tar/Homo_sapiens/110_GRCh38/17/17000001-18000000_reg.gz",
                "references/vep/vep.tar/Homo_sapiens/110_GRCh38/17/2000001-3000000.gz",
                "references/vep/vep.tar/Homo_sapiens/110_GRCh38/17/2000001-3000000_reg.gz",
                "references/vep/vep.tar/Homo_sapiens/110_GRCh38/17/22000001-23000000.gz",
                "references/vep/vep.tar/Homo_sapiens/110_GRCh38/17/22000001-23000000_reg.gz",
                "references/vep/vep.tar/Homo_sapiens/110_GRCh38/17/30000001-31000000.gz",
                "references/vep/vep.tar/Homo_sapiens/110_GRCh38/17/30000001-31000000_reg.gz",
                "references/vep/vep.tar/Homo_sapiens/110_GRCh38/17/31000001-32000000.gz",
                "references/vep/vep.tar/Homo_sapiens/110_GRCh38/17/31000001-32000000_reg.gz",
                "references/vep/vep.tar/Homo_sapiens/110_GRCh38/17/34000001-35000000.gz",
                "references/vep/vep.tar/Homo_sapiens/110_GRCh38/17/34000001-35000000_reg.gz",
                "references/vep/vep.tar/Homo_sapiens/110_GRCh38/17/35000001-36000000.gz",
                "references/vep/vep.tar/Homo_sapiens/110_GRCh38/17/35000001-36000000_reg.gz",
                "references/vep/vep.tar/Homo_sapiens/110_GRCh38/17/40000001-41000000.gz",
                "references/vep/vep.tar/Homo_sapiens/110_GRCh38/17/40000001-41000000_reg.gz",
                "references/vep/vep.tar/Homo_sapiens/110_GRCh38/17/4000001-5000000.gz",
                "references/vep/vep.tar/Homo_sapiens/110_GRCh38/17/4000001-5000000_reg.gz",
                "references/vep/vep.tar/Homo_sapiens/110_GRCh38/17/42000001-43000000.gz",
                "references/vep/vep.tar/Homo_sapiens/110_GRCh38/17/42000001-43000000_reg.gz",
                "references/vep/vep.tar/Homo_sapiens/110_GRCh38/17/47000001-48000000.gz",
                "references/vep/vep.tar/Homo_sapiens/110_GRCh38/17/47000001-48000000_reg.gz",
                "references/vep/vep.tar/Homo_sapiens/110_GRCh38/17/48000001-49000000.gz",
                "references/vep/vep.tar/Homo_sapiens/110_GRCh38/17/48000001-49000000_reg.gz",
                "references/vep/vep.tar/Homo_sapiens/110_GRCh38/17/49000001-50000000.gz",
                "references/vep/vep.tar/Homo_sapiens/110_GRCh38/17/49000001-50000000_reg.gz",
                "references/vep/vep.tar/Homo_sapiens/110_GRCh38/17/5000001-6000000.gz",
                "references/vep/vep.tar/Homo_sapiens/110_GRCh38/17/5000001-6000000_reg.gz",
                "references/vep/vep.tar/Homo_sapiens/110_GRCh38/17/52000001-53000000.gz",
                "references/vep/vep.tar/Homo_sapiens/110_GRCh38/17/52000001-53000000_reg.gz",
                "references/vep/vep.tar/Homo_sapiens/110_GRCh38/17/53000001-54000000.gz",
                "references/vep/vep.tar/Homo_sapiens/110_GRCh38/17/53000001-54000000_reg.gz",
                "references/vep/vep.tar/Homo_sapiens/110_GRCh38/17/60000001-61000000.gz",
                "references/vep/vep.tar/Homo_sapiens/110_GRCh38/17/60000001-61000000_reg.gz",
                "references/vep/vep.tar/Homo_sapiens/110_GRCh38/17/63000001-64000000.gz",
                "references/vep/vep.tar/Homo_sapiens/110_GRCh38/17/63000001-64000000_reg.gz",
                "references/vep/vep.tar/Homo_sapiens/110_GRCh38/17/68000001-69000000.gz",
                "references/vep/vep.tar/Homo_sapiens/110_GRCh38/17/68000001-69000000_reg.gz",
                "references/vep/vep.tar/Homo_sapiens/110_GRCh38/17/70000001-71000000.gz",
                "references/vep/vep.tar/Homo_sapiens/110_GRCh38/17/70000001-71000000_reg.gz",
                "references/vep/vep.tar/Homo_sapiens/110_GRCh38/17/7000001-8000000.gz",
                "references/vep/vep.tar/Homo_sapiens/110_GRCh38/17/7000001-8000000_reg.gz",
                "references/vep/vep.tar/Homo_sapiens/110_GRCh38/17/78000001-79000000.gz",
                "references/vep/vep.tar/Homo_sapiens/110_GRCh38/17/78000001-79000000_reg.gz",
                "references/vep/vep.tar/Homo_sapiens/110_GRCh38/17/80000001-81000000.gz",
                "references/vep/vep.tar/Homo_sapiens/110_GRCh38/17/80000001-81000000_reg.gz",
                "references/vep/vep.tar/Homo_sapiens/110_GRCh38/17/8000001-9000000.gz",
                "references/vep/vep.tar/Homo_sapiens/110_GRCh38/17/8000001-9000000_reg.gz",
                "references/vep/vep.tar/Homo_sapiens/110_GRCh38/17/81000001-82000000.gz",
                "references/vep/vep.tar/Homo_sapiens/110_GRCh38/17/81000001-82000000_reg.gz",
                "references/vep/vep.tar/Homo_sapiens/110_GRCh38/17/82000001-83000000.gz",
                "references/vep/vep.tar/Homo_sapiens/110_GRCh38/17/82000001-83000000_reg.gz",
                "references/vep/vep.tar/Homo_sapiens/110_GRCh38/17/9000001-10000000.gz",
                "references/vep/vep.tar/Homo_sapiens/110_GRCh38/17/9000001-10000000_reg.gz",
                "references/vep/vep.tar/Homo_sapiens/110_GRCh38/17/all_var.gz",
                "references/vep/vep.tar/Homo_sapiens/110_GRCh38/chr_synonyms.txt",
                "references/vep/vep.tar/Homo_sapiens/110_GRCh38/info.txt",
                "references/vep/versions.yml",
                "signature_deconvolution",
                "signature_deconvolution/sigprofiler",
                "signature_deconvolution/sigprofiler/SCOUT",
                "signature_deconvolution/sigprofiler/SCOUT/results",
                "signature_deconvolution/sigprofiler/SCOUT/results/DBS78",
                "signature_deconvolution/sigprofiler/SCOUT/results/DBS78/JOB_METADATA.txt",
                "signature_deconvolution/sigprofiler/SCOUT/results/ID83",
                "signature_deconvolution/sigprofiler/SCOUT/results/ID83/JOB_METADATA.txt",
                "signature_deconvolution/sigprofiler/SCOUT/results/SBS96",
                "signature_deconvolution/sigprofiler/SCOUT/results/SBS96/JOB_METADATA.txt",
                "signature_deconvolution/sigprofiler/SCOUT/results/input",
                "signature_deconvolution/sigprofiler/SCOUT/results/input/input_data.txt",
                "signature_deconvolution/sigprofiler/SCOUT/results/input_data.txt",
                "signature_deconvolution/sigprofiler/SCOUT/results/output/DBS",
                "signature_deconvolution/sigprofiler/SCOUT/results/output/DBS/SCOUT.DBS1248.all",
                "signature_deconvolution/sigprofiler/SCOUT/results/output/DBS/SCOUT.DBS150.all",
                "signature_deconvolution/sigprofiler/SCOUT/results/output/DBS/SCOUT.DBS186.all",
                "signature_deconvolution/sigprofiler/SCOUT/results/output/DBS/SCOUT.DBS2400.all",
                "signature_deconvolution/sigprofiler/SCOUT/results/output/DBS/SCOUT.DBS2976.all",
                "signature_deconvolution/sigprofiler/SCOUT/results/output/DBS/SCOUT.DBS78.all",
                "signature_deconvolution/sigprofiler/SCOUT/results/output/ID",
                "signature_deconvolution/sigprofiler/SCOUT/results/output/ID/SCOUT.ID28.all",
                "signature_deconvolution/sigprofiler/SCOUT/results/output/ID/SCOUT.ID332.all",
                "signature_deconvolution/sigprofiler/SCOUT/results/output/ID/SCOUT.ID415.all",
                "signature_deconvolution/sigprofiler/SCOUT/results/output/ID/SCOUT.ID83.all",
                "signature_deconvolution/sigprofiler/SCOUT/results/output/ID/SCOUT.ID8628.all",
                "signature_deconvolution/sigprofiler/SCOUT/results/output/ID/SCOUT.ID96.all",
                "signature_deconvolution/sigprofiler/SCOUT/results/output/SBS",
                "signature_deconvolution/sigprofiler/SCOUT/results/output/SBS/SCOUT.SBS1536.all",
                "signature_deconvolution/sigprofiler/SCOUT/results/output/SBS/SCOUT.SBS18.all",
                "signature_deconvolution/sigprofiler/SCOUT/results/output/SBS/SCOUT.SBS24.all",
                "signature_deconvolution/sigprofiler/SCOUT/results/output/SBS/SCOUT.SBS288.all",
                "signature_deconvolution/sigprofiler/SCOUT/results/output/SBS/SCOUT.SBS384.all",
                "signature_deconvolution/sigprofiler/SCOUT/results/output/SBS/SCOUT.SBS4608.all",
                "signature_deconvolution/sigprofiler/SCOUT/results/output/SBS/SCOUT.SBS6.all",
                "signature_deconvolution/sigprofiler/SCOUT/results/output/SBS/SCOUT.SBS6144.all",
                "signature_deconvolution/sigprofiler/SCOUT/results/output/SBS/SCOUT.SBS96.all",
                "signature_deconvolution/sigprofiler/SCOUT/results/output/logs",
                "signature_deconvolution/sigprofiler/SCOUT/results/output/logs/SigProfilerMatrixGenerator_SCOUT_GRCh382025-11-26.err",
                "signature_deconvolution/sigprofiler/SCOUT/results/output/logs/SigProfilerMatrixGenerator_SCOUT_GRCh382025-11-26.out",
                "signature_deconvolution/sigprofiler/SCOUT/results/output/vcf_files",
                "signature_deconvolution/sigprofiler/SCOUT/results/output/vcf_files/DBS",
                "signature_deconvolution/sigprofiler/SCOUT/results/output/vcf_files/DBS/10_seqinfo.txt",
                "signature_deconvolution/sigprofiler/SCOUT/results/output/vcf_files/DBS/11_seqinfo.txt",
                "signature_deconvolution/sigprofiler/SCOUT/results/output/vcf_files/DBS/12_seqinfo.txt",
                "signature_deconvolution/sigprofiler/SCOUT/results/output/vcf_files/DBS/13_seqinfo.txt",
                "signature_deconvolution/sigprofiler/SCOUT/results/output/vcf_files/DBS/14_seqinfo.txt",
                "signature_deconvolution/sigprofiler/SCOUT/results/output/vcf_files/DBS/15_seqinfo.txt",
                "signature_deconvolution/sigprofiler/SCOUT/results/output/vcf_files/DBS/16_seqinfo.txt",
                "signature_deconvolution/sigprofiler/SCOUT/results/output/vcf_files/DBS/17_seqinfo.txt",
                "signature_deconvolution/sigprofiler/SCOUT/results/output/vcf_files/DBS/18_seqinfo.txt",
                "signature_deconvolution/sigprofiler/SCOUT/results/output/vcf_files/DBS/19_seqinfo.txt",
                "signature_deconvolution/sigprofiler/SCOUT/results/output/vcf_files/DBS/1_seqinfo.txt",
                "signature_deconvolution/sigprofiler/SCOUT/results/output/vcf_files/DBS/20_seqinfo.txt",
                "signature_deconvolution/sigprofiler/SCOUT/results/output/vcf_files/DBS/21_seqinfo.txt",
                "signature_deconvolution/sigprofiler/SCOUT/results/output/vcf_files/DBS/22_seqinfo.txt",
                "signature_deconvolution/sigprofiler/SCOUT/results/output/vcf_files/DBS/2_seqinfo.txt",
                "signature_deconvolution/sigprofiler/SCOUT/results/output/vcf_files/DBS/3_seqinfo.txt",
                "signature_deconvolution/sigprofiler/SCOUT/results/output/vcf_files/DBS/4_seqinfo.txt",
                "signature_deconvolution/sigprofiler/SCOUT/results/output/vcf_files/DBS/5_seqinfo.txt",
                "signature_deconvolution/sigprofiler/SCOUT/results/output/vcf_files/DBS/6_seqinfo.txt",
                "signature_deconvolution/sigprofiler/SCOUT/results/output/vcf_files/DBS/7_seqinfo.txt",
                "signature_deconvolution/sigprofiler/SCOUT/results/output/vcf_files/DBS/8_seqinfo.txt",
                "signature_deconvolution/sigprofiler/SCOUT/results/output/vcf_files/DBS/9_seqinfo.txt",
                "signature_deconvolution/sigprofiler/SCOUT/results/output/vcf_files/DBS/MT_seqinfo.txt",
                "signature_deconvolution/sigprofiler/SCOUT/results/output/vcf_files/DBS/X_seqinfo.txt",
                "signature_deconvolution/sigprofiler/SCOUT/results/output/vcf_files/DBS/Y_seqinfo.txt",
                "signature_deconvolution/sigprofiler/SCOUT/results/output/vcf_files/ID",
                "signature_deconvolution/sigprofiler/SCOUT/results/output/vcf_files/ID/10_seqinfo.txt",
                "signature_deconvolution/sigprofiler/SCOUT/results/output/vcf_files/ID/11_seqinfo.txt",
                "signature_deconvolution/sigprofiler/SCOUT/results/output/vcf_files/ID/12_seqinfo.txt",
                "signature_deconvolution/sigprofiler/SCOUT/results/output/vcf_files/ID/13_seqinfo.txt",
                "signature_deconvolution/sigprofiler/SCOUT/results/output/vcf_files/ID/14_seqinfo.txt",
                "signature_deconvolution/sigprofiler/SCOUT/results/output/vcf_files/ID/15_seqinfo.txt",
                "signature_deconvolution/sigprofiler/SCOUT/results/output/vcf_files/ID/16_seqinfo.txt",
                "signature_deconvolution/sigprofiler/SCOUT/results/output/vcf_files/ID/17_seqinfo.txt",
                "signature_deconvolution/sigprofiler/SCOUT/results/output/vcf_files/ID/18_seqinfo.txt",
                "signature_deconvolution/sigprofiler/SCOUT/results/output/vcf_files/ID/19_seqinfo.txt",
                "signature_deconvolution/sigprofiler/SCOUT/results/output/vcf_files/ID/1_seqinfo.txt",
                "signature_deconvolution/sigprofiler/SCOUT/results/output/vcf_files/ID/20_seqinfo.txt",
                "signature_deconvolution/sigprofiler/SCOUT/results/output/vcf_files/ID/21_seqinfo.txt",
                "signature_deconvolution/sigprofiler/SCOUT/results/output/vcf_files/ID/22_seqinfo.txt",
                "signature_deconvolution/sigprofiler/SCOUT/results/output/vcf_files/ID/2_seqinfo.txt",
                "signature_deconvolution/sigprofiler/SCOUT/results/output/vcf_files/ID/3_seqinfo.txt",
                "signature_deconvolution/sigprofiler/SCOUT/results/output/vcf_files/ID/4_seqinfo.txt",
                "signature_deconvolution/sigprofiler/SCOUT/results/output/vcf_files/ID/5_seqinfo.txt",
                "signature_deconvolution/sigprofiler/SCOUT/results/output/vcf_files/ID/6_seqinfo.txt",
                "signature_deconvolution/sigprofiler/SCOUT/results/output/vcf_files/ID/7_seqinfo.txt",
                "signature_deconvolution/sigprofiler/SCOUT/results/output/vcf_files/ID/8_seqinfo.txt",
                "signature_deconvolution/sigprofiler/SCOUT/results/output/vcf_files/ID/9_seqinfo.txt",
                "signature_deconvolution/sigprofiler/SCOUT/results/output/vcf_files/ID/MT_seqinfo.txt",
                "signature_deconvolution/sigprofiler/SCOUT/results/output/vcf_files/ID/X_seqinfo.txt",
                "signature_deconvolution/sigprofiler/SCOUT/results/output/vcf_files/ID/Y_seqinfo.txt",
                "signature_deconvolution/sigprofiler/SCOUT/results/output/vcf_files/MNS",
                "signature_deconvolution/sigprofiler/SCOUT/results/output/vcf_files/MNS/10_seqinfo.txt",
                "signature_deconvolution/sigprofiler/SCOUT/results/output/vcf_files/MNS/11_seqinfo.txt",
                "signature_deconvolution/sigprofiler/SCOUT/results/output/vcf_files/MNS/12_seqinfo.txt",
                "signature_deconvolution/sigprofiler/SCOUT/results/output/vcf_files/MNS/13_seqinfo.txt",
                "signature_deconvolution/sigprofiler/SCOUT/results/output/vcf_files/MNS/14_seqinfo.txt",
                "signature_deconvolution/sigprofiler/SCOUT/results/output/vcf_files/MNS/15_seqinfo.txt",
                "signature_deconvolution/sigprofiler/SCOUT/results/output/vcf_files/MNS/16_seqinfo.txt",
                "signature_deconvolution/sigprofiler/SCOUT/results/output/vcf_files/MNS/17_seqinfo.txt",
                "signature_deconvolution/sigprofiler/SCOUT/results/output/vcf_files/MNS/18_seqinfo.txt",
                "signature_deconvolution/sigprofiler/SCOUT/results/output/vcf_files/MNS/19_seqinfo.txt",
                "signature_deconvolution/sigprofiler/SCOUT/results/output/vcf_files/MNS/1_seqinfo.txt",
                "signature_deconvolution/sigprofiler/SCOUT/results/output/vcf_files/MNS/20_seqinfo.txt",
                "signature_deconvolution/sigprofiler/SCOUT/results/output/vcf_files/MNS/21_seqinfo.txt",
                "signature_deconvolution/sigprofiler/SCOUT/results/output/vcf_files/MNS/22_seqinfo.txt",
                "signature_deconvolution/sigprofiler/SCOUT/results/output/vcf_files/MNS/2_seqinfo.txt",
                "signature_deconvolution/sigprofiler/SCOUT/results/output/vcf_files/MNS/3_seqinfo.txt",
                "signature_deconvolution/sigprofiler/SCOUT/results/output/vcf_files/MNS/4_seqinfo.txt",
                "signature_deconvolution/sigprofiler/SCOUT/results/output/vcf_files/MNS/5_seqinfo.txt",
                "signature_deconvolution/sigprofiler/SCOUT/results/output/vcf_files/MNS/6_seqinfo.txt",
                "signature_deconvolution/sigprofiler/SCOUT/results/output/vcf_files/MNS/7_seqinfo.txt",
                "signature_deconvolution/sigprofiler/SCOUT/results/output/vcf_files/MNS/8_seqinfo.txt",
                "signature_deconvolution/sigprofiler/SCOUT/results/output/vcf_files/MNS/9_seqinfo.txt",
                "signature_deconvolution/sigprofiler/SCOUT/results/output/vcf_files/MNS/MT_seqinfo.txt",
                "signature_deconvolution/sigprofiler/SCOUT/results/output/vcf_files/MNS/X_seqinfo.txt",
                "signature_deconvolution/sigprofiler/SCOUT/results/output/vcf_files/MNS/Y_seqinfo.txt",
                "signature_deconvolution/sigprofiler/SCOUT/results/output/vcf_files/SNV",
                "signature_deconvolution/sigprofiler/SCOUT/results/output/vcf_files/SNV/10_seqinfo.txt",
                "signature_deconvolution/sigprofiler/SCOUT/results/output/vcf_files/SNV/11_seqinfo.txt",
                "signature_deconvolution/sigprofiler/SCOUT/results/output/vcf_files/SNV/12_seqinfo.txt",
                "signature_deconvolution/sigprofiler/SCOUT/results/output/vcf_files/SNV/13_seqinfo.txt",
                "signature_deconvolution/sigprofiler/SCOUT/results/output/vcf_files/SNV/14_seqinfo.txt",
                "signature_deconvolution/sigprofiler/SCOUT/results/output/vcf_files/SNV/15_seqinfo.txt",
                "signature_deconvolution/sigprofiler/SCOUT/results/output/vcf_files/SNV/16_seqinfo.txt",
                "signature_deconvolution/sigprofiler/SCOUT/results/output/vcf_files/SNV/17_seqinfo.txt",
                "signature_deconvolution/sigprofiler/SCOUT/results/output/vcf_files/SNV/18_seqinfo.txt",
                "signature_deconvolution/sigprofiler/SCOUT/results/output/vcf_files/SNV/19_seqinfo.txt",
                "signature_deconvolution/sigprofiler/SCOUT/results/output/vcf_files/SNV/1_seqinfo.txt",
                "signature_deconvolution/sigprofiler/SCOUT/results/output/vcf_files/SNV/20_seqinfo.txt",
                "signature_deconvolution/sigprofiler/SCOUT/results/output/vcf_files/SNV/21_seqinfo.txt",
                "signature_deconvolution/sigprofiler/SCOUT/results/output/vcf_files/SNV/22_seqinfo.txt",
                "signature_deconvolution/sigprofiler/SCOUT/results/output/vcf_files/SNV/2_seqinfo.txt",
                "signature_deconvolution/sigprofiler/SCOUT/results/output/vcf_files/SNV/3_seqinfo.txt",
                "signature_deconvolution/sigprofiler/SCOUT/results/output/vcf_files/SNV/4_seqinfo.txt",
                "signature_deconvolution/sigprofiler/SCOUT/results/output/vcf_files/SNV/5_seqinfo.txt",
                "signature_deconvolution/sigprofiler/SCOUT/results/output/vcf_files/SNV/6_seqinfo.txt",
                "signature_deconvolution/sigprofiler/SCOUT/results/output/vcf_files/SNV/7_seqinfo.txt",
                "signature_deconvolution/sigprofiler/SCOUT/results/output/vcf_files/SNV/8_seqinfo.txt",
                "signature_deconvolution/sigprofiler/SCOUT/results/output/vcf_files/SNV/9_seqinfo.txt",
                "signature_deconvolution/sigprofiler/SCOUT/results/output/vcf_files/SNV/MT_seqinfo.txt",
                "signature_deconvolution/sigprofiler/SCOUT/results/output/vcf_files/SNV/X_seqinfo.txt",
                "signature_deconvolution/sigprofiler/SCOUT/results/output/vcf_files/SNV/Y_seqinfo.txt",
                "subclonal_deconvolution",
                "subclonal_deconvolution/ctree",
                "subclonal_deconvolution/ctree/SCOUT",
                "subclonal_deconvolution/ctree/SCOUT/SPN01_MS",
                "subclonal_deconvolution/ctree/SCOUT/SPN01_MS/SCOUT_SPN01_MS_ctree_pyclonevi.rds",
                "subclonal_deconvolution/ctree/SCOUT/SPN01_MS/SCOUT_SPN01_MS_ctree_pyclonevi_plots.rds",
                "subclonal_deconvolution/ctree/SCOUT/SPN01_MS/SCOUT_SPN01_MS_ctree_pyclonevi_report.pdf",
                "subclonal_deconvolution/ctree/SCOUT/SPN01_MS/SCOUT_SPN01_MS_ctree_pyclonevi_report.png",
                "subclonal_deconvolution/ctree/SCOUT/SPN01_MS/SCOUT_SPN01_MS_ctree_pyclonevi_report.rds",
                "subclonal_deconvolution/ctree/SCOUT/SPN01_MS/SPN01_100X_0.9p_Sample_B",
                "subclonal_deconvolution/ctree/SCOUT/SPN01_MS/SPN01_100X_0.9p_Sample_B/SCOUT_SPN01_MS_SPN01_100X_0.9p_Sample_B_ctree_mobster.rds",
                "subclonal_deconvolution/ctree/SCOUT/SPN01_MS/SPN01_100X_0.9p_Sample_B/SCOUT_SPN01_MS_SPN01_100X_0.9p_Sample_B_ctree_mobster_plots.rds",
                "subclonal_deconvolution/ctree/SCOUT/SPN01_MS/SPN01_100X_0.9p_Sample_B/SCOUT_SPN01_MS_SPN01_100X_0.9p_Sample_B_ctree_mobster_report.pdf",
                "subclonal_deconvolution/ctree/SCOUT/SPN01_MS/SPN01_100X_0.9p_Sample_B/SCOUT_SPN01_MS_SPN01_100X_0.9p_Sample_B_ctree_mobster_report.png",
                "subclonal_deconvolution/ctree/SCOUT/SPN01_MS/SPN01_100X_0.9p_Sample_B/SCOUT_SPN01_MS_SPN01_100X_0.9p_Sample_B_ctree_mobster_report.rds",
                "subclonal_deconvolution/ctree/SCOUT/SPN01_MS/SPN01_100X_0.9p_Sample_C",
                "subclonal_deconvolution/ctree/SCOUT/SPN01_MS/SPN01_100X_0.9p_Sample_C/SCOUT_SPN01_MS_SPN01_100X_0.9p_Sample_C_ctree_mobster.rds",
                "subclonal_deconvolution/ctree/SCOUT/SPN01_MS/SPN01_100X_0.9p_Sample_C/SCOUT_SPN01_MS_SPN01_100X_0.9p_Sample_C_ctree_mobster_plots.rds",
                "subclonal_deconvolution/ctree/SCOUT/SPN01_MS/SPN01_100X_0.9p_Sample_C/SCOUT_SPN01_MS_SPN01_100X_0.9p_Sample_C_ctree_mobster_report.pdf",
                "subclonal_deconvolution/ctree/SCOUT/SPN01_MS/SPN01_100X_0.9p_Sample_C/SCOUT_SPN01_MS_SPN01_100X_0.9p_Sample_C_ctree_mobster_report.png",
                "subclonal_deconvolution/ctree/SCOUT/SPN01_MS/SPN01_100X_0.9p_Sample_C/SCOUT_SPN01_MS_SPN01_100X_0.9p_Sample_C_ctree_mobster_report.rds",
                "subclonal_deconvolution/ctree/SCOUT/SPN01_SS",
                "subclonal_deconvolution/ctree/SCOUT/SPN01_SS/SCOUT_SPN01_SS_ctree_pyclonevi.rds",
                "subclonal_deconvolution/ctree/SCOUT/SPN01_SS/SCOUT_SPN01_SS_ctree_pyclonevi_plots.rds",
                "subclonal_deconvolution/ctree/SCOUT/SPN01_SS/SCOUT_SPN01_SS_ctree_pyclonevi_report.pdf",
                "subclonal_deconvolution/ctree/SCOUT/SPN01_SS/SCOUT_SPN01_SS_ctree_pyclonevi_report.png",
                "subclonal_deconvolution/ctree/SCOUT/SPN01_SS/SCOUT_SPN01_SS_ctree_pyclonevi_report.rds",
                "subclonal_deconvolution/ctree/SCOUT/SPN01_SS/SPN01_100X_0.9p_Sample_B",
                "subclonal_deconvolution/ctree/SCOUT/SPN01_SS/SPN01_100X_0.9p_Sample_B/SCOUT_SPN01_SS_SPN01_100X_0.9p_Sample_B_ctree_mobster.rds",
                "subclonal_deconvolution/ctree/SCOUT/SPN01_SS/SPN01_100X_0.9p_Sample_B/SCOUT_SPN01_SS_SPN01_100X_0.9p_Sample_B_ctree_mobster_plots.rds",
                "subclonal_deconvolution/ctree/SCOUT/SPN01_SS/SPN01_100X_0.9p_Sample_B/SCOUT_SPN01_SS_SPN01_100X_0.9p_Sample_B_ctree_mobster_report.pdf",
                "subclonal_deconvolution/ctree/SCOUT/SPN01_SS/SPN01_100X_0.9p_Sample_B/SCOUT_SPN01_SS_SPN01_100X_0.9p_Sample_B_ctree_mobster_report.png",
                "subclonal_deconvolution/ctree/SCOUT/SPN01_SS/SPN01_100X_0.9p_Sample_B/SCOUT_SPN01_SS_SPN01_100X_0.9p_Sample_B_ctree_mobster_report.rds",
                "subclonal_deconvolution/ctree/SCOUT/SPN01_SS/SPN01_100X_0.9p_Sample_C",
                "subclonal_deconvolution/ctree/SCOUT/SPN01_SS/SPN01_100X_0.9p_Sample_C/SCOUT_SPN01_SS_SPN01_100X_0.9p_Sample_C_ctree_mobster.rds",
                "subclonal_deconvolution/ctree/SCOUT/SPN01_SS/SPN01_100X_0.9p_Sample_C/SCOUT_SPN01_SS_SPN01_100X_0.9p_Sample_C_ctree_mobster_plots.rds",
                "subclonal_deconvolution/ctree/SCOUT/SPN01_SS/SPN01_100X_0.9p_Sample_C/SCOUT_SPN01_SS_SPN01_100X_0.9p_Sample_C_ctree_mobster_report.pdf",
                "subclonal_deconvolution/ctree/SCOUT/SPN01_SS/SPN01_100X_0.9p_Sample_C/SCOUT_SPN01_SS_SPN01_100X_0.9p_Sample_C_ctree_mobster_report.png",
                "subclonal_deconvolution/ctree/SCOUT/SPN01_SS/SPN01_100X_0.9p_Sample_C/SCOUT_SPN01_SS_SPN01_100X_0.9p_Sample_C_ctree_mobster_report.rds",
                "subclonal_deconvolution/ctree/SCOUT/SPN01_SS_nobam",
                "subclonal_deconvolution/ctree/SCOUT/SPN01_SS_nobam/SCOUT_SPN01_SS_nobam_ctree_pyclonevi.rds",
                "subclonal_deconvolution/ctree/SCOUT/SPN01_SS_nobam/SCOUT_SPN01_SS_nobam_ctree_pyclonevi_plots.rds",
                "subclonal_deconvolution/ctree/SCOUT/SPN01_SS_nobam/SCOUT_SPN01_SS_nobam_ctree_pyclonevi_report.pdf",
                "subclonal_deconvolution/ctree/SCOUT/SPN01_SS_nobam/SCOUT_SPN01_SS_nobam_ctree_pyclonevi_report.png",
                "subclonal_deconvolution/ctree/SCOUT/SPN01_SS_nobam/SCOUT_SPN01_SS_nobam_ctree_pyclonevi_report.rds",
                "subclonal_deconvolution/ctree/SCOUT/SPN01_SS_nobam/SPN01_100X_0.9p_Sample_B",
                "subclonal_deconvolution/ctree/SCOUT/SPN01_SS_nobam/SPN01_100X_0.9p_Sample_B/SCOUT_SPN01_SS_nobam_SPN01_100X_0.9p_Sample_B_ctree_mobster.rds",
                "subclonal_deconvolution/ctree/SCOUT/SPN01_SS_nobam/SPN01_100X_0.9p_Sample_B/SCOUT_SPN01_SS_nobam_SPN01_100X_0.9p_Sample_B_ctree_mobster_plots.rds",
                "subclonal_deconvolution/ctree/SCOUT/SPN01_SS_nobam/SPN01_100X_0.9p_Sample_B/SCOUT_SPN01_SS_nobam_SPN01_100X_0.9p_Sample_B_ctree_mobster_report.pdf",
                "subclonal_deconvolution/ctree/SCOUT/SPN01_SS_nobam/SPN01_100X_0.9p_Sample_B/SCOUT_SPN01_SS_nobam_SPN01_100X_0.9p_Sample_B_ctree_mobster_report.png",
                "subclonal_deconvolution/ctree/SCOUT/SPN01_SS_nobam/SPN01_100X_0.9p_Sample_B/SCOUT_SPN01_SS_nobam_SPN01_100X_0.9p_Sample_B_ctree_mobster_report.rds",
                "subclonal_deconvolution/ctree/SCOUT/SPN01_SS_nobam/SPN01_100X_0.9p_Sample_C",
                "subclonal_deconvolution/ctree/SCOUT/SPN01_SS_nobam/SPN01_100X_0.9p_Sample_C/SCOUT_SPN01_SS_nobam_SPN01_100X_0.9p_Sample_C_ctree_mobster.rds",
                "subclonal_deconvolution/ctree/SCOUT/SPN01_SS_nobam/SPN01_100X_0.9p_Sample_C/SCOUT_SPN01_SS_nobam_SPN01_100X_0.9p_Sample_C_ctree_mobster_plots.rds",
                "subclonal_deconvolution/ctree/SCOUT/SPN01_SS_nobam/SPN01_100X_0.9p_Sample_C/SCOUT_SPN01_SS_nobam_SPN01_100X_0.9p_Sample_C_ctree_mobster_report.pdf",
                "subclonal_deconvolution/ctree/SCOUT/SPN01_SS_nobam/SPN01_100X_0.9p_Sample_C/SCOUT_SPN01_SS_nobam_SPN01_100X_0.9p_Sample_C_ctree_mobster_report.png",
                "subclonal_deconvolution/ctree/SCOUT/SPN01_SS_nobam/SPN01_100X_0.9p_Sample_C/SCOUT_SPN01_SS_nobam_SPN01_100X_0.9p_Sample_C_ctree_mobster_report.rds",
                "subclonal_deconvolution/mobster",
                "subclonal_deconvolution/mobster/SCOUT",
                "subclonal_deconvolution/mobster/SCOUT/SPN01_MS",
                "subclonal_deconvolution/mobster/SCOUT/SPN01_MS/SPN01_100X_0.9p_Sample_B",
                "subclonal_deconvolution/mobster/SCOUT/SPN01_MS/SPN01_100X_0.9p_Sample_B/SCOUT_SPN01_MS_SPN01_100X_0.9p_Sample_B_mobster_best_fit.rds",
                "subclonal_deconvolution/mobster/SCOUT/SPN01_MS/SPN01_100X_0.9p_Sample_B/SCOUT_SPN01_MS_SPN01_100X_0.9p_Sample_B_mobster_best_plots.rds",
                "subclonal_deconvolution/mobster/SCOUT/SPN01_MS/SPN01_100X_0.9p_Sample_B/SCOUT_SPN01_MS_SPN01_100X_0.9p_Sample_B_mobster_fit.rds",
                "subclonal_deconvolution/mobster/SCOUT/SPN01_MS/SPN01_100X_0.9p_Sample_B/SCOUT_SPN01_MS_SPN01_100X_0.9p_Sample_B_mobster_report.pdf",
                "subclonal_deconvolution/mobster/SCOUT/SPN01_MS/SPN01_100X_0.9p_Sample_B/SCOUT_SPN01_MS_SPN01_100X_0.9p_Sample_B_mobster_report.png",
                "subclonal_deconvolution/mobster/SCOUT/SPN01_MS/SPN01_100X_0.9p_Sample_B/SCOUT_SPN01_MS_SPN01_100X_0.9p_Sample_B_mobster_report.rds",
                "subclonal_deconvolution/mobster/SCOUT/SPN01_MS/SPN01_100X_0.9p_Sample_C",
                "subclonal_deconvolution/mobster/SCOUT/SPN01_MS/SPN01_100X_0.9p_Sample_C/SCOUT_SPN01_MS_SPN01_100X_0.9p_Sample_C_mobster_best_fit.rds",
                "subclonal_deconvolution/mobster/SCOUT/SPN01_MS/SPN01_100X_0.9p_Sample_C/SCOUT_SPN01_MS_SPN01_100X_0.9p_Sample_C_mobster_best_plots.rds",
                "subclonal_deconvolution/mobster/SCOUT/SPN01_MS/SPN01_100X_0.9p_Sample_C/SCOUT_SPN01_MS_SPN01_100X_0.9p_Sample_C_mobster_fit.rds",
                "subclonal_deconvolution/mobster/SCOUT/SPN01_MS/SPN01_100X_0.9p_Sample_C/SCOUT_SPN01_MS_SPN01_100X_0.9p_Sample_C_mobster_report.pdf",
                "subclonal_deconvolution/mobster/SCOUT/SPN01_MS/SPN01_100X_0.9p_Sample_C/SCOUT_SPN01_MS_SPN01_100X_0.9p_Sample_C_mobster_report.png",
                "subclonal_deconvolution/mobster/SCOUT/SPN01_MS/SPN01_100X_0.9p_Sample_C/SCOUT_SPN01_MS_SPN01_100X_0.9p_Sample_C_mobster_report.rds",
                "subclonal_deconvolution/mobster/SCOUT/SPN01_SS",
                "subclonal_deconvolution/mobster/SCOUT/SPN01_SS/SPN01_100X_0.9p_Sample_B",
                "subclonal_deconvolution/mobster/SCOUT/SPN01_SS/SPN01_100X_0.9p_Sample_B/SCOUT_SPN01_SS_SPN01_100X_0.9p_Sample_B_mobster_best_fit.rds",
                "subclonal_deconvolution/mobster/SCOUT/SPN01_SS/SPN01_100X_0.9p_Sample_B/SCOUT_SPN01_SS_SPN01_100X_0.9p_Sample_B_mobster_best_plots.rds",
                "subclonal_deconvolution/mobster/SCOUT/SPN01_SS/SPN01_100X_0.9p_Sample_B/SCOUT_SPN01_SS_SPN01_100X_0.9p_Sample_B_mobster_fit.rds",
                "subclonal_deconvolution/mobster/SCOUT/SPN01_SS/SPN01_100X_0.9p_Sample_B/SCOUT_SPN01_SS_SPN01_100X_0.9p_Sample_B_mobster_report.pdf",
                "subclonal_deconvolution/mobster/SCOUT/SPN01_SS/SPN01_100X_0.9p_Sample_B/SCOUT_SPN01_SS_SPN01_100X_0.9p_Sample_B_mobster_report.png",
                "subclonal_deconvolution/mobster/SCOUT/SPN01_SS/SPN01_100X_0.9p_Sample_B/SCOUT_SPN01_SS_SPN01_100X_0.9p_Sample_B_mobster_report.rds",
                "subclonal_deconvolution/mobster/SCOUT/SPN01_SS/SPN01_100X_0.9p_Sample_C",
                "subclonal_deconvolution/mobster/SCOUT/SPN01_SS/SPN01_100X_0.9p_Sample_C/SCOUT_SPN01_SS_SPN01_100X_0.9p_Sample_C_mobster_best_fit.rds",
                "subclonal_deconvolution/mobster/SCOUT/SPN01_SS/SPN01_100X_0.9p_Sample_C/SCOUT_SPN01_SS_SPN01_100X_0.9p_Sample_C_mobster_best_plots.rds",
                "subclonal_deconvolution/mobster/SCOUT/SPN01_SS/SPN01_100X_0.9p_Sample_C/SCOUT_SPN01_SS_SPN01_100X_0.9p_Sample_C_mobster_fit.rds",
                "subclonal_deconvolution/mobster/SCOUT/SPN01_SS/SPN01_100X_0.9p_Sample_C/SCOUT_SPN01_SS_SPN01_100X_0.9p_Sample_C_mobster_report.pdf",
                "subclonal_deconvolution/mobster/SCOUT/SPN01_SS/SPN01_100X_0.9p_Sample_C/SCOUT_SPN01_SS_SPN01_100X_0.9p_Sample_C_mobster_report.png",
                "subclonal_deconvolution/mobster/SCOUT/SPN01_SS/SPN01_100X_0.9p_Sample_C/SCOUT_SPN01_SS_SPN01_100X_0.9p_Sample_C_mobster_report.rds",
                "subclonal_deconvolution/mobster/SCOUT/SPN01_SS_nobam",
                "subclonal_deconvolution/mobster/SCOUT/SPN01_SS_nobam/SPN01_100X_0.9p_Sample_B",
                "subclonal_deconvolution/mobster/SCOUT/SPN01_SS_nobam/SPN01_100X_0.9p_Sample_B/SCOUT_SPN01_SS_nobam_SPN01_100X_0.9p_Sample_B_mobster_best_fit.rds",
                "subclonal_deconvolution/mobster/SCOUT/SPN01_SS_nobam/SPN01_100X_0.9p_Sample_B/SCOUT_SPN01_SS_nobam_SPN01_100X_0.9p_Sample_B_mobster_best_plots.rds",
                "subclonal_deconvolution/mobster/SCOUT/SPN01_SS_nobam/SPN01_100X_0.9p_Sample_B/SCOUT_SPN01_SS_nobam_SPN01_100X_0.9p_Sample_B_mobster_fit.rds",
                "subclonal_deconvolution/mobster/SCOUT/SPN01_SS_nobam/SPN01_100X_0.9p_Sample_B/SCOUT_SPN01_SS_nobam_SPN01_100X_0.9p_Sample_B_mobster_report.pdf",
                "subclonal_deconvolution/mobster/SCOUT/SPN01_SS_nobam/SPN01_100X_0.9p_Sample_B/SCOUT_SPN01_SS_nobam_SPN01_100X_0.9p_Sample_B_mobster_report.png",
                "subclonal_deconvolution/mobster/SCOUT/SPN01_SS_nobam/SPN01_100X_0.9p_Sample_B/SCOUT_SPN01_SS_nobam_SPN01_100X_0.9p_Sample_B_mobster_report.rds",
                "subclonal_deconvolution/mobster/SCOUT/SPN01_SS_nobam/SPN01_100X_0.9p_Sample_C",
                "subclonal_deconvolution/mobster/SCOUT/SPN01_SS_nobam/SPN01_100X_0.9p_Sample_C/SCOUT_SPN01_SS_nobam_SPN01_100X_0.9p_Sample_C_mobster_best_fit.rds",
                "subclonal_deconvolution/mobster/SCOUT/SPN01_SS_nobam/SPN01_100X_0.9p_Sample_C/SCOUT_SPN01_SS_nobam_SPN01_100X_0.9p_Sample_C_mobster_best_plots.rds",
                "subclonal_deconvolution/mobster/SCOUT/SPN01_SS_nobam/SPN01_100X_0.9p_Sample_C/SCOUT_SPN01_SS_nobam_SPN01_100X_0.9p_Sample_C_mobster_fit.rds",
                "subclonal_deconvolution/mobster/SCOUT/SPN01_SS_nobam/SPN01_100X_0.9p_Sample_C/SCOUT_SPN01_SS_nobam_SPN01_100X_0.9p_Sample_C_mobster_report.pdf",
                "subclonal_deconvolution/mobster/SCOUT/SPN01_SS_nobam/SPN01_100X_0.9p_Sample_C/SCOUT_SPN01_SS_nobam_SPN01_100X_0.9p_Sample_C_mobster_report.png",
                "subclonal_deconvolution/mobster/SCOUT/SPN01_SS_nobam/SPN01_100X_0.9p_Sample_C/SCOUT_SPN01_SS_nobam_SPN01_100X_0.9p_Sample_C_mobster_report.rds",
                "subclonal_deconvolution/pyclonevi",
                "subclonal_deconvolution/pyclonevi/SCOUT",
                "subclonal_deconvolution/pyclonevi/SCOUT/SPN01_MS",
                "subclonal_deconvolution/pyclonevi/SCOUT/SPN01_MS/SCOUT_SPN01_MS_all_fits.h5",
                "subclonal_deconvolution/pyclonevi/SCOUT/SPN01_MS/SCOUT_SPN01_MS_best_fit.txt",
                "subclonal_deconvolution/pyclonevi/SCOUT/SPN01_MS/SCOUT_SPN01_MS_cluster_table.csv",
                "subclonal_deconvolution/pyclonevi/SCOUT/SPN01_MS/SCOUT_SPN01_MS_pyclone_input.tsv",
                "subclonal_deconvolution/pyclonevi/SCOUT/SPN01_MS/SCOUT_SPN01_MS_pyclone_input_all_samples.tsv",
                "subclonal_deconvolution/pyclonevi/SCOUT/SPN01_SS",
                "subclonal_deconvolution/pyclonevi/SCOUT/SPN01_SS/SCOUT_SPN01_SS_all_fits.h5",
                "subclonal_deconvolution/pyclonevi/SCOUT/SPN01_SS/SCOUT_SPN01_SS_best_fit.txt",
                "subclonal_deconvolution/pyclonevi/SCOUT/SPN01_SS/SCOUT_SPN01_SS_cluster_table.csv",
                "subclonal_deconvolution/pyclonevi/SCOUT/SPN01_SS/SCOUT_SPN01_SS_pyclone_input.tsv",
                "subclonal_deconvolution/pyclonevi/SCOUT/SPN01_SS/SCOUT_SPN01_SS_pyclone_input_all_samples.tsv",
                "subclonal_deconvolution/pyclonevi/SCOUT/SPN01_SS_nobam",
                "subclonal_deconvolution/pyclonevi/SCOUT/SPN01_SS_nobam/SCOUT_SPN01_SS_nobam_all_fits.h5",
                "subclonal_deconvolution/pyclonevi/SCOUT/SPN01_SS_nobam/SCOUT_SPN01_SS_nobam_best_fit.txt",
                "subclonal_deconvolution/pyclonevi/SCOUT/SPN01_SS_nobam/SCOUT_SPN01_SS_nobam_cluster_table.csv",
                "subclonal_deconvolution/pyclonevi/SCOUT/SPN01_SS_nobam/SCOUT_SPN01_SS_nobam_pyclone_input.tsv",
                "subclonal_deconvolution/pyclonevi/SCOUT/SPN01_SS_nobam/SCOUT_SPN01_SS_nobam_pyclone_input_all_samples.tsv",
                "variant_annotation",
                "variant_annotation/vep",
                "variant_annotation/vep/SCOUT",
                "variant_annotation/vep/SCOUT/SPN01_MS",
                "variant_annotation/vep/SCOUT/SPN01_MS/SPN01_100X_0.9p_Sample_B",
                "variant_annotation/vep/SCOUT/SPN01_MS/SPN01_100X_0.9p_Sample_B/SCOUT_SPN01_MS_SPN01_100X_0.9p_Sample_B.vep.vcf.gz",
                "variant_annotation/vep/SCOUT/SPN01_MS/SPN01_100X_0.9p_Sample_C",
                "variant_annotation/vep/SCOUT/SPN01_MS/SPN01_100X_0.9p_Sample_C/SCOUT_SPN01_MS_SPN01_100X_0.9p_Sample_C.vep.vcf.gz",
                "variant_annotation/vep/SCOUT/SPN01_SS",
                "variant_annotation/vep/SCOUT/SPN01_SS/SPN01_100X_0.9p_Sample_B",
                "variant_annotation/vep/SCOUT/SPN01_SS/SPN01_100X_0.9p_Sample_B/SCOUT_SPN01_SS_SPN01_100X_0.9p_Sample_B.vep.vcf.gz",
                "variant_annotation/vep/SCOUT/SPN01_SS/SPN01_100X_0.9p_Sample_C",
                "variant_annotation/vep/SCOUT/SPN01_SS/SPN01_100X_0.9p_Sample_C/SCOUT_SPN01_SS_SPN01_100X_0.9p_Sample_C.vep.vcf.gz",
                "variant_annotation/vep/SCOUT/SPN01_SS_nobam",
                "variant_annotation/vep/SCOUT/SPN01_SS_nobam/SPN01_100X_0.9p_Sample_B",
                "variant_annotation/vep/SCOUT/SPN01_SS_nobam/SPN01_100X_0.9p_Sample_B/SCOUT_SPN01_SS_nobam_SPN01_100X_0.9p_Sample_B.vep.vcf.gz",
                "variant_annotation/vep/SCOUT/SPN01_SS_nobam/SPN01_100X_0.9p_Sample_C",
                "variant_annotation/vep/SCOUT/SPN01_SS_nobam/SPN01_100X_0.9p_Sample_C/SCOUT_SPN01_SS_nobam_SPN01_100X_0.9p_Sample_C.vep.vcf.gz"
            ],
            [
                "SCOUT_SPN01_MS_SPN01_100X_0.9p_Sample_B.vcf.gz:md5,f7f9bc2a0fcd6924bb03c06d3b31f39f",
                "SCOUT_SPN01_MS_SPN01_100X_0.9p_Sample_B.vcf.gz.tbi:md5,8eda5a90fa2928682c65aef7b04363f8",
                "SCOUT_SPN01_MS_SPN01_100X_0.9p_Sample_C.vcf.gz:md5,979f74e97bb04fbdd3f883e39baa533e",
                "SCOUT_SPN01_MS_SPN01_100X_0.9p_Sample_C.vcf.gz.tbi:md5,8eda5a90fa2928682c65aef7b04363f8",
                "SCOUT_SPN01_SS_SPN01_100X_0.9p_Sample_B.vcf.gz:md5,fe189abd37b8b3d4c08c881f4b557286",
                "SCOUT_SPN01_SS_SPN01_100X_0.9p_Sample_B.vcf.gz.tbi:md5,498e7bd58d6343ed344ab2c560af7111",
                "SCOUT_SPN01_SS_SPN01_100X_0.9p_Sample_C.vcf.gz:md5,3300d24a421f9cb23209c1a5d4cd3f6e",
                "SCOUT_SPN01_SS_SPN01_100X_0.9p_Sample_C.vcf.gz.tbi:md5,d8dcddaa7590e94a106c6dead1609297",
                "SCOUT_SPN01_SS_nobam_SPN01_100X_0.9p_Sample_B.vcf.gz:md5,f9e29c31f0eee70dd79be54dcd04d9dd",
                "SCOUT_SPN01_SS_nobam_SPN01_100X_0.9p_Sample_B.vcf.gz.tbi:md5,3ade547f74d516fb99a6383057565e4b",
                "SCOUT_SPN01_SS_nobam_SPN01_100X_0.9p_Sample_C.vcf.gz:md5,618a733f7c9226e4cf36911bef8cb07c",
                "SCOUT_SPN01_SS_nobam_SPN01_100X_0.9p_Sample_C.vcf.gz.tbi:md5,62a78ad73455528d30ea7072d53ec13d",
                "SCOUT_SPN01_MS_SPN01_100X_0.9p_Sample_B_driver.rds:md5,b2ae59e9925be069e5373f8fee39df99",
                "SCOUT_SPN01_MS_SPN01_100X_0.9p_Sample_C_driver.rds:md5,dab7371148550cca22275fb037af3bc7",
                "SCOUT_SPN01_SS_SPN01_100X_0.9p_Sample_B_driver.rds:md5,80628f83d317d84cdf5fb950f146b7a0",
                "SCOUT_SPN01_SS_SPN01_100X_0.9p_Sample_C_driver.rds:md5,beae507fc258f9f5228b1590aebfa79b",
                "SCOUT_SPN01_SS_nobam_SPN01_100X_0.9p_Sample_B_driver.rds:md5,78818dccf402d90d6636afbc3810fb5f",
                "SCOUT_SPN01_SS_nobam_SPN01_100X_0.9p_Sample_C_driver.rds:md5,c751021e2a8f4a7211acaa4b0a58b4b8",
                "SCOUT_SPN01_MS_SPN01_100X_0.9p_Sample_B_cna.rds:md5,2e55c9af8d69de7f55a0e7f5748d9a02",
                "SCOUT_SPN01_MS_SPN01_100X_0.9p_Sample_C_cna.rds:md5,56594e10e69666d38516a677a5a633f6",
                "SCOUT_SPN01_SS_SPN01_100X_0.9p_Sample_B_cna.rds:md5,2e55c9af8d69de7f55a0e7f5748d9a02",
                "SCOUT_SPN01_SS_SPN01_100X_0.9p_Sample_C_cna.rds:md5,56594e10e69666d38516a677a5a633f6",
                "SCOUT_SPN01_SS_nobam_SPN01_100X_0.9p_Sample_B_cna.rds:md5,2e55c9af8d69de7f55a0e7f5748d9a02",
                "SCOUT_SPN01_SS_nobam_SPN01_100X_0.9p_Sample_C_cna.rds:md5,56594e10e69666d38516a677a5a633f6",
                "SCOUT_SPN01_MS_joint_table.tsv:md5,24d0758146839f0d4804126ec3f2cd23",
                "SCOUT_SPN01_SS_joint_table.tsv:md5,b86a289c77cc6579d2c27af7b8db12c1",
                "SCOUT_SPN01_SS_nobam_joint_table.tsv:md5,7f9e23a4fa9708063040a1435bf0aad1",
                "SCOUT_SPN01_MS_SPN01_100X_0.9p_Sample_B_snv.rds:md5,8c4f052bff014fe988b12424ab4b7b57",
                "SCOUT_SPN01_MS_SPN01_100X_0.9p_Sample_C_snv.rds:md5,8d7851acdcf94458f730f5734e06b5d2",
                "SCOUT_SPN01_SS_SPN01_100X_0.9p_Sample_B_snv.rds:md5,dae254cf8f2f9d2f6760edb3b2901cf4",
                "SCOUT_SPN01_SS_SPN01_100X_0.9p_Sample_C_snv.rds:md5,d75a549a977e32634c1b3ce8c18e8de5",
                "SCOUT_SPN01_SS_nobam_SPN01_100X_0.9p_Sample_B_snv.rds:md5,dae254cf8f2f9d2f6760edb3b2901cf4",
                "SCOUT_SPN01_SS_nobam_SPN01_100X_0.9p_Sample_C_snv.rds:md5,d75a549a977e32634c1b3ce8c18e8de5",
                "SCOUT_SPN01_SS_SPN01_100X_0.9p_Sample_B.bcftools_stats.txt:md5,449976b3ca0f46dc53544f64f34ebc03",
                "SCOUT_SPN01_SS_SPN01_100X_0.9p_Sample_B.vcf.gz:md5,8a8a0ee1f684829b2dc290e6bc43f84c",
                "SCOUT_SPN01_SS_SPN01_100X_0.9p_Sample_B.vcf.gz.tbi:md5,820f74624333de7655e341edf3a926c4",
                "SCOUT_SPN01_SS_SPN01_100X_0.9p_Sample_C.bcftools_stats.txt:md5,f26483252034f2761365912773571d77",
                "SCOUT_SPN01_SS_SPN01_100X_0.9p_Sample_C.vcf.gz:md5,a7761b5b76970330a87fae6eed6cf86a",
                "SCOUT_SPN01_SS_SPN01_100X_0.9p_Sample_C.vcf.gz.tbi:md5,09b886e2c463f207833b9cbafb057996",
                "SCOUT_SPN01_SS_all_positions.rds:md5,eac9bb2c8f6392af675a3046d57df74c",
                "SCOUT_SPN01_SS_SPN01_100X_0.9p_Sample_B_pileup_VCF.rds:md5,3d57f8279d999dbec447e6ebb50926b0",
                "SPN01_100X_0.9p_Sample_B_positions_missing:md5,175c8ae58b51ca2dabd18c1288d0e57b",
                "SCOUT_SPN01_SS_SPN01_100X_0.9p_Sample_C_pileup_VCF.rds:md5,4ff523468a6142752f6652aefccfd538",
                "SPN01_100X_0.9p_Sample_C_positions_missing:md5,12ecc9e554bc667daa8b3784651e07a5",
                "versions.yml:md5,7d5ac534667906abad93e535c3fa4399",
                "SCOUT_SPN01_MS_SPN01_100X_0.9p_Sample_B_data.pdf:md5,5d563c61ee477802c02ad20d5fc74fa9",
                "SCOUT_SPN01_MS_SPN01_100X_0.9p_Sample_B_data_plot.rds:md5,3a11b9ba6d2a669c9f4cb5d07bf3cdf9",
                "SCOUT_SPN01_MS_SPN01_100X_0.9p_Sample_B_qc.pdf:md5,2bb3a31a92286c5bd9ad4636b12f97d5",
                "SCOUT_SPN01_MS_SPN01_100X_0.9p_Sample_B_qc.rds:md5,b666a06bd445ebe9b20bff1028337bc5",
                "SCOUT_SPN01_MS_SPN01_100X_0.9p_Sample_B_qc_plot.rds:md5,611513e68dff96e2d716cd2741b2907c",
                "SCOUT_SPN01_MS_SPN01_100X_0.9p_Sample_C_data.pdf:md5,b7c8dfee587b1be6b01a6a72fc2b3600",
                "SCOUT_SPN01_MS_SPN01_100X_0.9p_Sample_C_data_plot.rds:md5,be10a741af0414f14944fde8b0964497",
                "SCOUT_SPN01_MS_SPN01_100X_0.9p_Sample_C_qc.pdf:md5,d4a5341346a746278d5d6675bdd2d6dc",
                "SCOUT_SPN01_MS_SPN01_100X_0.9p_Sample_C_qc.rds:md5,bc16abd8531db8aaa38390844298012f",
                "SCOUT_SPN01_MS_SPN01_100X_0.9p_Sample_C_qc_plot.rds:md5,7600035cb84717430ebc1397599ec2b6",
                "SCOUT_SPN01_SS_SPN01_100X_0.9p_Sample_B_data.pdf:md5,0de071dd8e07946da3f87fa85543cab1",
                "SCOUT_SPN01_SS_SPN01_100X_0.9p_Sample_B_data_plot.rds:md5,358c6f1bde70a91b1fd6c231138ec8f3",
                "SCOUT_SPN01_SS_SPN01_100X_0.9p_Sample_B_qc.pdf:md5,74f1619eb503f0092dcc4a276845f8f4",
                "SCOUT_SPN01_SS_SPN01_100X_0.9p_Sample_B_qc.rds:md5,0f1c11c0b02be8225ca17a26cf686611",
                "SCOUT_SPN01_SS_SPN01_100X_0.9p_Sample_B_qc_plot.rds:md5,9d24235c545abf84862f4fa21c2f8a7e",
                "SCOUT_SPN01_SS_SPN01_100X_0.9p_Sample_C_data.pdf:md5,69e534f12c3add972b8d54fa28a60f2d",
                "SCOUT_SPN01_SS_SPN01_100X_0.9p_Sample_C_data_plot.rds:md5,a576a0385cbcff3451b4aa7d12100749",
                "SCOUT_SPN01_SS_SPN01_100X_0.9p_Sample_C_qc.pdf:md5,20e43d79c90b92864cf9b18169e5f634",
                "SCOUT_SPN01_SS_SPN01_100X_0.9p_Sample_C_qc.rds:md5,94cb536f355210ba0ac1c6dd4677bec2",
                "SCOUT_SPN01_SS_SPN01_100X_0.9p_Sample_C_qc_plot.rds:md5,65f73a1e123f6f2cdbc49315e1b96b13",
                "SCOUT_SPN01_SS_nobam_SPN01_100X_0.9p_Sample_B_data.pdf:md5,1842446244bc51f351c661df2e624092",
                "SCOUT_SPN01_SS_nobam_SPN01_100X_0.9p_Sample_B_data_plot.rds:md5,0e773f1fe93163fcf8b0b8ead9f7d4e4",
                "SCOUT_SPN01_SS_nobam_SPN01_100X_0.9p_Sample_B_qc.pdf:md5,7246b806b0d98a7238d7b67b5b53562c",
                "SCOUT_SPN01_SS_nobam_SPN01_100X_0.9p_Sample_B_qc.rds:md5,4011ffc6a9bdaf3d5704a5f588b26ddb",
                "SCOUT_SPN01_SS_nobam_SPN01_100X_0.9p_Sample_B_qc_plot.rds:md5,1ad10c4b62418147b634882d7b30878a",
                "SCOUT_SPN01_SS_nobam_SPN01_100X_0.9p_Sample_C_data.pdf:md5,f1cf4cd259795fa5147d750e7cb759c2",
                "SCOUT_SPN01_SS_nobam_SPN01_100X_0.9p_Sample_C_data_plot.rds:md5,88ee4521587a3751643a8075562ab1db",
                "SCOUT_SPN01_SS_nobam_SPN01_100X_0.9p_Sample_C_qc.pdf:md5,534d6b64bcd727c2937049d6d7c1fec6",
                "SCOUT_SPN01_SS_nobam_SPN01_100X_0.9p_Sample_C_qc.rds:md5,2a3a999c4343b7c95309346be4f5dcde",
                "SCOUT_SPN01_SS_nobam_SPN01_100X_0.9p_Sample_C_qc_plot.rds:md5,2e8fff28cc36516352aecc1a9aed3992",
                "SCOUT_SPN01_MS_multi_cnaqc_ALL.rds:md5,f6e05ad6d90c5e2688fab010a09da59c",
                "SCOUT_SPN01_MS_multi_cnaqc_PASS.rds:md5,d25a42ff06500b8fc6ffa1beaaf0a99f",
                "SCOUT_SPN01_SS_multi_cnaqc_ALL.rds:md5,7c3821dd192e763e20ef5de3acd4ef89",
                "SCOUT_SPN01_SS_multi_cnaqc_PASS.rds:md5,7cdb12b6df86b422133f17d4143382cd",
                "SCOUT_SPN01_SS_nobam_multi_cnaqc_ALL.rds:md5,87ad7198472a42b0410157d168f86a74",
                "SCOUT_SPN01_SS_nobam_multi_cnaqc_PASS.rds:md5,70ecd34935a90805b5b49e1d23fe5254",
                "SCOUT_SPN01_MS_SPN01_100X_0.9p_Sample_B_fit.rds:md5,505a1ba4c95c5b74419a65f94531fbb8",
                "SCOUT_SPN01_MS_SPN01_100X_0.9p_Sample_B_plot.pdf:md5,56476f97310e953e76411a3aa1b30919",
                "SCOUT_SPN01_MS_SPN01_100X_0.9p_Sample_B_plot.rds:md5,80c199f407e8f0abd0e3820ab2e43434",
                "SCOUT_SPN01_MS_SPN01_100X_0.9p_Sample_B_qc.csv:md5,d32b893114f3fb458662c59c183f6d0a",
                "SCOUT_SPN01_MS_SPN01_100X_0.9p_Sample_C_fit.rds:md5,15f14779235465b8999f2aa87cfed370",
                "SCOUT_SPN01_MS_SPN01_100X_0.9p_Sample_C_plot.pdf:md5,225792c2f2c918f256ac3ecb5a1d03c7",
                "SCOUT_SPN01_MS_SPN01_100X_0.9p_Sample_C_plot.rds:md5,81498e2cac222f55182a528c34f1b31f",
                "SCOUT_SPN01_MS_SPN01_100X_0.9p_Sample_C_qc.csv:md5,92ba6d573ff03fe313e697072298ac3d",
                "SCOUT_SPN01_SS_SPN01_100X_0.9p_Sample_B_fit.rds:md5,394d99ac0b371fa47c7d29a37bbf2312",
                "SCOUT_SPN01_SS_SPN01_100X_0.9p_Sample_B_plot.pdf:md5,5abbb452d1dfb3a0c0b951556812e40d",
                "SCOUT_SPN01_SS_SPN01_100X_0.9p_Sample_B_plot.rds:md5,c9def25cd2d7ddc0ac19de7fc423360e",
                "SCOUT_SPN01_SS_SPN01_100X_0.9p_Sample_B_qc.csv:md5,d32b893114f3fb458662c59c183f6d0a",
                "SCOUT_SPN01_SS_SPN01_100X_0.9p_Sample_C_fit.rds:md5,7584dd4c4111d72aba598777d5a8bcc6",
                "SCOUT_SPN01_SS_SPN01_100X_0.9p_Sample_C_plot.pdf:md5,dbf5d7d1f3f4d1bc015808161ad1ddbe",
                "SCOUT_SPN01_SS_SPN01_100X_0.9p_Sample_C_plot.rds:md5,08b62a1964f3b19912d3157a65949776",
                "SCOUT_SPN01_SS_SPN01_100X_0.9p_Sample_C_qc.csv:md5,92ba6d573ff03fe313e697072298ac3d",
                "SCOUT_SPN01_SS_nobam_SPN01_100X_0.9p_Sample_B_fit.rds:md5,e501b8da8224c247b74d73f7acdbc4c8",
                "SCOUT_SPN01_SS_nobam_SPN01_100X_0.9p_Sample_B_plot.pdf:md5,831cee8c008dacbdb27b715ecda8ac8f",
                "SCOUT_SPN01_SS_nobam_SPN01_100X_0.9p_Sample_B_plot.rds:md5,4f1130df0a7088f6f010dd5f396ea1a1",
                "SCOUT_SPN01_SS_nobam_SPN01_100X_0.9p_Sample_B_qc.csv:md5,d32b893114f3fb458662c59c183f6d0a",
                "SCOUT_SPN01_SS_nobam_SPN01_100X_0.9p_Sample_C_fit.rds:md5,e31e292c66fb2c11aaaa96366408091b",
                "SCOUT_SPN01_SS_nobam_SPN01_100X_0.9p_Sample_C_plot.pdf:md5,2be1c33c83ec5256f1721d00861a589d",
                "SCOUT_SPN01_SS_nobam_SPN01_100X_0.9p_Sample_C_plot.rds:md5,89967f519f6be3fdf9e7fc97e1bf90d1",
                "SCOUT_SPN01_SS_nobam_SPN01_100X_0.9p_Sample_C_qc.csv:md5,92ba6d573ff03fe313e697072298ac3d",
                "10000001-11000000.gz:md5,6e55700ef679694aee792f6776a7534e",
                "10000001-11000000_reg.gz:md5,5ff892718adbf235c6625af49bff0cab",
                "1000001-2000000.gz:md5,9de240fe193195763aa17e84bf8eccc0",
                "1000001-2000000_reg.gz:md5,6680eeb49312c2fbabe35f2d550c4615",
                "12000001-13000000.gz:md5,31170c621304a94929be3a419ad2be42",
                "12000001-13000000_reg.gz:md5,202b639e5a04c318615ffbfeff2dffd5",
                "15000001-16000000.gz:md5,144bc08c2c4426dfb3ea2d4ed403f872",
                "15000001-16000000_reg.gz:md5,43994aa88658ba3a0358518f66d98c81",
                "17000001-18000000.gz:md5,16275b1105f208a2be42f239045b0d6f",
                "17000001-18000000_reg.gz:md5,a4227b1bd13922637c173c79dad71876",
                "2000001-3000000.gz:md5,02d240d25aa74fd3955beb5099ee7b5b",
                "2000001-3000000_reg.gz:md5,304eb5cf52e99518829893c31dc9eada",
                "22000001-23000000.gz:md5,4d68f29b31535d3ab8914f30f029f675",
                "22000001-23000000_reg.gz:md5,7ea9a85977cb077f39656a132bd07cf2",
                "30000001-31000000.gz:md5,7ccdb3a3b53b2dd657ef8d615689f299",
                "30000001-31000000_reg.gz:md5,3f27985d0d3310656db0f5e0f0cc6c41",
                "31000001-32000000.gz:md5,12bdef71ffe67a30bba4f448acb3e8a3",
                "31000001-32000000_reg.gz:md5,d6e3de963f50d9ce4543ed7f457adcf9",
                "34000001-35000000.gz:md5,8b9f9737baa39504fab4fed7ad59b4ba",
                "34000001-35000000_reg.gz:md5,ae5d98075037c75326b942571157c89c",
                "35000001-36000000.gz:md5,b895cd2b5dfcb7e6355f449e4ebbc7f5",
                "35000001-36000000_reg.gz:md5,9b3a5602da2b768ed90a022926d79957",
                "40000001-41000000.gz:md5,abdcc2aaf0c1e77ff5107d2e5057cf32",
                "40000001-41000000_reg.gz:md5,c9e714cd6a55db45dd3243a661f4ee03",
                "4000001-5000000.gz:md5,d0ff49fd0921e93ebe53e853f9df0aae",
                "4000001-5000000_reg.gz:md5,792e540301c4eb32026d738087829f12",
                "42000001-43000000.gz:md5,d2a962f5a3b1c2aad447ba66e7dc2ba8",
                "42000001-43000000_reg.gz:md5,d340dba8aea176870d62fdd38f0c8a62",
                "47000001-48000000.gz:md5,19ae7ed8bb1d26f93d3085469077fffb",
                "47000001-48000000_reg.gz:md5,21fca35371d36c1aa203619fd75ce81e",
                "48000001-49000000.gz:md5,8a1e1b0d9833e0e0859642c74fa92ce6",
                "48000001-49000000_reg.gz:md5,bdcfbca744f7b5f0287fe7e9ad61036c",
                "49000001-50000000.gz:md5,fc3132a20ab5620e0b2da0dadb7b12b8",
                "49000001-50000000_reg.gz:md5,5f0ba41d9a354bbb450e37c905fedaec",
                "5000001-6000000.gz:md5,9c66edc482701742af84824a26643bf7",
                "5000001-6000000_reg.gz:md5,54ddfc699220a46bbcc9db77a8c00be2",
                "52000001-53000000.gz:md5,b4a47c01f3a054904c3f137fa2e626e9",
                "52000001-53000000_reg.gz:md5,09dfe73336be1280452c730c8fe12130",
                "53000001-54000000.gz:md5,958667d90e4d6250b0f90e7aff531dc8",
                "53000001-54000000_reg.gz:md5,ed44f865fe274947dbe668f274ac8b58",
                "60000001-61000000.gz:md5,6b0b48c6c180ba9f8e5e772f1e455479",
                "60000001-61000000_reg.gz:md5,668cddf4ef6d582cd13ed4026abead15",
                "63000001-64000000.gz:md5,577bebea3ea74f7eccbe5c0555dac336",
                "63000001-64000000_reg.gz:md5,676dd2374eb66804bc6467ce7161aa77",
                "68000001-69000000.gz:md5,b24b83b116e420a039b55fd85b62421a",
                "68000001-69000000_reg.gz:md5,9fe507b03f28e77db2c4195a8063d67d",
                "70000001-71000000.gz:md5,d4519518df879e513234aecaea9c8f1b",
                "70000001-71000000_reg.gz:md5,2e80b5cfd57230a0b1b86b6a90fbedfc",
                "7000001-8000000.gz:md5,c6c2657ac02936ce70087c1c5fd70fcb",
                "7000001-8000000_reg.gz:md5,c15ca827737799a20cf2c237fd339f16",
                "78000001-79000000.gz:md5,8ec94ec58186d2679acd2f5d14a43dfd",
                "78000001-79000000_reg.gz:md5,70aa13e742b135778d202a04042b4627",
                "80000001-81000000.gz:md5,39fff2a6916a3c610281d8d737b7d770",
                "80000001-81000000_reg.gz:md5,eee424e334ece5815e2df0295d6d7297",
                "8000001-9000000.gz:md5,ef4fa9989773f790af7ab8d0734eea5f",
                "8000001-9000000_reg.gz:md5,a73c119a119ce7774bf50e03707aa94d",
                "81000001-82000000.gz:md5,d82fa80aa604c826f851a31a01981a41",
                "81000001-82000000_reg.gz:md5,3e5dd38757a8d1fc013199fb47cf3079",
                "82000001-83000000.gz:md5,633055e45e11520db2108b49fc1b50f3",
                "82000001-83000000_reg.gz:md5,17f4d97aeb183d2fa9fd70966acdb6ba",
                "9000001-10000000.gz:md5,838822deb684ad3d49f58f07ed88b8b6",
                "9000001-10000000_reg.gz:md5,ee23490616b3b69aa3cd2336c2f832dc",
                "all_var.gz:md5,d3424d411fd90d11608a9b008ce3723a",
                "chr_synonyms.txt:md5,11e02fc243659e6ad768d6b78284ec98",
                "info.txt:md5,0602ec9c683f5de9b058d9959ae31d18",
                "versions.yml:md5,daf1b79e7ba471f7e84f3a6ad74fe714",
                "JOB_METADATA.txt:md5,a72849c61966e5167b7f1de82e587c2c",
                "JOB_METADATA.txt:md5,a72849c61966e5167b7f1de82e587c2c",
                "JOB_METADATA.txt:md5,a72849c61966e5167b7f1de82e587c2c",
                "input_data.txt:md5,95c662eb214aadb56a99f835feb657b9",
                "input_data.txt:md5,95c662eb214aadb56a99f835feb657b9",
                "SCOUT.DBS1248.all:md5,1eeb4fb5a54e1ff602bafeeac444181c",
                "SCOUT.DBS150.all:md5,add56ab3667e6d1ab72847da8c959c6e",
                "SCOUT.DBS186.all:md5,afa722c7b313bad11ce943c4b6db9522",
                "SCOUT.DBS2400.all:md5,4e8a153541bf7b0d478da87b5fd2e93a",
                "SCOUT.DBS2976.all:md5,7f350d17270083216f72756a76f9904b",
                "SCOUT.DBS78.all:md5,61b22373439c09224a78799a7745f685",
                "SCOUT.ID28.all:md5,2211f81623891e90255c1fb667005124",
                "SCOUT.ID332.all:md5,16b585de87349dab6a8c80ab7bfabe79",
                "SCOUT.ID415.all:md5,355cc40a1adc8b8a91253fa7a0bf166f",
                "SCOUT.ID83.all:md5,cfe7292f2049890b080392a4bd7bc440",
                "SCOUT.ID8628.all:md5,382a784c77639ea09b7e800f8c0a437a",
                "SCOUT.ID96.all:md5,87c7ae91f775d1b7ff585065546247c8",
                "SCOUT.SBS1536.all:md5,940a1e4cdbaace796a9e6536c83d6d19",
                "SCOUT.SBS18.all:md5,d773de64e3610f9d4ac01d0fffcc0b38",
                "SCOUT.SBS24.all:md5,1f22f804ea5e0a716b9ad76cc08dd7f4",
                "SCOUT.SBS288.all:md5,12ce9ecd240fb280f57db85c4ee03271",
                "SCOUT.SBS384.all:md5,fe00031c6585386927f915a27af4c107",
                "SCOUT.SBS4608.all:md5,d75b3250091f99b269d4aee31af4f82d",
                "SCOUT.SBS6.all:md5,ec0d07f8bbf1314d75619c40fbe9055a",
                "SCOUT.SBS6144.all:md5,0ecf13c6d5d1d6bd027a954390d56004",
                "SCOUT.SBS96.all:md5,97dce7784a0aa164e658d1915f402440",
                "SigProfilerMatrixGenerator_SCOUT_GRCh382025-11-26.err:md5,d41d8cd98f00b204e9800998ecf8427e",
                "SigProfilerMatrixGenerator_SCOUT_GRCh382025-11-26.out:md5,a0f476a5dc0b0f647d8c154a875e2360",
                "10_seqinfo.txt:md5,d41d8cd98f00b204e9800998ecf8427e",
                "11_seqinfo.txt:md5,d41d8cd98f00b204e9800998ecf8427e",
                "12_seqinfo.txt:md5,d41d8cd98f00b204e9800998ecf8427e",
                "13_seqinfo.txt:md5,d41d8cd98f00b204e9800998ecf8427e",
                "14_seqinfo.txt:md5,d41d8cd98f00b204e9800998ecf8427e",
                "15_seqinfo.txt:md5,d41d8cd98f00b204e9800998ecf8427e",
                "16_seqinfo.txt:md5,d41d8cd98f00b204e9800998ecf8427e",
                "17_seqinfo.txt:md5,1f0fcaee8154fcb014c2b4b345f585c6",
                "18_seqinfo.txt:md5,d41d8cd98f00b204e9800998ecf8427e",
                "19_seqinfo.txt:md5,d41d8cd98f00b204e9800998ecf8427e",
                "1_seqinfo.txt:md5,d41d8cd98f00b204e9800998ecf8427e",
                "20_seqinfo.txt:md5,d41d8cd98f00b204e9800998ecf8427e",
                "21_seqinfo.txt:md5,d41d8cd98f00b204e9800998ecf8427e",
                "22_seqinfo.txt:md5,d41d8cd98f00b204e9800998ecf8427e",
                "2_seqinfo.txt:md5,d41d8cd98f00b204e9800998ecf8427e",
                "3_seqinfo.txt:md5,d41d8cd98f00b204e9800998ecf8427e",
                "4_seqinfo.txt:md5,d41d8cd98f00b204e9800998ecf8427e",
                "5_seqinfo.txt:md5,d41d8cd98f00b204e9800998ecf8427e",
                "6_seqinfo.txt:md5,d41d8cd98f00b204e9800998ecf8427e",
                "7_seqinfo.txt:md5,d41d8cd98f00b204e9800998ecf8427e",
                "8_seqinfo.txt:md5,d41d8cd98f00b204e9800998ecf8427e",
                "9_seqinfo.txt:md5,d41d8cd98f00b204e9800998ecf8427e",
                "MT_seqinfo.txt:md5,d41d8cd98f00b204e9800998ecf8427e",
                "X_seqinfo.txt:md5,d41d8cd98f00b204e9800998ecf8427e",
                "Y_seqinfo.txt:md5,d41d8cd98f00b204e9800998ecf8427e",
                "10_seqinfo.txt:md5,d41d8cd98f00b204e9800998ecf8427e",
                "11_seqinfo.txt:md5,d41d8cd98f00b204e9800998ecf8427e",
                "12_seqinfo.txt:md5,d41d8cd98f00b204e9800998ecf8427e",
                "13_seqinfo.txt:md5,d41d8cd98f00b204e9800998ecf8427e",
                "14_seqinfo.txt:md5,d41d8cd98f00b204e9800998ecf8427e",
                "15_seqinfo.txt:md5,d41d8cd98f00b204e9800998ecf8427e",
                "16_seqinfo.txt:md5,d41d8cd98f00b204e9800998ecf8427e",
                "17_seqinfo.txt:md5,7909d9076aa9102ee9f3e9bcdbd66677",
                "18_seqinfo.txt:md5,d41d8cd98f00b204e9800998ecf8427e",
                "19_seqinfo.txt:md5,d41d8cd98f00b204e9800998ecf8427e",
                "1_seqinfo.txt:md5,d41d8cd98f00b204e9800998ecf8427e",
                "20_seqinfo.txt:md5,d41d8cd98f00b204e9800998ecf8427e",
                "21_seqinfo.txt:md5,d41d8cd98f00b204e9800998ecf8427e",
                "22_seqinfo.txt:md5,d41d8cd98f00b204e9800998ecf8427e",
                "2_seqinfo.txt:md5,d41d8cd98f00b204e9800998ecf8427e",
                "3_seqinfo.txt:md5,d41d8cd98f00b204e9800998ecf8427e",
                "4_seqinfo.txt:md5,d41d8cd98f00b204e9800998ecf8427e",
                "5_seqinfo.txt:md5,d41d8cd98f00b204e9800998ecf8427e",
                "6_seqinfo.txt:md5,d41d8cd98f00b204e9800998ecf8427e",
                "7_seqinfo.txt:md5,d41d8cd98f00b204e9800998ecf8427e",
                "8_seqinfo.txt:md5,d41d8cd98f00b204e9800998ecf8427e",
                "9_seqinfo.txt:md5,d41d8cd98f00b204e9800998ecf8427e",
                "MT_seqinfo.txt:md5,d41d8cd98f00b204e9800998ecf8427e",
                "X_seqinfo.txt:md5,d41d8cd98f00b204e9800998ecf8427e",
                "Y_seqinfo.txt:md5,d41d8cd98f00b204e9800998ecf8427e",
                "10_seqinfo.txt:md5,d41d8cd98f00b204e9800998ecf8427e",
                "11_seqinfo.txt:md5,d41d8cd98f00b204e9800998ecf8427e",
                "12_seqinfo.txt:md5,d41d8cd98f00b204e9800998ecf8427e",
                "13_seqinfo.txt:md5,d41d8cd98f00b204e9800998ecf8427e",
                "14_seqinfo.txt:md5,d41d8cd98f00b204e9800998ecf8427e",
                "15_seqinfo.txt:md5,d41d8cd98f00b204e9800998ecf8427e",
                "16_seqinfo.txt:md5,d41d8cd98f00b204e9800998ecf8427e",
                "17_seqinfo.txt:md5,0a071aab38f35fbdf9d9bef86b19066b",
                "18_seqinfo.txt:md5,d41d8cd98f00b204e9800998ecf8427e",
                "19_seqinfo.txt:md5,d41d8cd98f00b204e9800998ecf8427e",
                "1_seqinfo.txt:md5,d41d8cd98f00b204e9800998ecf8427e",
                "20_seqinfo.txt:md5,d41d8cd98f00b204e9800998ecf8427e",
                "21_seqinfo.txt:md5,d41d8cd98f00b204e9800998ecf8427e",
                "22_seqinfo.txt:md5,d41d8cd98f00b204e9800998ecf8427e",
                "2_seqinfo.txt:md5,d41d8cd98f00b204e9800998ecf8427e",
                "3_seqinfo.txt:md5,d41d8cd98f00b204e9800998ecf8427e",
                "4_seqinfo.txt:md5,d41d8cd98f00b204e9800998ecf8427e",
                "5_seqinfo.txt:md5,d41d8cd98f00b204e9800998ecf8427e",
                "6_seqinfo.txt:md5,d41d8cd98f00b204e9800998ecf8427e",
                "7_seqinfo.txt:md5,d41d8cd98f00b204e9800998ecf8427e",
                "8_seqinfo.txt:md5,d41d8cd98f00b204e9800998ecf8427e",
                "9_seqinfo.txt:md5,d41d8cd98f00b204e9800998ecf8427e",
                "MT_seqinfo.txt:md5,d41d8cd98f00b204e9800998ecf8427e",
                "X_seqinfo.txt:md5,d41d8cd98f00b204e9800998ecf8427e",
                "Y_seqinfo.txt:md5,d41d8cd98f00b204e9800998ecf8427e",
                "10_seqinfo.txt:md5,d41d8cd98f00b204e9800998ecf8427e",
                "11_seqinfo.txt:md5,d41d8cd98f00b204e9800998ecf8427e",
                "12_seqinfo.txt:md5,d41d8cd98f00b204e9800998ecf8427e",
                "13_seqinfo.txt:md5,d41d8cd98f00b204e9800998ecf8427e",
                "14_seqinfo.txt:md5,d41d8cd98f00b204e9800998ecf8427e",
                "15_seqinfo.txt:md5,d41d8cd98f00b204e9800998ecf8427e",
                "16_seqinfo.txt:md5,d41d8cd98f00b204e9800998ecf8427e",
                "17_seqinfo.txt:md5,0964f368d1a12ac5b4d510a04155571d",
                "18_seqinfo.txt:md5,d41d8cd98f00b204e9800998ecf8427e",
                "19_seqinfo.txt:md5,d41d8cd98f00b204e9800998ecf8427e",
                "1_seqinfo.txt:md5,d41d8cd98f00b204e9800998ecf8427e",
                "20_seqinfo.txt:md5,d41d8cd98f00b204e9800998ecf8427e",
                "21_seqinfo.txt:md5,d41d8cd98f00b204e9800998ecf8427e",
                "22_seqinfo.txt:md5,d41d8cd98f00b204e9800998ecf8427e",
                "2_seqinfo.txt:md5,d41d8cd98f00b204e9800998ecf8427e",
                "3_seqinfo.txt:md5,d41d8cd98f00b204e9800998ecf8427e",
                "4_seqinfo.txt:md5,d41d8cd98f00b204e9800998ecf8427e",
                "5_seqinfo.txt:md5,d41d8cd98f00b204e9800998ecf8427e",
                "6_seqinfo.txt:md5,d41d8cd98f00b204e9800998ecf8427e",
                "7_seqinfo.txt:md5,d41d8cd98f00b204e9800998ecf8427e",
                "8_seqinfo.txt:md5,d41d8cd98f00b204e9800998ecf8427e",
                "9_seqinfo.txt:md5,d41d8cd98f00b204e9800998ecf8427e",
                "MT_seqinfo.txt:md5,d41d8cd98f00b204e9800998ecf8427e",
                "X_seqinfo.txt:md5,d41d8cd98f00b204e9800998ecf8427e",
                "Y_seqinfo.txt:md5,d41d8cd98f00b204e9800998ecf8427e",
                "SCOUT_SPN01_MS_ctree_pyclonevi.rds:md5,cfac4591c0b29f73c24b2089941b1c7f",
                "SCOUT_SPN01_MS_ctree_pyclonevi_plots.rds:md5,c79db2265b1c92f47f5bfaabf275f4ac",
                "SCOUT_SPN01_MS_ctree_pyclonevi_report.pdf:md5,24c3181bf7010b0f51fc2903d43fe433",
                "SCOUT_SPN01_MS_ctree_pyclonevi_report.png:md5,000cc49df5eedd313c58881b7b939003",
                "SCOUT_SPN01_MS_ctree_pyclonevi_report.rds:md5,b2b7c183a5ddcd1307b09f0f2e4ab87e",
                "SCOUT_SPN01_MS_SPN01_100X_0.9p_Sample_B_ctree_mobster.rds:md5,a45d13ec5aca7f507116019ad02bf98b",
                "SCOUT_SPN01_MS_SPN01_100X_0.9p_Sample_B_ctree_mobster_plots.rds:md5,ae5746b4fd826807b8d021d59a9c97dc",
                "SCOUT_SPN01_MS_SPN01_100X_0.9p_Sample_B_ctree_mobster_report.pdf:md5,6844955977ee6c40ff3023029757067a",
                "SCOUT_SPN01_MS_SPN01_100X_0.9p_Sample_B_ctree_mobster_report.png:md5,33be56f63dc2799cbbade8d08f7cb978",
                "SCOUT_SPN01_MS_SPN01_100X_0.9p_Sample_B_ctree_mobster_report.rds:md5,5c4c4658651b6f614971cffd3737248c",
                "SCOUT_SPN01_MS_SPN01_100X_0.9p_Sample_C_ctree_mobster.rds:md5,cb73e51f5cfea445acae7678f130d386",
                "SCOUT_SPN01_MS_SPN01_100X_0.9p_Sample_C_ctree_mobster_plots.rds:md5,a69fe97ab17c2f652a526cdf7b300330",
                "SCOUT_SPN01_MS_SPN01_100X_0.9p_Sample_C_ctree_mobster_report.pdf:md5,95fff26e33cede906fa418759ee3d606",
                "SCOUT_SPN01_MS_SPN01_100X_0.9p_Sample_C_ctree_mobster_report.png:md5,5ba565bb7b4aea66004e8f1069e64524",
                "SCOUT_SPN01_MS_SPN01_100X_0.9p_Sample_C_ctree_mobster_report.rds:md5,4ad535f6584d3df133fb6cef1d386c5c",
                "SCOUT_SPN01_SS_ctree_pyclonevi.rds:md5,d7c96499675ad681b1710eec0e0a0bfa",
                "SCOUT_SPN01_SS_ctree_pyclonevi_plots.rds:md5,7600717354e6cce010ead53ab652509e",
                "SCOUT_SPN01_SS_ctree_pyclonevi_report.pdf:md5,688ad950d7ac5ae045269e7a74fd04c6",
                "SCOUT_SPN01_SS_ctree_pyclonevi_report.png:md5,9c09f0cf33918b96e24af6d36b7115a1",
                "SCOUT_SPN01_SS_ctree_pyclonevi_report.rds:md5,3f5f5d2c576252a79af4d94641b86296",
                "SCOUT_SPN01_SS_SPN01_100X_0.9p_Sample_B_ctree_mobster.rds:md5,7f439436dab09415f1419f4bc6d73077",
                "SCOUT_SPN01_SS_SPN01_100X_0.9p_Sample_B_ctree_mobster_plots.rds:md5,c530a793fa990bc33ef9b3c434ebfd71",
                "SCOUT_SPN01_SS_SPN01_100X_0.9p_Sample_B_ctree_mobster_report.pdf:md5,77daa7ad4a5591784037e695d82caf0b",
                "SCOUT_SPN01_SS_SPN01_100X_0.9p_Sample_B_ctree_mobster_report.png:md5,db97305fbdce9765c238c6a95c8e2461",
                "SCOUT_SPN01_SS_SPN01_100X_0.9p_Sample_B_ctree_mobster_report.rds:md5,e79024e2c2268d7d3a1184f7f08d1ecb",
                "SCOUT_SPN01_SS_SPN01_100X_0.9p_Sample_C_ctree_mobster.rds:md5,4b3ab971facf3ac54ea7f42ef68803c8",
                "SCOUT_SPN01_SS_SPN01_100X_0.9p_Sample_C_ctree_mobster_plots.rds:md5,6eec8c12a15d3532a115969a66df5d3f",
                "SCOUT_SPN01_SS_SPN01_100X_0.9p_Sample_C_ctree_mobster_report.pdf:md5,6c2d08707a0b9ba3f55cb29632842b07",
                "SCOUT_SPN01_SS_SPN01_100X_0.9p_Sample_C_ctree_mobster_report.png:md5,50cbbfa59db9a3fd8c4e5afeb1d4426e",
                "SCOUT_SPN01_SS_SPN01_100X_0.9p_Sample_C_ctree_mobster_report.rds:md5,be5f80fa31814034f0799cced3571d85",
                "SCOUT_SPN01_SS_nobam_ctree_pyclonevi.rds:md5,e686ef9d866f738e2732e14a55f63562",
                "SCOUT_SPN01_SS_nobam_ctree_pyclonevi_plots.rds:md5,ced06be576ccfa7ef12d0da58e226fd1",
                "SCOUT_SPN01_SS_nobam_ctree_pyclonevi_report.pdf:md5,248cc6793a8660a58ad1d012285569d1",
                "SCOUT_SPN01_SS_nobam_ctree_pyclonevi_report.png:md5,e7c423dbe9f2f4b210467c789596f90a",
                "SCOUT_SPN01_SS_nobam_ctree_pyclonevi_report.rds:md5,98b2b1060769dbf5ca35b048cff8d873",
                "SCOUT_SPN01_SS_nobam_SPN01_100X_0.9p_Sample_B_ctree_mobster.rds:md5,169dbd596874837aeb0ffdfb1fffeea6",
                "SCOUT_SPN01_SS_nobam_SPN01_100X_0.9p_Sample_B_ctree_mobster_plots.rds:md5,12eebbecb3a611004fbdde3a14edecf0",
                "SCOUT_SPN01_SS_nobam_SPN01_100X_0.9p_Sample_B_ctree_mobster_report.pdf:md5,64a9a6c61f25528d179b7b3e54da221a",
                "SCOUT_SPN01_SS_nobam_SPN01_100X_0.9p_Sample_B_ctree_mobster_report.png:md5,4fc3a8d2af427c8a877bbb70b66bbe89",
                "SCOUT_SPN01_SS_nobam_SPN01_100X_0.9p_Sample_B_ctree_mobster_report.rds:md5,8f4a6ed7c9098a73b684302d8852394e",
                "SCOUT_SPN01_SS_nobam_SPN01_100X_0.9p_Sample_C_ctree_mobster.rds:md5,1a4a5d04304f3d670a7ce19a683cf305",
                "SCOUT_SPN01_SS_nobam_SPN01_100X_0.9p_Sample_C_ctree_mobster_plots.rds:md5,1f89d4e92a625be89e11a7ddd69fd901",
                "SCOUT_SPN01_SS_nobam_SPN01_100X_0.9p_Sample_C_ctree_mobster_report.pdf:md5,56686a8b939f09bf352e2bee508ce61e",
                "SCOUT_SPN01_SS_nobam_SPN01_100X_0.9p_Sample_C_ctree_mobster_report.png:md5,83303f3df62f078c9b9685d815ef7584",
                "SCOUT_SPN01_SS_nobam_SPN01_100X_0.9p_Sample_C_ctree_mobster_report.rds:md5,64e9210bcac7afba9d1d59b7c51c0a3b",
                "SCOUT_SPN01_MS_SPN01_100X_0.9p_Sample_B_mobster_best_fit.rds:md5,ef007395f894f3794182a5d3cd5a6665",
                "SCOUT_SPN01_MS_SPN01_100X_0.9p_Sample_B_mobster_best_plots.rds:md5,0a9a571c71503c576fe85bbde399daa7",
                "SCOUT_SPN01_MS_SPN01_100X_0.9p_Sample_B_mobster_fit.rds:md5,49d07f8363bdfca282ef0f0c14297c2a",
                "SCOUT_SPN01_MS_SPN01_100X_0.9p_Sample_B_mobster_report.pdf:md5,a6e8e2a366f5c563aeb690a29a4502a5",
                "SCOUT_SPN01_MS_SPN01_100X_0.9p_Sample_B_mobster_report.png:md5,e3dd9d21b925bf8fc5482b024aa2b63e",
                "SCOUT_SPN01_MS_SPN01_100X_0.9p_Sample_B_mobster_report.rds:md5,a38f11bd7f0a753b929aeea6ee7dd2bf",
                "SCOUT_SPN01_MS_SPN01_100X_0.9p_Sample_C_mobster_best_fit.rds:md5,1fe14a1c6de522ba713ac4c6a721c0b5",
                "SCOUT_SPN01_MS_SPN01_100X_0.9p_Sample_C_mobster_best_plots.rds:md5,dae6b77d4f6fe6147e33f010b8558212",
                "SCOUT_SPN01_MS_SPN01_100X_0.9p_Sample_C_mobster_fit.rds:md5,b78aac1c7f18e5de2cf65334f56d5c38",
                "SCOUT_SPN01_MS_SPN01_100X_0.9p_Sample_C_mobster_report.pdf:md5,a19d4f6ed23493a2481c0f2d9082fd05",
                "SCOUT_SPN01_MS_SPN01_100X_0.9p_Sample_C_mobster_report.png:md5,3299139834ad554fe8fccbc5f9cf32df",
                "SCOUT_SPN01_MS_SPN01_100X_0.9p_Sample_C_mobster_report.rds:md5,267acde8249de80e811fb2d07d29404a",
                "SCOUT_SPN01_SS_SPN01_100X_0.9p_Sample_B_mobster_best_fit.rds:md5,307829e5012e1c2f15699cf26ad61ef3",
                "SCOUT_SPN01_SS_SPN01_100X_0.9p_Sample_B_mobster_best_plots.rds:md5,c02ccec31863e7c91966e56535c16504",
                "SCOUT_SPN01_SS_SPN01_100X_0.9p_Sample_B_mobster_fit.rds:md5,5f2169a24aa5a0a0cadcdb481343fe71",
                "SCOUT_SPN01_SS_SPN01_100X_0.9p_Sample_B_mobster_report.pdf:md5,2ddd261436edfdbd37a901ad8dbf9e5e",
                "SCOUT_SPN01_SS_SPN01_100X_0.9p_Sample_B_mobster_report.png:md5,37b4ad387356aba37af31761f2c33e8c",
                "SCOUT_SPN01_SS_SPN01_100X_0.9p_Sample_B_mobster_report.rds:md5,1e23d46e7b69b86942fb6dc280138dcb",
                "SCOUT_SPN01_SS_SPN01_100X_0.9p_Sample_C_mobster_best_fit.rds:md5,db95ecaf81ba2c30c1f80bc645d341f8",
                "SCOUT_SPN01_SS_SPN01_100X_0.9p_Sample_C_mobster_best_plots.rds:md5,0466ec1191a2db6ed44d1b546573f3fb",
                "SCOUT_SPN01_SS_SPN01_100X_0.9p_Sample_C_mobster_fit.rds:md5,6a390386bbc5ba5834436cb990a505cd",
                "SCOUT_SPN01_SS_SPN01_100X_0.9p_Sample_C_mobster_report.pdf:md5,330356544bfac4623ac419f26cb50738",
                "SCOUT_SPN01_SS_SPN01_100X_0.9p_Sample_C_mobster_report.png:md5,6e46d01dce42e81076efdb7607ab1976",
                "SCOUT_SPN01_SS_SPN01_100X_0.9p_Sample_C_mobster_report.rds:md5,a7261a6dbd59b3dc9a22843604f5f7ec",
                "SCOUT_SPN01_SS_nobam_SPN01_100X_0.9p_Sample_B_mobster_best_fit.rds:md5,26797e1ff3e0e3e226504c3023822174",
                "SCOUT_SPN01_SS_nobam_SPN01_100X_0.9p_Sample_B_mobster_best_plots.rds:md5,18b9ad2ba289d34b378f710e221a56c6",
                "SCOUT_SPN01_SS_nobam_SPN01_100X_0.9p_Sample_B_mobster_fit.rds:md5,7568ff82df90e3e68ad3c5bbdf752228",
                "SCOUT_SPN01_SS_nobam_SPN01_100X_0.9p_Sample_B_mobster_report.pdf:md5,57eddf9cd9f241b2f83decfae327b0a2",
                "SCOUT_SPN01_SS_nobam_SPN01_100X_0.9p_Sample_B_mobster_report.png:md5,b0e5a96245161c6a7b4256df6f098d9f",
                "SCOUT_SPN01_SS_nobam_SPN01_100X_0.9p_Sample_B_mobster_report.rds:md5,7cc281b9115bc870fc2735a857846a23",
                "SCOUT_SPN01_SS_nobam_SPN01_100X_0.9p_Sample_C_mobster_best_fit.rds:md5,6291857ee48ac8ea7f1de796ebc093d0",
                "SCOUT_SPN01_SS_nobam_SPN01_100X_0.9p_Sample_C_mobster_best_plots.rds:md5,d765a667d11f12a28141d1c33e1ed59c",
                "SCOUT_SPN01_SS_nobam_SPN01_100X_0.9p_Sample_C_mobster_fit.rds:md5,91bbc10caf4ecda5f40400baa671f835",
                "SCOUT_SPN01_SS_nobam_SPN01_100X_0.9p_Sample_C_mobster_report.pdf:md5,368bf2001e25e47eee47c5fb272b2466",
                "SCOUT_SPN01_SS_nobam_SPN01_100X_0.9p_Sample_C_mobster_report.png:md5,ec9f689876c0a67805af3cfb323eb9f1",
                "SCOUT_SPN01_SS_nobam_SPN01_100X_0.9p_Sample_C_mobster_report.rds:md5,f8eceeeecadab1e7c4d6cc3a5feccc84",
                "SCOUT_SPN01_MS_all_fits.h5:md5,e0268332814ae85cdce8f2129d8e4cfd",
                "SCOUT_SPN01_MS_best_fit.txt:md5,36e87de515900650e32bf5e60a8986a5",
                "SCOUT_SPN01_MS_cluster_table.csv:md5,9b220f928d12c54123728c1f54730589",
                "SCOUT_SPN01_MS_pyclone_input.tsv:md5,d90a0244fdd6b9abebf89b59bebc864a",
                "SCOUT_SPN01_MS_pyclone_input_all_samples.tsv:md5,626128ca8f0e96ea615905a66f8eea05",
                "SCOUT_SPN01_SS_all_fits.h5:md5,f90fa899fe7e38e38ed05470d7b469bd",
                "SCOUT_SPN01_SS_best_fit.txt:md5,55c2ecf17060b66f8711ca51af9d1341",
                "SCOUT_SPN01_SS_cluster_table.csv:md5,3f5d7b8e7f680f5a7b5b031d2a125786",
                "SCOUT_SPN01_SS_pyclone_input.tsv:md5,92f0c9c13d01991bf4733c4a0f486c15",
                "SCOUT_SPN01_SS_pyclone_input_all_samples.tsv:md5,f6eb16af4269e960a39add5c931e3fbe",
                "SCOUT_SPN01_SS_nobam_all_fits.h5:md5,37e1d1cb37390a551eef5fbc593fb2d1",
                "SCOUT_SPN01_SS_nobam_best_fit.txt:md5,1a7874e84862b774ea426de4cc5081e0",
                "SCOUT_SPN01_SS_nobam_cluster_table.csv:md5,aeac3b61553db326e97de1f91882ba02",
                "SCOUT_SPN01_SS_nobam_pyclone_input.tsv:md5,23c9ae71f76f0052f468704cda557b7b",
                "SCOUT_SPN01_SS_nobam_pyclone_input_all_samples.tsv:md5,ba24cec7cdc51e2738a33fb11c187a9a",
                "SCOUT_SPN01_MS_SPN01_100X_0.9p_Sample_B.vep.vcf.gz:md5,0b4071bc21b1a5259434ec3fa80de610",
                "SCOUT_SPN01_MS_SPN01_100X_0.9p_Sample_C.vep.vcf.gz:md5,13d224f466daa27d09fc4d18559f1e42",
                "SCOUT_SPN01_SS_SPN01_100X_0.9p_Sample_B.vep.vcf.gz:md5,f9dcd5dcdc147f3879e0e66b2fda3388",
                "SCOUT_SPN01_SS_SPN01_100X_0.9p_Sample_C.vep.vcf.gz:md5,f41d2459ab00b73cf3d6b21db3333be3",
                "SCOUT_SPN01_SS_nobam_SPN01_100X_0.9p_Sample_B.vep.vcf.gz:md5,8a6035f55ea051f42315256a15bcc18a",
                "SCOUT_SPN01_SS_nobam_SPN01_100X_0.9p_Sample_C.vep.vcf.gz:md5,4b1335d7aefa3110284fe59dbd942efe"
            ]
        ],
        "meta": {
            "nf-test": "0.9.2",
            "nextflow": "25.10.0"
        },
        "timestamp": "2025-11-26T17:29:57.700108132"
    }
}