{
    "-profile test_full_stub": {
        "content": [
            88,
            {
                "ANNOTATE_DRIVER": {
                    "readr": "2.1.5",
                    "dplyr": "1.1.4",
                    "tidyr": "1.3.1"
                },
                "BCFTOOLS_MPILEUP": {
                    "bcftools": 1.22
                },
                "CNA2CNAQC": {
                    "cnaqc": "1.1.2"
                },
                "CNAQC2TSV": {
                    "cnaqc": "1.1.2",
                    "readr": "2.1.5",
                    "dplyr": "1.1.4"
                },
                "CNAQC": {
                    "cnaqc": "1.1.3",
                    "dplyr": "1.1.4"
                },
                "CTREE_MOBSTER": {
                    "ctree": "1.1.0",
                    "mobster": "0.1.1",
                    "VIBER": "1.0.0",
                    "cli": "3.6.5",
                    "dplyr": "1.1.4",
                    "tidyr": "1.3.1",
                    "ggplot2": "3.5.2",
                    "ggpubr": "0.6.1"
                },
                "CTREE_PYCLONEVI": {
                    "ctree": "1.1.0",
                    "mobster": "0.1.1",
                    "VIBER": "1.0.0",
                    "cli": "3.6.5",
                    "dplyr": "1.1.4",
                    "tidyr": "1.3.1",
                    "ggplot2": "3.5.2",
                    "ggpubr": "0.6.1"
                },
                "CTREE_VIBER": {
                    "ctree": "1.1.0",
                    "mobster": "0.1.1",
                    "VIBER": "1.0.0",
                    "cli": "3.6.5",
                    "dplyr": "1.1.4",
                    "tidyr": "1.3.1",
                    "ggplot2": "3.5.2",
                    "ggpubr": "0.6.1"
                },
                "ENSEMBLVEP_VEP": {
                    "tabix": 1.21
                },
                "GET_POSITIONS_ALL": {
                    "dplyr": "1.1.4"
                },
                "GET_POSITIONS_REL": {
                    "dplyr": "1.1.4"
                },
                "JOIN_CNAQC": {
                    "CNAqc": "1.1.2",
                    "dplyr": "1.1.4"
                },
                "JOIN_POSITIONS": {
                    "dplyr": "1.1.4",
                    "tidyr": "1.3.1",
                    "vcfR": "1.15.0"
                },
                "MOBSTER": {
                    "CNAqc": "1.1.3",
                    "mobster": "0.1.1",
                    "cli": "3.6.5",
                    "dplyr": "1.1.4",
                    "ggplot2": "3.5.2"
                },
                "PYCLONEVI": {
                    "pyclonevi": "0.1.6"
                },
                "SIGPROFILER": {
                    "python": "3.13.7",
                    "SigProfilerAssignment": "0.2.6",
                    "SigProfilerExtractor": "1.2.2",
                    "SigProfilerMatrixGenerator": "1.3.5",
                    "pandas": "2.3.2",
                    "sigProfilerPlotting": "1.4.1"
                },
                "SPARSE_SIGNATURES": {
                    "bioconductor-sparsesignatures": "2.16.0",
                    "bioconductor-bsgenome.hsapiens.1000genomes.hs37d5": "0.99.1",
                    "bioconductor-bsgenome.hsapiens.ucsc.hg38": "1.4.5"
                },
                "TINC": {
                    "bioconductor-rtinc": "0.1.0"
                },
                "VCF2CNAQC": {
                    "cnaqc": "1.1.2",
                    "vcfR": "1.15.0",
                    "dplyr": "1.1.4"
                },
                "VIBER": {
                    "VIBER": "1.0.0",
                    "cli": "3.6.5",
                    "dplyr": "1.1.4",
                    "ggplot2": "3.5.2"
                },
                "Workflow": {
                    "nf-core/tumourevo": "v1.0.0"
                }
            },
            [
                "bcftools",
                "bcftools/filter",
                "bcftools/filter/SCOUT",
                "bcftools/filter/SCOUT/SPN01_MS",
                "bcftools/filter/SCOUT/SPN01_MS/SPN01_100X_0.9p_Sample_B",
                "bcftools/filter/SCOUT/SPN01_MS/SPN01_100X_0.9p_Sample_B/SCOUT_SPN01_MS_SPN01_100X_0.9p_Sample_B.vcf.gz",
                "bcftools/filter/SCOUT/SPN01_MS/SPN01_100X_0.9p_Sample_B/SCOUT_SPN01_MS_SPN01_100X_0.9p_Sample_B.vcf.gz.tbi",
                "bcftools/filter/SCOUT/SPN01_MS/SPN01_100X_0.9p_Sample_C",
                "bcftools/filter/SCOUT/SPN01_MS/SPN01_100X_0.9p_Sample_C/SCOUT_SPN01_MS_SPN01_100X_0.9p_Sample_C.vcf.gz",
                "bcftools/filter/SCOUT/SPN01_MS/SPN01_100X_0.9p_Sample_C/SCOUT_SPN01_MS_SPN01_100X_0.9p_Sample_C.vcf.gz.tbi",
                "bcftools/filter/SCOUT/SPN01_SS",
                "bcftools/filter/SCOUT/SPN01_SS/SPN01_100X_0.9p_Sample_B",
                "bcftools/filter/SCOUT/SPN01_SS/SPN01_100X_0.9p_Sample_B/SCOUT_SPN01_SS_SPN01_100X_0.9p_Sample_B.vcf.gz",
                "bcftools/filter/SCOUT/SPN01_SS/SPN01_100X_0.9p_Sample_B/SCOUT_SPN01_SS_SPN01_100X_0.9p_Sample_B.vcf.gz.tbi",
                "bcftools/filter/SCOUT/SPN01_SS/SPN01_100X_0.9p_Sample_C",
                "bcftools/filter/SCOUT/SPN01_SS/SPN01_100X_0.9p_Sample_C/SCOUT_SPN01_SS_SPN01_100X_0.9p_Sample_C.vcf.gz",
                "bcftools/filter/SCOUT/SPN01_SS/SPN01_100X_0.9p_Sample_C/SCOUT_SPN01_SS_SPN01_100X_0.9p_Sample_C.vcf.gz.tbi",
                "bcftools/filter/SCOUT/SPN01_SS_nobam",
                "bcftools/filter/SCOUT/SPN01_SS_nobam/SPN01_100X_0.9p_Sample_B",
                "bcftools/filter/SCOUT/SPN01_SS_nobam/SPN01_100X_0.9p_Sample_B/SCOUT_SPN01_SS_nobam_SPN01_100X_0.9p_Sample_B.vcf.gz",
                "bcftools/filter/SCOUT/SPN01_SS_nobam/SPN01_100X_0.9p_Sample_B/SCOUT_SPN01_SS_nobam_SPN01_100X_0.9p_Sample_B.vcf.gz.tbi",
                "bcftools/filter/SCOUT/SPN01_SS_nobam/SPN01_100X_0.9p_Sample_C",
                "bcftools/filter/SCOUT/SPN01_SS_nobam/SPN01_100X_0.9p_Sample_C/SCOUT_SPN01_SS_nobam_SPN01_100X_0.9p_Sample_C.vcf.gz",
                "bcftools/filter/SCOUT/SPN01_SS_nobam/SPN01_100X_0.9p_Sample_C/SCOUT_SPN01_SS_nobam_SPN01_100X_0.9p_Sample_C.vcf.gz.tbi",
                "driver_annotation",
                "driver_annotation/annotate_driver",
                "driver_annotation/annotate_driver/SCOUT",
                "driver_annotation/annotate_driver/SCOUT/SPN01_MS",
                "driver_annotation/annotate_driver/SCOUT/SPN01_MS/SPN01_100X_0.9p_Sample_B",
                "driver_annotation/annotate_driver/SCOUT/SPN01_MS/SPN01_100X_0.9p_Sample_B/SCOUT_SPN01_MS_SPN01_100X_0.9p_Sample_B_driver.rds",
                "driver_annotation/annotate_driver/SCOUT/SPN01_MS/SPN01_100X_0.9p_Sample_C",
                "driver_annotation/annotate_driver/SCOUT/SPN01_MS/SPN01_100X_0.9p_Sample_C/SCOUT_SPN01_MS_SPN01_100X_0.9p_Sample_C_driver.rds",
                "driver_annotation/annotate_driver/SCOUT/SPN01_SS",
                "driver_annotation/annotate_driver/SCOUT/SPN01_SS/SPN01_100X_0.9p_Sample_B",
                "driver_annotation/annotate_driver/SCOUT/SPN01_SS/SPN01_100X_0.9p_Sample_B/SCOUT_SPN01_SS_SPN01_100X_0.9p_Sample_B_driver.rds",
                "driver_annotation/annotate_driver/SCOUT/SPN01_SS/SPN01_100X_0.9p_Sample_C",
                "driver_annotation/annotate_driver/SCOUT/SPN01_SS/SPN01_100X_0.9p_Sample_C/SCOUT_SPN01_SS_SPN01_100X_0.9p_Sample_C_driver.rds",
                "driver_annotation/annotate_driver/SCOUT/SPN01_SS_nobam",
                "driver_annotation/annotate_driver/SCOUT/SPN01_SS_nobam/SPN01_100X_0.9p_Sample_B",
                "driver_annotation/annotate_driver/SCOUT/SPN01_SS_nobam/SPN01_100X_0.9p_Sample_B/SCOUT_SPN01_SS_nobam_SPN01_100X_0.9p_Sample_B_driver.rds",
                "driver_annotation/annotate_driver/SCOUT/SPN01_SS_nobam/SPN01_100X_0.9p_Sample_C",
                "driver_annotation/annotate_driver/SCOUT/SPN01_SS_nobam/SPN01_100X_0.9p_Sample_C/SCOUT_SPN01_SS_nobam_SPN01_100X_0.9p_Sample_C_driver.rds",
                "formatter",
                "formatter/cna2cnaqc",
                "formatter/cna2cnaqc/SCOUT",
                "formatter/cna2cnaqc/SCOUT/SPN01_MS",
                "formatter/cna2cnaqc/SCOUT/SPN01_MS/SPN01_100X_0.9p_Sample_B",
                "formatter/cna2cnaqc/SCOUT/SPN01_MS/SPN01_100X_0.9p_Sample_B/SCOUT_SPN01_MS_SPN01_100X_0.9p_Sample_B.rds",
                "formatter/cna2cnaqc/SCOUT/SPN01_MS/SPN01_100X_0.9p_Sample_C",
                "formatter/cna2cnaqc/SCOUT/SPN01_MS/SPN01_100X_0.9p_Sample_C/SCOUT_SPN01_MS_SPN01_100X_0.9p_Sample_C.rds",
                "formatter/cna2cnaqc/SCOUT/SPN01_SS",
                "formatter/cna2cnaqc/SCOUT/SPN01_SS/SPN01_100X_0.9p_Sample_B",
                "formatter/cna2cnaqc/SCOUT/SPN01_SS/SPN01_100X_0.9p_Sample_B/SCOUT_SPN01_SS_SPN01_100X_0.9p_Sample_B.rds",
                "formatter/cna2cnaqc/SCOUT/SPN01_SS/SPN01_100X_0.9p_Sample_C",
                "formatter/cna2cnaqc/SCOUT/SPN01_SS/SPN01_100X_0.9p_Sample_C/SCOUT_SPN01_SS_SPN01_100X_0.9p_Sample_C.rds",
                "formatter/cna2cnaqc/SCOUT/SPN01_SS_nobam",
                "formatter/cna2cnaqc/SCOUT/SPN01_SS_nobam/SPN01_100X_0.9p_Sample_B",
                "formatter/cna2cnaqc/SCOUT/SPN01_SS_nobam/SPN01_100X_0.9p_Sample_B/SCOUT_SPN01_SS_nobam_SPN01_100X_0.9p_Sample_B.rds",
                "formatter/cna2cnaqc/SCOUT/SPN01_SS_nobam/SPN01_100X_0.9p_Sample_C",
                "formatter/cna2cnaqc/SCOUT/SPN01_SS_nobam/SPN01_100X_0.9p_Sample_C/SCOUT_SPN01_SS_nobam_SPN01_100X_0.9p_Sample_C.rds",
                "formatter/cnaqc2tsv",
                "formatter/cnaqc2tsv/SCOUT",
                "formatter/cnaqc2tsv/SCOUT/SPN01_MS",
                "formatter/cnaqc2tsv/SCOUT/SPN01_MS/SCOUT_SPN01_MS_joint_table.tsv",
                "formatter/cnaqc2tsv/SCOUT/SPN01_SS",
                "formatter/cnaqc2tsv/SCOUT/SPN01_SS/SCOUT_SPN01_SS_joint_table.tsv",
                "formatter/cnaqc2tsv/SCOUT/SPN01_SS_nobam",
                "formatter/cnaqc2tsv/SCOUT/SPN01_SS_nobam/SCOUT_SPN01_SS_nobam_joint_table.tsv",
                "formatter/vcf2cnaqc",
                "formatter/vcf2cnaqc/SCOUT",
                "formatter/vcf2cnaqc/SCOUT/SPN01_MS",
                "formatter/vcf2cnaqc/SCOUT/SPN01_MS/SPN01_100X_0.9p_Sample_B",
                "formatter/vcf2cnaqc/SCOUT/SPN01_MS/SPN01_100X_0.9p_Sample_B/SCOUT_SPN01_MS_SPN01_100X_0.9p_Sample_B.rds",
                "formatter/vcf2cnaqc/SCOUT/SPN01_MS/SPN01_100X_0.9p_Sample_C",
                "formatter/vcf2cnaqc/SCOUT/SPN01_MS/SPN01_100X_0.9p_Sample_C/SCOUT_SPN01_MS_SPN01_100X_0.9p_Sample_C.rds",
                "formatter/vcf2cnaqc/SCOUT/SPN01_SS",
                "formatter/vcf2cnaqc/SCOUT/SPN01_SS/SPN01_100X_0.9p_Sample_B",
                "formatter/vcf2cnaqc/SCOUT/SPN01_SS/SPN01_100X_0.9p_Sample_B/SCOUT_SPN01_SS_SPN01_100X_0.9p_Sample_B.rds",
                "formatter/vcf2cnaqc/SCOUT/SPN01_SS/SPN01_100X_0.9p_Sample_C",
                "formatter/vcf2cnaqc/SCOUT/SPN01_SS/SPN01_100X_0.9p_Sample_C/SCOUT_SPN01_SS_SPN01_100X_0.9p_Sample_C.rds",
                "formatter/vcf2cnaqc/SCOUT/SPN01_SS_nobam",
                "formatter/vcf2cnaqc/SCOUT/SPN01_SS_nobam/SPN01_100X_0.9p_Sample_B",
                "formatter/vcf2cnaqc/SCOUT/SPN01_SS_nobam/SPN01_100X_0.9p_Sample_B/SCOUT_SPN01_SS_nobam_SPN01_100X_0.9p_Sample_B.rds",
                "formatter/vcf2cnaqc/SCOUT/SPN01_SS_nobam/SPN01_100X_0.9p_Sample_C",
                "formatter/vcf2cnaqc/SCOUT/SPN01_SS_nobam/SPN01_100X_0.9p_Sample_C/SCOUT_SPN01_SS_nobam_SPN01_100X_0.9p_Sample_C.rds",
                "lifter",
                "lifter/mpileup",
                "lifter/mpileup/SCOUT",
                "lifter/mpileup/SCOUT/SPN01_SS",
                "lifter/mpileup/SCOUT/SPN01_SS/SPN01_100X_0.9p_Sample_B",
                "lifter/mpileup/SCOUT/SPN01_SS/SPN01_100X_0.9p_Sample_B/SCOUT_SPN01_SS_SPN01_100X_0.9p_Sample_B.bcftools_stats.txt",
                "lifter/mpileup/SCOUT/SPN01_SS/SPN01_100X_0.9p_Sample_B/SCOUT_SPN01_SS_SPN01_100X_0.9p_Sample_B.mpileup.gz",
                "lifter/mpileup/SCOUT/SPN01_SS/SPN01_100X_0.9p_Sample_B/SCOUT_SPN01_SS_SPN01_100X_0.9p_Sample_B.vcf.gz",
                "lifter/mpileup/SCOUT/SPN01_SS/SPN01_100X_0.9p_Sample_B/SCOUT_SPN01_SS_SPN01_100X_0.9p_Sample_B.vcf.gz.tbi",
                "lifter/mpileup/SCOUT/SPN01_SS/SPN01_100X_0.9p_Sample_C",
                "lifter/mpileup/SCOUT/SPN01_SS/SPN01_100X_0.9p_Sample_C/SCOUT_SPN01_SS_SPN01_100X_0.9p_Sample_C.bcftools_stats.txt",
                "lifter/mpileup/SCOUT/SPN01_SS/SPN01_100X_0.9p_Sample_C/SCOUT_SPN01_SS_SPN01_100X_0.9p_Sample_C.mpileup.gz",
                "lifter/mpileup/SCOUT/SPN01_SS/SPN01_100X_0.9p_Sample_C/SCOUT_SPN01_SS_SPN01_100X_0.9p_Sample_C.vcf.gz",
                "lifter/mpileup/SCOUT/SPN01_SS/SPN01_100X_0.9p_Sample_C/SCOUT_SPN01_SS_SPN01_100X_0.9p_Sample_C.vcf.gz.tbi",
                "lifter/positions",
                "lifter/positions/SCOUT",
                "lifter/positions/SCOUT/SPN01_SS",
                "lifter/positions/SCOUT/SPN01_SS/SCOUT_SPN01_SS_all_positions.rds",
                "lifter/positions/SCOUT/SPN01_SS/SPN01_100X_0.9p_Sample_B",
                "lifter/positions/SCOUT/SPN01_SS/SPN01_100X_0.9p_Sample_B/SCOUT_SPN01_SS_SPN01_100X_0.9p_Sample_B_pileup_VCF.rds",
                "lifter/positions/SCOUT/SPN01_SS/SPN01_100X_0.9p_Sample_B/SPN01_100X_0.9p_Sample_B_positions_missing.bed",
                "lifter/positions/SCOUT/SPN01_SS/SPN01_100X_0.9p_Sample_B/versions.yml",
                "lifter/positions/SCOUT/SPN01_SS/SPN01_100X_0.9p_Sample_C",
                "lifter/positions/SCOUT/SPN01_SS/SPN01_100X_0.9p_Sample_C/SCOUT_SPN01_SS_SPN01_100X_0.9p_Sample_C_pileup_VCF.rds",
                "lifter/positions/SCOUT/SPN01_SS/SPN01_100X_0.9p_Sample_C/SPN01_100X_0.9p_Sample_C_positions_missing.bed",
                "lifter/positions/SCOUT/SPN01_SS/SPN01_100X_0.9p_Sample_C/versions.yml",
                "pipeline_info",
                "pipeline_info/nf_core_tumourevo_software_mqc_versions.yml",
                "qc",
                "qc/cnaqc",
                "qc/cnaqc/SCOUT",
                "qc/cnaqc/SCOUT/SPN01_MS",
                "qc/cnaqc/SCOUT/SPN01_MS/SPN01_100X_0.9p_Sample_B",
                "qc/cnaqc/SCOUT/SPN01_MS/SPN01_100X_0.9p_Sample_B/SCOUT_SPN01_MS_SPN01_100X_0.9p_Sample_B_data.pdf",
                "qc/cnaqc/SCOUT/SPN01_MS/SPN01_100X_0.9p_Sample_B/SCOUT_SPN01_MS_SPN01_100X_0.9p_Sample_B_data_plot.rds",
                "qc/cnaqc/SCOUT/SPN01_MS/SPN01_100X_0.9p_Sample_B/SCOUT_SPN01_MS_SPN01_100X_0.9p_Sample_B_qc.pdf",
                "qc/cnaqc/SCOUT/SPN01_MS/SPN01_100X_0.9p_Sample_B/SCOUT_SPN01_MS_SPN01_100X_0.9p_Sample_B_qc.rds",
                "qc/cnaqc/SCOUT/SPN01_MS/SPN01_100X_0.9p_Sample_B/SCOUT_SPN01_MS_SPN01_100X_0.9p_Sample_B_qc_plot.rds",
                "qc/cnaqc/SCOUT/SPN01_MS/SPN01_100X_0.9p_Sample_C",
                "qc/cnaqc/SCOUT/SPN01_MS/SPN01_100X_0.9p_Sample_C/SCOUT_SPN01_MS_SPN01_100X_0.9p_Sample_C_data.pdf",
                "qc/cnaqc/SCOUT/SPN01_MS/SPN01_100X_0.9p_Sample_C/SCOUT_SPN01_MS_SPN01_100X_0.9p_Sample_C_data_plot.rds",
                "qc/cnaqc/SCOUT/SPN01_MS/SPN01_100X_0.9p_Sample_C/SCOUT_SPN01_MS_SPN01_100X_0.9p_Sample_C_qc.pdf",
                "qc/cnaqc/SCOUT/SPN01_MS/SPN01_100X_0.9p_Sample_C/SCOUT_SPN01_MS_SPN01_100X_0.9p_Sample_C_qc.rds",
                "qc/cnaqc/SCOUT/SPN01_MS/SPN01_100X_0.9p_Sample_C/SCOUT_SPN01_MS_SPN01_100X_0.9p_Sample_C_qc_plot.rds",
                "qc/cnaqc/SCOUT/SPN01_SS",
                "qc/cnaqc/SCOUT/SPN01_SS/SPN01_100X_0.9p_Sample_B",
                "qc/cnaqc/SCOUT/SPN01_SS/SPN01_100X_0.9p_Sample_B/SCOUT_SPN01_SS_SPN01_100X_0.9p_Sample_B_data.pdf",
                "qc/cnaqc/SCOUT/SPN01_SS/SPN01_100X_0.9p_Sample_B/SCOUT_SPN01_SS_SPN01_100X_0.9p_Sample_B_data_plot.rds",
                "qc/cnaqc/SCOUT/SPN01_SS/SPN01_100X_0.9p_Sample_B/SCOUT_SPN01_SS_SPN01_100X_0.9p_Sample_B_qc.pdf",
                "qc/cnaqc/SCOUT/SPN01_SS/SPN01_100X_0.9p_Sample_B/SCOUT_SPN01_SS_SPN01_100X_0.9p_Sample_B_qc.rds",
                "qc/cnaqc/SCOUT/SPN01_SS/SPN01_100X_0.9p_Sample_B/SCOUT_SPN01_SS_SPN01_100X_0.9p_Sample_B_qc_plot.rds",
                "qc/cnaqc/SCOUT/SPN01_SS/SPN01_100X_0.9p_Sample_C",
                "qc/cnaqc/SCOUT/SPN01_SS/SPN01_100X_0.9p_Sample_C/SCOUT_SPN01_SS_SPN01_100X_0.9p_Sample_C_data.pdf",
                "qc/cnaqc/SCOUT/SPN01_SS/SPN01_100X_0.9p_Sample_C/SCOUT_SPN01_SS_SPN01_100X_0.9p_Sample_C_data_plot.rds",
                "qc/cnaqc/SCOUT/SPN01_SS/SPN01_100X_0.9p_Sample_C/SCOUT_SPN01_SS_SPN01_100X_0.9p_Sample_C_qc.pdf",
                "qc/cnaqc/SCOUT/SPN01_SS/SPN01_100X_0.9p_Sample_C/SCOUT_SPN01_SS_SPN01_100X_0.9p_Sample_C_qc.rds",
                "qc/cnaqc/SCOUT/SPN01_SS/SPN01_100X_0.9p_Sample_C/SCOUT_SPN01_SS_SPN01_100X_0.9p_Sample_C_qc_plot.rds",
                "qc/cnaqc/SCOUT/SPN01_SS_nobam",
                "qc/cnaqc/SCOUT/SPN01_SS_nobam/SPN01_100X_0.9p_Sample_B",
                "qc/cnaqc/SCOUT/SPN01_SS_nobam/SPN01_100X_0.9p_Sample_B/SCOUT_SPN01_SS_nobam_SPN01_100X_0.9p_Sample_B_data.pdf",
                "qc/cnaqc/SCOUT/SPN01_SS_nobam/SPN01_100X_0.9p_Sample_B/SCOUT_SPN01_SS_nobam_SPN01_100X_0.9p_Sample_B_data_plot.rds",
                "qc/cnaqc/SCOUT/SPN01_SS_nobam/SPN01_100X_0.9p_Sample_B/SCOUT_SPN01_SS_nobam_SPN01_100X_0.9p_Sample_B_qc.pdf",
                "qc/cnaqc/SCOUT/SPN01_SS_nobam/SPN01_100X_0.9p_Sample_B/SCOUT_SPN01_SS_nobam_SPN01_100X_0.9p_Sample_B_qc.rds",
                "qc/cnaqc/SCOUT/SPN01_SS_nobam/SPN01_100X_0.9p_Sample_B/SCOUT_SPN01_SS_nobam_SPN01_100X_0.9p_Sample_B_qc_plot.rds",
                "qc/cnaqc/SCOUT/SPN01_SS_nobam/SPN01_100X_0.9p_Sample_C",
                "qc/cnaqc/SCOUT/SPN01_SS_nobam/SPN01_100X_0.9p_Sample_C/SCOUT_SPN01_SS_nobam_SPN01_100X_0.9p_Sample_C_data.pdf",
                "qc/cnaqc/SCOUT/SPN01_SS_nobam/SPN01_100X_0.9p_Sample_C/SCOUT_SPN01_SS_nobam_SPN01_100X_0.9p_Sample_C_data_plot.rds",
                "qc/cnaqc/SCOUT/SPN01_SS_nobam/SPN01_100X_0.9p_Sample_C/SCOUT_SPN01_SS_nobam_SPN01_100X_0.9p_Sample_C_qc.pdf",
                "qc/cnaqc/SCOUT/SPN01_SS_nobam/SPN01_100X_0.9p_Sample_C/SCOUT_SPN01_SS_nobam_SPN01_100X_0.9p_Sample_C_qc.rds",
                "qc/cnaqc/SCOUT/SPN01_SS_nobam/SPN01_100X_0.9p_Sample_C/SCOUT_SPN01_SS_nobam_SPN01_100X_0.9p_Sample_C_qc_plot.rds",
                "qc/join_cnaqc",
                "qc/join_cnaqc/SCOUT",
                "qc/join_cnaqc/SCOUT/SPN01_MS",
                "qc/join_cnaqc/SCOUT/SPN01_MS/SCOUT_SPN01_MS_multi_cnaqc_ALL.rds",
                "qc/join_cnaqc/SCOUT/SPN01_MS/SCOUT_SPN01_MS_multi_cnaqc_PASS.rds",
                "qc/join_cnaqc/SCOUT/SPN01_SS",
                "qc/join_cnaqc/SCOUT/SPN01_SS/SCOUT_SPN01_SS_multi_cnaqc_ALL.rds",
                "qc/join_cnaqc/SCOUT/SPN01_SS/SCOUT_SPN01_SS_multi_cnaqc_PASS.rds",
                "qc/join_cnaqc/SCOUT/SPN01_SS_nobam",
                "qc/join_cnaqc/SCOUT/SPN01_SS_nobam/SCOUT_SPN01_SS_nobam_multi_cnaqc_ALL.rds",
                "qc/join_cnaqc/SCOUT/SPN01_SS_nobam/SCOUT_SPN01_SS_nobam_multi_cnaqc_PASS.rds",
                "qc/tinc",
                "qc/tinc/SCOUT",
                "qc/tinc/SCOUT/SPN01_MS",
                "qc/tinc/SCOUT/SPN01_MS/SPN01_100X_0.9p_Sample_B",
                "qc/tinc/SCOUT/SPN01_MS/SPN01_100X_0.9p_Sample_B/SCOUT_SPN01_MS_SPN01_100X_0.9p_Sample_B.pdf",
                "qc/tinc/SCOUT/SPN01_MS/SPN01_100X_0.9p_Sample_B/SCOUT_SPN01_MS_SPN01_100X_0.9p_Sample_B_fit.rds",
                "qc/tinc/SCOUT/SPN01_MS/SPN01_100X_0.9p_Sample_B/SCOUT_SPN01_MS_SPN01_100X_0.9p_Sample_B_plot.rds",
                "qc/tinc/SCOUT/SPN01_MS/SPN01_100X_0.9p_Sample_B/SCOUT_SPN01_MS_SPN01_100X_0.9p_Sample_B_qc.csv",
                "qc/tinc/SCOUT/SPN01_MS/SPN01_100X_0.9p_Sample_C",
                "qc/tinc/SCOUT/SPN01_MS/SPN01_100X_0.9p_Sample_C/SCOUT_SPN01_MS_SPN01_100X_0.9p_Sample_C.pdf",
                "qc/tinc/SCOUT/SPN01_MS/SPN01_100X_0.9p_Sample_C/SCOUT_SPN01_MS_SPN01_100X_0.9p_Sample_C_fit.rds",
                "qc/tinc/SCOUT/SPN01_MS/SPN01_100X_0.9p_Sample_C/SCOUT_SPN01_MS_SPN01_100X_0.9p_Sample_C_plot.rds",
                "qc/tinc/SCOUT/SPN01_MS/SPN01_100X_0.9p_Sample_C/SCOUT_SPN01_MS_SPN01_100X_0.9p_Sample_C_qc.csv",
                "qc/tinc/SCOUT/SPN01_SS",
                "qc/tinc/SCOUT/SPN01_SS/SPN01_100X_0.9p_Sample_B",
                "qc/tinc/SCOUT/SPN01_SS/SPN01_100X_0.9p_Sample_B/SCOUT_SPN01_SS_SPN01_100X_0.9p_Sample_B.pdf",
                "qc/tinc/SCOUT/SPN01_SS/SPN01_100X_0.9p_Sample_B/SCOUT_SPN01_SS_SPN01_100X_0.9p_Sample_B_fit.rds",
                "qc/tinc/SCOUT/SPN01_SS/SPN01_100X_0.9p_Sample_B/SCOUT_SPN01_SS_SPN01_100X_0.9p_Sample_B_plot.rds",
                "qc/tinc/SCOUT/SPN01_SS/SPN01_100X_0.9p_Sample_B/SCOUT_SPN01_SS_SPN01_100X_0.9p_Sample_B_qc.csv",
                "qc/tinc/SCOUT/SPN01_SS/SPN01_100X_0.9p_Sample_C",
                "qc/tinc/SCOUT/SPN01_SS/SPN01_100X_0.9p_Sample_C/SCOUT_SPN01_SS_SPN01_100X_0.9p_Sample_C.pdf",
                "qc/tinc/SCOUT/SPN01_SS/SPN01_100X_0.9p_Sample_C/SCOUT_SPN01_SS_SPN01_100X_0.9p_Sample_C_fit.rds",
                "qc/tinc/SCOUT/SPN01_SS/SPN01_100X_0.9p_Sample_C/SCOUT_SPN01_SS_SPN01_100X_0.9p_Sample_C_plot.rds",
                "qc/tinc/SCOUT/SPN01_SS/SPN01_100X_0.9p_Sample_C/SCOUT_SPN01_SS_SPN01_100X_0.9p_Sample_C_qc.csv",
                "qc/tinc/SCOUT/SPN01_SS_nobam",
                "qc/tinc/SCOUT/SPN01_SS_nobam/SPN01_100X_0.9p_Sample_B",
                "qc/tinc/SCOUT/SPN01_SS_nobam/SPN01_100X_0.9p_Sample_B/SCOUT_SPN01_SS_nobam_SPN01_100X_0.9p_Sample_B.pdf",
                "qc/tinc/SCOUT/SPN01_SS_nobam/SPN01_100X_0.9p_Sample_B/SCOUT_SPN01_SS_nobam_SPN01_100X_0.9p_Sample_B_fit.rds",
                "qc/tinc/SCOUT/SPN01_SS_nobam/SPN01_100X_0.9p_Sample_B/SCOUT_SPN01_SS_nobam_SPN01_100X_0.9p_Sample_B_plot.rds",
                "qc/tinc/SCOUT/SPN01_SS_nobam/SPN01_100X_0.9p_Sample_B/SCOUT_SPN01_SS_nobam_SPN01_100X_0.9p_Sample_B_qc.csv",
                "qc/tinc/SCOUT/SPN01_SS_nobam/SPN01_100X_0.9p_Sample_C",
                "qc/tinc/SCOUT/SPN01_SS_nobam/SPN01_100X_0.9p_Sample_C/SCOUT_SPN01_SS_nobam_SPN01_100X_0.9p_Sample_C.pdf",
                "qc/tinc/SCOUT/SPN01_SS_nobam/SPN01_100X_0.9p_Sample_C/SCOUT_SPN01_SS_nobam_SPN01_100X_0.9p_Sample_C_fit.rds",
                "qc/tinc/SCOUT/SPN01_SS_nobam/SPN01_100X_0.9p_Sample_C/SCOUT_SPN01_SS_nobam_SPN01_100X_0.9p_Sample_C_plot.rds",
                "qc/tinc/SCOUT/SPN01_SS_nobam/SPN01_100X_0.9p_Sample_C/SCOUT_SPN01_SS_nobam_SPN01_100X_0.9p_Sample_C_qc.csv",
                "references",
                "references/vep",
                "references/vep/vep.tar",
                "references/vep/versions.yml",
                "signature_deconvolution",
                "signature_deconvolution/sigprofiler",
                "signature_deconvolution/sigprofiler/SCOUT",
                "signature_deconvolution/sigprofiler/SCOUT/results",
                "signature_deconvolution/sigprofiler/SCOUT/results/DBS78",
                "signature_deconvolution/sigprofiler/SCOUT/results/DBS78/DBS78",
                "signature_deconvolution/sigprofiler/SCOUT/results/DBS78/DBS78/Samples.txt",
                "signature_deconvolution/sigprofiler/SCOUT/results/DBS78/DBS78/Suggested_Solution",
                "signature_deconvolution/sigprofiler/SCOUT/results/DBS78/DBS78/Suggested_Solution/COSMIC_DBS78_Decomposed_Solution",
                "signature_deconvolution/sigprofiler/SCOUT/results/DBS78/DBS78/Suggested_Solution/COSMIC_DBS78_Decomposed_Solution/Signatures",
                "signature_deconvolution/sigprofiler/SCOUT/results/DBS78/DBS78/Suggested_Solution/COSMIC_DBS78_Decomposed_Solution/Signatures/COSMIC_DBS78_Signatures.txt",
                "signature_deconvolution/sigprofiler/SCOUT/results/ID83",
                "signature_deconvolution/sigprofiler/SCOUT/results/ID83/ID83",
                "signature_deconvolution/sigprofiler/SCOUT/results/ID83/ID83/Samples.txt",
                "signature_deconvolution/sigprofiler/SCOUT/results/ID83/ID83/Suggested_Solution",
                "signature_deconvolution/sigprofiler/SCOUT/results/ID83/ID83/Suggested_Solution/COSMIC_ID83_Decomposed_Solution",
                "signature_deconvolution/sigprofiler/SCOUT/results/ID83/ID83/Suggested_Solution/COSMIC_ID83_Decomposed_Solution/Signatures",
                "signature_deconvolution/sigprofiler/SCOUT/results/ID83/ID83/Suggested_Solution/COSMIC_ID83_Decomposed_Solution/Signatures/COSMIC_ID83_Signatures.txt",
                "signature_deconvolution/sigprofiler/SCOUT/results/SBS96",
                "signature_deconvolution/sigprofiler/SCOUT/results/SBS96/SBS96",
                "signature_deconvolution/sigprofiler/SCOUT/results/SBS96/SBS96/Samples.txt",
                "signature_deconvolution/sigprofiler/SCOUT/results/SBS96/SBS96/Suggested_Solution",
                "signature_deconvolution/sigprofiler/SCOUT/results/SBS96/SBS96/Suggested_Solution/COSMIC_SBS96_Decomposed_Solution",
                "signature_deconvolution/sigprofiler/SCOUT/results/SBS96/SBS96/Suggested_Solution/COSMIC_SBS96_Decomposed_Solution/Signatures",
                "signature_deconvolution/sigprofiler/SCOUT/results/SBS96/SBS96/Suggested_Solution/COSMIC_SBS96_Decomposed_Solution/Signatures/COSMIC_SBS96_Signatures.txt",
                "signature_deconvolution/sigprofiler/SCOUT/results/input",
                "signature_deconvolution/sigprofiler/SCOUT/results/input/input_data.txt",
                "signature_deconvolution/sigprofiler/SCOUT/results/output/DBS78",
                "signature_deconvolution/sigprofiler/SCOUT/results/output/DBS78/SCOUT.DBS78.all",
                "signature_deconvolution/sigprofiler/SCOUT/results/output/ID83",
                "signature_deconvolution/sigprofiler/SCOUT/results/output/ID83/SCOUT.ID83.all",
                "signature_deconvolution/sigprofiler/SCOUT/results/output/SBS96",
                "signature_deconvolution/sigprofiler/SCOUT/results/output/SBS96/SCOUT.SBS96.all",
                "signature_deconvolution/sparsesignature",
                "signature_deconvolution/sparsesignature/SCOUT",
                "signature_deconvolution/sparsesignature/SCOUT/SCOUT_best_params_config.rds",
                "signature_deconvolution/sparsesignature/SCOUT/SCOUT_cv_means_mse.rds",
                "signature_deconvolution/sparsesignature/SCOUT/SCOUT_mut_counts.rds",
                "signature_deconvolution/sparsesignature/SCOUT/SCOUT_nmf_Lasso_out.rds",
                "signature_deconvolution/sparsesignature/SCOUT/SCOUT_plot_all.pdf",
                "signature_deconvolution/sparsesignature/SCOUT/SCOUT_plot_all.rds",
                "subclonal_deconvolution",
                "subclonal_deconvolution/ctree",
                "subclonal_deconvolution/ctree/SCOUT",
                "subclonal_deconvolution/ctree/SCOUT/SPN01_MS",
                "subclonal_deconvolution/ctree/SCOUT/SPN01_MS/SCOUT_SPN01_MS_SPN01_100X_0.9p_Sample_B_ctree_VIBER.rds",
                "subclonal_deconvolution/ctree/SCOUT/SPN01_MS/SCOUT_SPN01_MS_SPN01_100X_0.9p_Sample_B_ctree_VIBER_plots.rds",
                "subclonal_deconvolution/ctree/SCOUT/SPN01_MS/SCOUT_SPN01_MS_SPN01_100X_0.9p_Sample_B_ctree_VIBER_report.pdf",
                "subclonal_deconvolution/ctree/SCOUT/SPN01_MS/SCOUT_SPN01_MS_SPN01_100X_0.9p_Sample_B_ctree_VIBER_report.png",
                "subclonal_deconvolution/ctree/SCOUT/SPN01_MS/SCOUT_SPN01_MS_SPN01_100X_0.9p_Sample_B_ctree_VIBER_report.rds",
                "subclonal_deconvolution/ctree/SCOUT/SPN01_MS/SCOUT_SPN01_MS_SPN01_100X_0.9p_Sample_B_ctree_pyclonevi.rds",
                "subclonal_deconvolution/ctree/SCOUT/SPN01_MS/SCOUT_SPN01_MS_SPN01_100X_0.9p_Sample_B_ctree_pyclonevi_plots.rds",
                "subclonal_deconvolution/ctree/SCOUT/SPN01_MS/SCOUT_SPN01_MS_SPN01_100X_0.9p_Sample_B_ctree_pyclonevi_report.pdf",
                "subclonal_deconvolution/ctree/SCOUT/SPN01_MS/SCOUT_SPN01_MS_SPN01_100X_0.9p_Sample_B_ctree_pyclonevi_report.png",
                "subclonal_deconvolution/ctree/SCOUT/SPN01_MS/SCOUT_SPN01_MS_SPN01_100X_0.9p_Sample_B_ctree_pyclonevi_report.rds",
                "subclonal_deconvolution/ctree/SCOUT/SPN01_MS/SCOUT_SPN01_MS_SPN01_100X_0.9p_Sample_C_ctree_VIBER.rds",
                "subclonal_deconvolution/ctree/SCOUT/SPN01_MS/SCOUT_SPN01_MS_SPN01_100X_0.9p_Sample_C_ctree_VIBER_plots.rds",
                "subclonal_deconvolution/ctree/SCOUT/SPN01_MS/SCOUT_SPN01_MS_SPN01_100X_0.9p_Sample_C_ctree_VIBER_report.pdf",
                "subclonal_deconvolution/ctree/SCOUT/SPN01_MS/SCOUT_SPN01_MS_SPN01_100X_0.9p_Sample_C_ctree_VIBER_report.png",
                "subclonal_deconvolution/ctree/SCOUT/SPN01_MS/SCOUT_SPN01_MS_SPN01_100X_0.9p_Sample_C_ctree_VIBER_report.rds",
                "subclonal_deconvolution/ctree/SCOUT/SPN01_MS/SCOUT_SPN01_MS_SPN01_100X_0.9p_Sample_C_ctree_pyclonevi.rds",
                "subclonal_deconvolution/ctree/SCOUT/SPN01_MS/SCOUT_SPN01_MS_SPN01_100X_0.9p_Sample_C_ctree_pyclonevi_plots.rds",
                "subclonal_deconvolution/ctree/SCOUT/SPN01_MS/SCOUT_SPN01_MS_SPN01_100X_0.9p_Sample_C_ctree_pyclonevi_report.pdf",
                "subclonal_deconvolution/ctree/SCOUT/SPN01_MS/SCOUT_SPN01_MS_SPN01_100X_0.9p_Sample_C_ctree_pyclonevi_report.png",
                "subclonal_deconvolution/ctree/SCOUT/SPN01_MS/SCOUT_SPN01_MS_SPN01_100X_0.9p_Sample_C_ctree_pyclonevi_report.rds",
                "subclonal_deconvolution/ctree/SCOUT/SPN01_MS/SCOUT_SPN01_MS_ctree_VIBER.rds",
                "subclonal_deconvolution/ctree/SCOUT/SPN01_MS/SCOUT_SPN01_MS_ctree_VIBER_plots.rds",
                "subclonal_deconvolution/ctree/SCOUT/SPN01_MS/SCOUT_SPN01_MS_ctree_VIBER_report.pdf",
                "subclonal_deconvolution/ctree/SCOUT/SPN01_MS/SCOUT_SPN01_MS_ctree_VIBER_report.png",
                "subclonal_deconvolution/ctree/SCOUT/SPN01_MS/SCOUT_SPN01_MS_ctree_VIBER_report.rds",
                "subclonal_deconvolution/ctree/SCOUT/SPN01_MS/SCOUT_SPN01_MS_ctree_pyclonevi.rds",
                "subclonal_deconvolution/ctree/SCOUT/SPN01_MS/SCOUT_SPN01_MS_ctree_pyclonevi_plots.rds",
                "subclonal_deconvolution/ctree/SCOUT/SPN01_MS/SCOUT_SPN01_MS_ctree_pyclonevi_report.pdf",
                "subclonal_deconvolution/ctree/SCOUT/SPN01_MS/SCOUT_SPN01_MS_ctree_pyclonevi_report.png",
                "subclonal_deconvolution/ctree/SCOUT/SPN01_MS/SCOUT_SPN01_MS_ctree_pyclonevi_report.rds",
                "subclonal_deconvolution/ctree/SCOUT/SPN01_MS/stub",
                "subclonal_deconvolution/ctree/SCOUT/SPN01_MS/stub/SCOUT_SPN01_MS_SPN01_100X_0.9p_Sample_B_ctree_mobster.rds",
                "subclonal_deconvolution/ctree/SCOUT/SPN01_MS/stub/SCOUT_SPN01_MS_SPN01_100X_0.9p_Sample_B_ctree_mobster_plots.rds",
                "subclonal_deconvolution/ctree/SCOUT/SPN01_MS/stub/SCOUT_SPN01_MS_SPN01_100X_0.9p_Sample_B_ctree_mobster_report.pdf",
                "subclonal_deconvolution/ctree/SCOUT/SPN01_MS/stub/SCOUT_SPN01_MS_SPN01_100X_0.9p_Sample_B_ctree_mobster_report.png",
                "subclonal_deconvolution/ctree/SCOUT/SPN01_MS/stub/SCOUT_SPN01_MS_SPN01_100X_0.9p_Sample_B_ctree_mobster_report.rds",
                "subclonal_deconvolution/ctree/SCOUT/SPN01_MS/stub/SCOUT_SPN01_MS_SPN01_100X_0.9p_Sample_C_ctree_mobster.rds",
                "subclonal_deconvolution/ctree/SCOUT/SPN01_MS/stub/SCOUT_SPN01_MS_SPN01_100X_0.9p_Sample_C_ctree_mobster_plots.rds",
                "subclonal_deconvolution/ctree/SCOUT/SPN01_MS/stub/SCOUT_SPN01_MS_SPN01_100X_0.9p_Sample_C_ctree_mobster_report.pdf",
                "subclonal_deconvolution/ctree/SCOUT/SPN01_MS/stub/SCOUT_SPN01_MS_SPN01_100X_0.9p_Sample_C_ctree_mobster_report.png",
                "subclonal_deconvolution/ctree/SCOUT/SPN01_MS/stub/SCOUT_SPN01_MS_SPN01_100X_0.9p_Sample_C_ctree_mobster_report.rds",
                "subclonal_deconvolution/ctree/SCOUT/SPN01_MS/stub/SCOUT_SPN01_MS_ctree_mobster.rds",
                "subclonal_deconvolution/ctree/SCOUT/SPN01_MS/stub/SCOUT_SPN01_MS_ctree_mobster_plots.rds",
                "subclonal_deconvolution/ctree/SCOUT/SPN01_MS/stub/SCOUT_SPN01_MS_ctree_mobster_report.pdf",
                "subclonal_deconvolution/ctree/SCOUT/SPN01_MS/stub/SCOUT_SPN01_MS_ctree_mobster_report.png",
                "subclonal_deconvolution/ctree/SCOUT/SPN01_MS/stub/SCOUT_SPN01_MS_ctree_mobster_report.rds",
                "subclonal_deconvolution/ctree/SCOUT/SPN01_SS",
                "subclonal_deconvolution/ctree/SCOUT/SPN01_SS/SCOUT_SPN01_SS_SPN01_100X_0.9p_Sample_B_ctree_VIBER.rds",
                "subclonal_deconvolution/ctree/SCOUT/SPN01_SS/SCOUT_SPN01_SS_SPN01_100X_0.9p_Sample_B_ctree_VIBER_plots.rds",
                "subclonal_deconvolution/ctree/SCOUT/SPN01_SS/SCOUT_SPN01_SS_SPN01_100X_0.9p_Sample_B_ctree_VIBER_report.pdf",
                "subclonal_deconvolution/ctree/SCOUT/SPN01_SS/SCOUT_SPN01_SS_SPN01_100X_0.9p_Sample_B_ctree_VIBER_report.png",
                "subclonal_deconvolution/ctree/SCOUT/SPN01_SS/SCOUT_SPN01_SS_SPN01_100X_0.9p_Sample_B_ctree_VIBER_report.rds",
                "subclonal_deconvolution/ctree/SCOUT/SPN01_SS/SCOUT_SPN01_SS_SPN01_100X_0.9p_Sample_B_ctree_pyclonevi.rds",
                "subclonal_deconvolution/ctree/SCOUT/SPN01_SS/SCOUT_SPN01_SS_SPN01_100X_0.9p_Sample_B_ctree_pyclonevi_plots.rds",
                "subclonal_deconvolution/ctree/SCOUT/SPN01_SS/SCOUT_SPN01_SS_SPN01_100X_0.9p_Sample_B_ctree_pyclonevi_report.pdf",
                "subclonal_deconvolution/ctree/SCOUT/SPN01_SS/SCOUT_SPN01_SS_SPN01_100X_0.9p_Sample_B_ctree_pyclonevi_report.png",
                "subclonal_deconvolution/ctree/SCOUT/SPN01_SS/SCOUT_SPN01_SS_SPN01_100X_0.9p_Sample_B_ctree_pyclonevi_report.rds",
                "subclonal_deconvolution/ctree/SCOUT/SPN01_SS/SCOUT_SPN01_SS_SPN01_100X_0.9p_Sample_C_ctree_VIBER.rds",
                "subclonal_deconvolution/ctree/SCOUT/SPN01_SS/SCOUT_SPN01_SS_SPN01_100X_0.9p_Sample_C_ctree_VIBER_plots.rds",
                "subclonal_deconvolution/ctree/SCOUT/SPN01_SS/SCOUT_SPN01_SS_SPN01_100X_0.9p_Sample_C_ctree_VIBER_report.pdf",
                "subclonal_deconvolution/ctree/SCOUT/SPN01_SS/SCOUT_SPN01_SS_SPN01_100X_0.9p_Sample_C_ctree_VIBER_report.png",
                "subclonal_deconvolution/ctree/SCOUT/SPN01_SS/SCOUT_SPN01_SS_SPN01_100X_0.9p_Sample_C_ctree_VIBER_report.rds",
                "subclonal_deconvolution/ctree/SCOUT/SPN01_SS/SCOUT_SPN01_SS_SPN01_100X_0.9p_Sample_C_ctree_pyclonevi.rds",
                "subclonal_deconvolution/ctree/SCOUT/SPN01_SS/SCOUT_SPN01_SS_SPN01_100X_0.9p_Sample_C_ctree_pyclonevi_plots.rds",
                "subclonal_deconvolution/ctree/SCOUT/SPN01_SS/SCOUT_SPN01_SS_SPN01_100X_0.9p_Sample_C_ctree_pyclonevi_report.pdf",
                "subclonal_deconvolution/ctree/SCOUT/SPN01_SS/SCOUT_SPN01_SS_SPN01_100X_0.9p_Sample_C_ctree_pyclonevi_report.png",
                "subclonal_deconvolution/ctree/SCOUT/SPN01_SS/SCOUT_SPN01_SS_SPN01_100X_0.9p_Sample_C_ctree_pyclonevi_report.rds",
                "subclonal_deconvolution/ctree/SCOUT/SPN01_SS/SCOUT_SPN01_SS_ctree_VIBER.rds",
                "subclonal_deconvolution/ctree/SCOUT/SPN01_SS/SCOUT_SPN01_SS_ctree_VIBER_plots.rds",
                "subclonal_deconvolution/ctree/SCOUT/SPN01_SS/SCOUT_SPN01_SS_ctree_VIBER_report.pdf",
                "subclonal_deconvolution/ctree/SCOUT/SPN01_SS/SCOUT_SPN01_SS_ctree_VIBER_report.png",
                "subclonal_deconvolution/ctree/SCOUT/SPN01_SS/SCOUT_SPN01_SS_ctree_VIBER_report.rds",
                "subclonal_deconvolution/ctree/SCOUT/SPN01_SS/SCOUT_SPN01_SS_ctree_pyclonevi.rds",
                "subclonal_deconvolution/ctree/SCOUT/SPN01_SS/SCOUT_SPN01_SS_ctree_pyclonevi_plots.rds",
                "subclonal_deconvolution/ctree/SCOUT/SPN01_SS/SCOUT_SPN01_SS_ctree_pyclonevi_report.pdf",
                "subclonal_deconvolution/ctree/SCOUT/SPN01_SS/SCOUT_SPN01_SS_ctree_pyclonevi_report.png",
                "subclonal_deconvolution/ctree/SCOUT/SPN01_SS/SCOUT_SPN01_SS_ctree_pyclonevi_report.rds",
                "subclonal_deconvolution/ctree/SCOUT/SPN01_SS/stub",
                "subclonal_deconvolution/ctree/SCOUT/SPN01_SS/stub/SCOUT_SPN01_SS_SPN01_100X_0.9p_Sample_B_ctree_mobster.rds",
                "subclonal_deconvolution/ctree/SCOUT/SPN01_SS/stub/SCOUT_SPN01_SS_SPN01_100X_0.9p_Sample_B_ctree_mobster_plots.rds",
                "subclonal_deconvolution/ctree/SCOUT/SPN01_SS/stub/SCOUT_SPN01_SS_SPN01_100X_0.9p_Sample_B_ctree_mobster_report.pdf",
                "subclonal_deconvolution/ctree/SCOUT/SPN01_SS/stub/SCOUT_SPN01_SS_SPN01_100X_0.9p_Sample_B_ctree_mobster_report.png",
                "subclonal_deconvolution/ctree/SCOUT/SPN01_SS/stub/SCOUT_SPN01_SS_SPN01_100X_0.9p_Sample_B_ctree_mobster_report.rds",
                "subclonal_deconvolution/ctree/SCOUT/SPN01_SS/stub/SCOUT_SPN01_SS_SPN01_100X_0.9p_Sample_C_ctree_mobster.rds",
                "subclonal_deconvolution/ctree/SCOUT/SPN01_SS/stub/SCOUT_SPN01_SS_SPN01_100X_0.9p_Sample_C_ctree_mobster_plots.rds",
                "subclonal_deconvolution/ctree/SCOUT/SPN01_SS/stub/SCOUT_SPN01_SS_SPN01_100X_0.9p_Sample_C_ctree_mobster_report.pdf",
                "subclonal_deconvolution/ctree/SCOUT/SPN01_SS/stub/SCOUT_SPN01_SS_SPN01_100X_0.9p_Sample_C_ctree_mobster_report.png",
                "subclonal_deconvolution/ctree/SCOUT/SPN01_SS/stub/SCOUT_SPN01_SS_SPN01_100X_0.9p_Sample_C_ctree_mobster_report.rds",
                "subclonal_deconvolution/ctree/SCOUT/SPN01_SS/stub/SCOUT_SPN01_SS_ctree_mobster.rds",
                "subclonal_deconvolution/ctree/SCOUT/SPN01_SS/stub/SCOUT_SPN01_SS_ctree_mobster_plots.rds",
                "subclonal_deconvolution/ctree/SCOUT/SPN01_SS/stub/SCOUT_SPN01_SS_ctree_mobster_report.pdf",
                "subclonal_deconvolution/ctree/SCOUT/SPN01_SS/stub/SCOUT_SPN01_SS_ctree_mobster_report.png",
                "subclonal_deconvolution/ctree/SCOUT/SPN01_SS/stub/SCOUT_SPN01_SS_ctree_mobster_report.rds",
                "subclonal_deconvolution/ctree/SCOUT/SPN01_SS_nobam",
                "subclonal_deconvolution/ctree/SCOUT/SPN01_SS_nobam/SCOUT_SPN01_SS_nobam_SPN01_100X_0.9p_Sample_B_ctree_VIBER.rds",
                "subclonal_deconvolution/ctree/SCOUT/SPN01_SS_nobam/SCOUT_SPN01_SS_nobam_SPN01_100X_0.9p_Sample_B_ctree_VIBER_plots.rds",
                "subclonal_deconvolution/ctree/SCOUT/SPN01_SS_nobam/SCOUT_SPN01_SS_nobam_SPN01_100X_0.9p_Sample_B_ctree_VIBER_report.pdf",
                "subclonal_deconvolution/ctree/SCOUT/SPN01_SS_nobam/SCOUT_SPN01_SS_nobam_SPN01_100X_0.9p_Sample_B_ctree_VIBER_report.png",
                "subclonal_deconvolution/ctree/SCOUT/SPN01_SS_nobam/SCOUT_SPN01_SS_nobam_SPN01_100X_0.9p_Sample_B_ctree_VIBER_report.rds",
                "subclonal_deconvolution/ctree/SCOUT/SPN01_SS_nobam/SCOUT_SPN01_SS_nobam_SPN01_100X_0.9p_Sample_B_ctree_pyclonevi.rds",
                "subclonal_deconvolution/ctree/SCOUT/SPN01_SS_nobam/SCOUT_SPN01_SS_nobam_SPN01_100X_0.9p_Sample_B_ctree_pyclonevi_plots.rds",
                "subclonal_deconvolution/ctree/SCOUT/SPN01_SS_nobam/SCOUT_SPN01_SS_nobam_SPN01_100X_0.9p_Sample_B_ctree_pyclonevi_report.pdf",
                "subclonal_deconvolution/ctree/SCOUT/SPN01_SS_nobam/SCOUT_SPN01_SS_nobam_SPN01_100X_0.9p_Sample_B_ctree_pyclonevi_report.png",
                "subclonal_deconvolution/ctree/SCOUT/SPN01_SS_nobam/SCOUT_SPN01_SS_nobam_SPN01_100X_0.9p_Sample_B_ctree_pyclonevi_report.rds",
                "subclonal_deconvolution/ctree/SCOUT/SPN01_SS_nobam/SCOUT_SPN01_SS_nobam_SPN01_100X_0.9p_Sample_C_ctree_VIBER.rds",
                "subclonal_deconvolution/ctree/SCOUT/SPN01_SS_nobam/SCOUT_SPN01_SS_nobam_SPN01_100X_0.9p_Sample_C_ctree_VIBER_plots.rds",
                "subclonal_deconvolution/ctree/SCOUT/SPN01_SS_nobam/SCOUT_SPN01_SS_nobam_SPN01_100X_0.9p_Sample_C_ctree_VIBER_report.pdf",
                "subclonal_deconvolution/ctree/SCOUT/SPN01_SS_nobam/SCOUT_SPN01_SS_nobam_SPN01_100X_0.9p_Sample_C_ctree_VIBER_report.png",
                "subclonal_deconvolution/ctree/SCOUT/SPN01_SS_nobam/SCOUT_SPN01_SS_nobam_SPN01_100X_0.9p_Sample_C_ctree_VIBER_report.rds",
                "subclonal_deconvolution/ctree/SCOUT/SPN01_SS_nobam/SCOUT_SPN01_SS_nobam_SPN01_100X_0.9p_Sample_C_ctree_pyclonevi.rds",
                "subclonal_deconvolution/ctree/SCOUT/SPN01_SS_nobam/SCOUT_SPN01_SS_nobam_SPN01_100X_0.9p_Sample_C_ctree_pyclonevi_plots.rds",
                "subclonal_deconvolution/ctree/SCOUT/SPN01_SS_nobam/SCOUT_SPN01_SS_nobam_SPN01_100X_0.9p_Sample_C_ctree_pyclonevi_report.pdf",
                "subclonal_deconvolution/ctree/SCOUT/SPN01_SS_nobam/SCOUT_SPN01_SS_nobam_SPN01_100X_0.9p_Sample_C_ctree_pyclonevi_report.png",
                "subclonal_deconvolution/ctree/SCOUT/SPN01_SS_nobam/SCOUT_SPN01_SS_nobam_SPN01_100X_0.9p_Sample_C_ctree_pyclonevi_report.rds",
                "subclonal_deconvolution/ctree/SCOUT/SPN01_SS_nobam/SCOUT_SPN01_SS_nobam_ctree_VIBER.rds",
                "subclonal_deconvolution/ctree/SCOUT/SPN01_SS_nobam/SCOUT_SPN01_SS_nobam_ctree_VIBER_plots.rds",
                "subclonal_deconvolution/ctree/SCOUT/SPN01_SS_nobam/SCOUT_SPN01_SS_nobam_ctree_VIBER_report.pdf",
                "subclonal_deconvolution/ctree/SCOUT/SPN01_SS_nobam/SCOUT_SPN01_SS_nobam_ctree_VIBER_report.png",
                "subclonal_deconvolution/ctree/SCOUT/SPN01_SS_nobam/SCOUT_SPN01_SS_nobam_ctree_VIBER_report.rds",
                "subclonal_deconvolution/ctree/SCOUT/SPN01_SS_nobam/SCOUT_SPN01_SS_nobam_ctree_pyclonevi.rds",
                "subclonal_deconvolution/ctree/SCOUT/SPN01_SS_nobam/SCOUT_SPN01_SS_nobam_ctree_pyclonevi_plots.rds",
                "subclonal_deconvolution/ctree/SCOUT/SPN01_SS_nobam/SCOUT_SPN01_SS_nobam_ctree_pyclonevi_report.pdf",
                "subclonal_deconvolution/ctree/SCOUT/SPN01_SS_nobam/SCOUT_SPN01_SS_nobam_ctree_pyclonevi_report.png",
                "subclonal_deconvolution/ctree/SCOUT/SPN01_SS_nobam/SCOUT_SPN01_SS_nobam_ctree_pyclonevi_report.rds",
                "subclonal_deconvolution/ctree/SCOUT/SPN01_SS_nobam/stub",
                "subclonal_deconvolution/ctree/SCOUT/SPN01_SS_nobam/stub/SCOUT_SPN01_SS_nobam_SPN01_100X_0.9p_Sample_B_ctree_mobster.rds",
                "subclonal_deconvolution/ctree/SCOUT/SPN01_SS_nobam/stub/SCOUT_SPN01_SS_nobam_SPN01_100X_0.9p_Sample_B_ctree_mobster_plots.rds",
                "subclonal_deconvolution/ctree/SCOUT/SPN01_SS_nobam/stub/SCOUT_SPN01_SS_nobam_SPN01_100X_0.9p_Sample_B_ctree_mobster_report.pdf",
                "subclonal_deconvolution/ctree/SCOUT/SPN01_SS_nobam/stub/SCOUT_SPN01_SS_nobam_SPN01_100X_0.9p_Sample_B_ctree_mobster_report.png",
                "subclonal_deconvolution/ctree/SCOUT/SPN01_SS_nobam/stub/SCOUT_SPN01_SS_nobam_SPN01_100X_0.9p_Sample_B_ctree_mobster_report.rds",
                "subclonal_deconvolution/ctree/SCOUT/SPN01_SS_nobam/stub/SCOUT_SPN01_SS_nobam_SPN01_100X_0.9p_Sample_C_ctree_mobster.rds",
                "subclonal_deconvolution/ctree/SCOUT/SPN01_SS_nobam/stub/SCOUT_SPN01_SS_nobam_SPN01_100X_0.9p_Sample_C_ctree_mobster_plots.rds",
                "subclonal_deconvolution/ctree/SCOUT/SPN01_SS_nobam/stub/SCOUT_SPN01_SS_nobam_SPN01_100X_0.9p_Sample_C_ctree_mobster_report.pdf",
                "subclonal_deconvolution/ctree/SCOUT/SPN01_SS_nobam/stub/SCOUT_SPN01_SS_nobam_SPN01_100X_0.9p_Sample_C_ctree_mobster_report.png",
                "subclonal_deconvolution/ctree/SCOUT/SPN01_SS_nobam/stub/SCOUT_SPN01_SS_nobam_SPN01_100X_0.9p_Sample_C_ctree_mobster_report.rds",
                "subclonal_deconvolution/ctree/SCOUT/SPN01_SS_nobam/stub/SCOUT_SPN01_SS_nobam_ctree_mobster.rds",
                "subclonal_deconvolution/ctree/SCOUT/SPN01_SS_nobam/stub/SCOUT_SPN01_SS_nobam_ctree_mobster_plots.rds",
                "subclonal_deconvolution/ctree/SCOUT/SPN01_SS_nobam/stub/SCOUT_SPN01_SS_nobam_ctree_mobster_report.pdf",
                "subclonal_deconvolution/ctree/SCOUT/SPN01_SS_nobam/stub/SCOUT_SPN01_SS_nobam_ctree_mobster_report.png",
                "subclonal_deconvolution/ctree/SCOUT/SPN01_SS_nobam/stub/SCOUT_SPN01_SS_nobam_ctree_mobster_report.rds",
                "subclonal_deconvolution/mobster",
                "subclonal_deconvolution/mobster/SCOUT",
                "subclonal_deconvolution/mobster/SCOUT/SPN01_MS",
                "subclonal_deconvolution/mobster/SCOUT/SPN01_MS/SPN01_100X_0.9p_Sample_B",
                "subclonal_deconvolution/mobster/SCOUT/SPN01_MS/SPN01_100X_0.9p_Sample_B/SCOUT_SPN01_MS_SPN01_100X_0.9p_Sample_B_mobster_best_fit.rds",
                "subclonal_deconvolution/mobster/SCOUT/SPN01_MS/SPN01_100X_0.9p_Sample_B/SCOUT_SPN01_MS_SPN01_100X_0.9p_Sample_B_mobster_best_plots.rds",
                "subclonal_deconvolution/mobster/SCOUT/SPN01_MS/SPN01_100X_0.9p_Sample_B/SCOUT_SPN01_MS_SPN01_100X_0.9p_Sample_B_mobster_fit.rds",
                "subclonal_deconvolution/mobster/SCOUT/SPN01_MS/SPN01_100X_0.9p_Sample_B/SCOUT_SPN01_MS_SPN01_100X_0.9p_Sample_B_mobster_report.pdf",
                "subclonal_deconvolution/mobster/SCOUT/SPN01_MS/SPN01_100X_0.9p_Sample_B/SCOUT_SPN01_MS_SPN01_100X_0.9p_Sample_B_mobster_report.png",
                "subclonal_deconvolution/mobster/SCOUT/SPN01_MS/SPN01_100X_0.9p_Sample_B/SCOUT_SPN01_MS_SPN01_100X_0.9p_Sample_B_mobster_report.rds",
                "subclonal_deconvolution/mobster/SCOUT/SPN01_MS/SPN01_100X_0.9p_Sample_C",
                "subclonal_deconvolution/mobster/SCOUT/SPN01_MS/SPN01_100X_0.9p_Sample_C/SCOUT_SPN01_MS_SPN01_100X_0.9p_Sample_C_mobster_best_fit.rds",
                "subclonal_deconvolution/mobster/SCOUT/SPN01_MS/SPN01_100X_0.9p_Sample_C/SCOUT_SPN01_MS_SPN01_100X_0.9p_Sample_C_mobster_best_plots.rds",
                "subclonal_deconvolution/mobster/SCOUT/SPN01_MS/SPN01_100X_0.9p_Sample_C/SCOUT_SPN01_MS_SPN01_100X_0.9p_Sample_C_mobster_fit.rds",
                "subclonal_deconvolution/mobster/SCOUT/SPN01_MS/SPN01_100X_0.9p_Sample_C/SCOUT_SPN01_MS_SPN01_100X_0.9p_Sample_C_mobster_report.pdf",
                "subclonal_deconvolution/mobster/SCOUT/SPN01_MS/SPN01_100X_0.9p_Sample_C/SCOUT_SPN01_MS_SPN01_100X_0.9p_Sample_C_mobster_report.png",
                "subclonal_deconvolution/mobster/SCOUT/SPN01_MS/SPN01_100X_0.9p_Sample_C/SCOUT_SPN01_MS_SPN01_100X_0.9p_Sample_C_mobster_report.rds",
                "subclonal_deconvolution/mobster/SCOUT/SPN01_SS",
                "subclonal_deconvolution/mobster/SCOUT/SPN01_SS/SPN01_100X_0.9p_Sample_B",
                "subclonal_deconvolution/mobster/SCOUT/SPN01_SS/SPN01_100X_0.9p_Sample_B/SCOUT_SPN01_SS_SPN01_100X_0.9p_Sample_B_mobster_best_fit.rds",
                "subclonal_deconvolution/mobster/SCOUT/SPN01_SS/SPN01_100X_0.9p_Sample_B/SCOUT_SPN01_SS_SPN01_100X_0.9p_Sample_B_mobster_best_plots.rds",
                "subclonal_deconvolution/mobster/SCOUT/SPN01_SS/SPN01_100X_0.9p_Sample_B/SCOUT_SPN01_SS_SPN01_100X_0.9p_Sample_B_mobster_fit.rds",
                "subclonal_deconvolution/mobster/SCOUT/SPN01_SS/SPN01_100X_0.9p_Sample_B/SCOUT_SPN01_SS_SPN01_100X_0.9p_Sample_B_mobster_report.pdf",
                "subclonal_deconvolution/mobster/SCOUT/SPN01_SS/SPN01_100X_0.9p_Sample_B/SCOUT_SPN01_SS_SPN01_100X_0.9p_Sample_B_mobster_report.png",
                "subclonal_deconvolution/mobster/SCOUT/SPN01_SS/SPN01_100X_0.9p_Sample_B/SCOUT_SPN01_SS_SPN01_100X_0.9p_Sample_B_mobster_report.rds",
                "subclonal_deconvolution/mobster/SCOUT/SPN01_SS/SPN01_100X_0.9p_Sample_C",
                "subclonal_deconvolution/mobster/SCOUT/SPN01_SS/SPN01_100X_0.9p_Sample_C/SCOUT_SPN01_SS_SPN01_100X_0.9p_Sample_C_mobster_best_fit.rds",
                "subclonal_deconvolution/mobster/SCOUT/SPN01_SS/SPN01_100X_0.9p_Sample_C/SCOUT_SPN01_SS_SPN01_100X_0.9p_Sample_C_mobster_best_plots.rds",
                "subclonal_deconvolution/mobster/SCOUT/SPN01_SS/SPN01_100X_0.9p_Sample_C/SCOUT_SPN01_SS_SPN01_100X_0.9p_Sample_C_mobster_fit.rds",
                "subclonal_deconvolution/mobster/SCOUT/SPN01_SS/SPN01_100X_0.9p_Sample_C/SCOUT_SPN01_SS_SPN01_100X_0.9p_Sample_C_mobster_report.pdf",
                "subclonal_deconvolution/mobster/SCOUT/SPN01_SS/SPN01_100X_0.9p_Sample_C/SCOUT_SPN01_SS_SPN01_100X_0.9p_Sample_C_mobster_report.png",
                "subclonal_deconvolution/mobster/SCOUT/SPN01_SS/SPN01_100X_0.9p_Sample_C/SCOUT_SPN01_SS_SPN01_100X_0.9p_Sample_C_mobster_report.rds",
                "subclonal_deconvolution/mobster/SCOUT/SPN01_SS_nobam",
                "subclonal_deconvolution/mobster/SCOUT/SPN01_SS_nobam/SPN01_100X_0.9p_Sample_B",
                "subclonal_deconvolution/mobster/SCOUT/SPN01_SS_nobam/SPN01_100X_0.9p_Sample_B/SCOUT_SPN01_SS_nobam_SPN01_100X_0.9p_Sample_B_mobster_best_fit.rds",
                "subclonal_deconvolution/mobster/SCOUT/SPN01_SS_nobam/SPN01_100X_0.9p_Sample_B/SCOUT_SPN01_SS_nobam_SPN01_100X_0.9p_Sample_B_mobster_best_plots.rds",
                "subclonal_deconvolution/mobster/SCOUT/SPN01_SS_nobam/SPN01_100X_0.9p_Sample_B/SCOUT_SPN01_SS_nobam_SPN01_100X_0.9p_Sample_B_mobster_fit.rds",
                "subclonal_deconvolution/mobster/SCOUT/SPN01_SS_nobam/SPN01_100X_0.9p_Sample_B/SCOUT_SPN01_SS_nobam_SPN01_100X_0.9p_Sample_B_mobster_report.pdf",
                "subclonal_deconvolution/mobster/SCOUT/SPN01_SS_nobam/SPN01_100X_0.9p_Sample_B/SCOUT_SPN01_SS_nobam_SPN01_100X_0.9p_Sample_B_mobster_report.png",
                "subclonal_deconvolution/mobster/SCOUT/SPN01_SS_nobam/SPN01_100X_0.9p_Sample_B/SCOUT_SPN01_SS_nobam_SPN01_100X_0.9p_Sample_B_mobster_report.rds",
                "subclonal_deconvolution/mobster/SCOUT/SPN01_SS_nobam/SPN01_100X_0.9p_Sample_C",
                "subclonal_deconvolution/mobster/SCOUT/SPN01_SS_nobam/SPN01_100X_0.9p_Sample_C/SCOUT_SPN01_SS_nobam_SPN01_100X_0.9p_Sample_C_mobster_best_fit.rds",
                "subclonal_deconvolution/mobster/SCOUT/SPN01_SS_nobam/SPN01_100X_0.9p_Sample_C/SCOUT_SPN01_SS_nobam_SPN01_100X_0.9p_Sample_C_mobster_best_plots.rds",
                "subclonal_deconvolution/mobster/SCOUT/SPN01_SS_nobam/SPN01_100X_0.9p_Sample_C/SCOUT_SPN01_SS_nobam_SPN01_100X_0.9p_Sample_C_mobster_fit.rds",
                "subclonal_deconvolution/mobster/SCOUT/SPN01_SS_nobam/SPN01_100X_0.9p_Sample_C/SCOUT_SPN01_SS_nobam_SPN01_100X_0.9p_Sample_C_mobster_report.pdf",
                "subclonal_deconvolution/mobster/SCOUT/SPN01_SS_nobam/SPN01_100X_0.9p_Sample_C/SCOUT_SPN01_SS_nobam_SPN01_100X_0.9p_Sample_C_mobster_report.png",
                "subclonal_deconvolution/mobster/SCOUT/SPN01_SS_nobam/SPN01_100X_0.9p_Sample_C/SCOUT_SPN01_SS_nobam_SPN01_100X_0.9p_Sample_C_mobster_report.rds",
                "subclonal_deconvolution/pyclonevi",
                "subclonal_deconvolution/pyclonevi/SCOUT",
                "subclonal_deconvolution/pyclonevi/SCOUT/SPN01_MS",
                "subclonal_deconvolution/pyclonevi/SCOUT/SPN01_MS/SCOUT_SPN01_MS.tsv",
                "subclonal_deconvolution/pyclonevi/SCOUT/SPN01_MS/SCOUT_SPN01_MS_all_fits.h5",
                "subclonal_deconvolution/pyclonevi/SCOUT/SPN01_MS/SCOUT_SPN01_MS_best_fit.txt",
                "subclonal_deconvolution/pyclonevi/SCOUT/SPN01_MS/SCOUT_SPN01_MS_cluster_table.csv",
                "subclonal_deconvolution/pyclonevi/SCOUT/SPN01_SS",
                "subclonal_deconvolution/pyclonevi/SCOUT/SPN01_SS/SCOUT_SPN01_SS.tsv",
                "subclonal_deconvolution/pyclonevi/SCOUT/SPN01_SS/SCOUT_SPN01_SS_all_fits.h5",
                "subclonal_deconvolution/pyclonevi/SCOUT/SPN01_SS/SCOUT_SPN01_SS_best_fit.txt",
                "subclonal_deconvolution/pyclonevi/SCOUT/SPN01_SS/SCOUT_SPN01_SS_cluster_table.csv",
                "subclonal_deconvolution/pyclonevi/SCOUT/SPN01_SS_nobam",
                "subclonal_deconvolution/pyclonevi/SCOUT/SPN01_SS_nobam/SCOUT_SPN01_SS_nobam.tsv",
                "subclonal_deconvolution/pyclonevi/SCOUT/SPN01_SS_nobam/SCOUT_SPN01_SS_nobam_all_fits.h5",
                "subclonal_deconvolution/pyclonevi/SCOUT/SPN01_SS_nobam/SCOUT_SPN01_SS_nobam_best_fit.txt",
                "subclonal_deconvolution/pyclonevi/SCOUT/SPN01_SS_nobam/SCOUT_SPN01_SS_nobam_cluster_table.csv",
                "subclonal_deconvolution/viber",
                "subclonal_deconvolution/viber/SCOUT",
                "subclonal_deconvolution/viber/SCOUT/SPN01_MS",
                "subclonal_deconvolution/viber/SCOUT/SPN01_MS/SCOUT_SPN01_MS_viber_best_fit.rds",
                "subclonal_deconvolution/viber/SCOUT/SPN01_MS/SCOUT_SPN01_MS_viber_best_fit_plots.rds",
                "subclonal_deconvolution/viber/SCOUT/SPN01_MS/SCOUT_SPN01_MS_viber_best_heuristic_fit.rds",
                "subclonal_deconvolution/viber/SCOUT/SPN01_MS/SCOUT_SPN01_MS_viber_best_heuristic_fit_plots.rds",
                "subclonal_deconvolution/viber/SCOUT/SPN01_MS/SCOUT_SPN01_MS_viber_report.pdf",
                "subclonal_deconvolution/viber/SCOUT/SPN01_MS/SCOUT_SPN01_MS_viber_report.png",
                "subclonal_deconvolution/viber/SCOUT/SPN01_MS/SCOUT_SPN01_MS_viber_report.rds",
                "subclonal_deconvolution/viber/SCOUT/SPN01_SS",
                "subclonal_deconvolution/viber/SCOUT/SPN01_SS/SCOUT_SPN01_SS_viber_best_fit.rds",
                "subclonal_deconvolution/viber/SCOUT/SPN01_SS/SCOUT_SPN01_SS_viber_best_fit_plots.rds",
                "subclonal_deconvolution/viber/SCOUT/SPN01_SS/SCOUT_SPN01_SS_viber_best_heuristic_fit.rds",
                "subclonal_deconvolution/viber/SCOUT/SPN01_SS/SCOUT_SPN01_SS_viber_best_heuristic_fit_plots.rds",
                "subclonal_deconvolution/viber/SCOUT/SPN01_SS/SCOUT_SPN01_SS_viber_report.pdf",
                "subclonal_deconvolution/viber/SCOUT/SPN01_SS/SCOUT_SPN01_SS_viber_report.png",
                "subclonal_deconvolution/viber/SCOUT/SPN01_SS/SCOUT_SPN01_SS_viber_report.rds",
                "subclonal_deconvolution/viber/SCOUT/SPN01_SS_nobam",
                "subclonal_deconvolution/viber/SCOUT/SPN01_SS_nobam/SCOUT_SPN01_SS_nobam_viber_best_fit.rds",
                "subclonal_deconvolution/viber/SCOUT/SPN01_SS_nobam/SCOUT_SPN01_SS_nobam_viber_best_fit_plots.rds",
                "subclonal_deconvolution/viber/SCOUT/SPN01_SS_nobam/SCOUT_SPN01_SS_nobam_viber_best_heuristic_fit.rds",
                "subclonal_deconvolution/viber/SCOUT/SPN01_SS_nobam/SCOUT_SPN01_SS_nobam_viber_best_heuristic_fit_plots.rds",
                "subclonal_deconvolution/viber/SCOUT/SPN01_SS_nobam/SCOUT_SPN01_SS_nobam_viber_report.pdf",
                "subclonal_deconvolution/viber/SCOUT/SPN01_SS_nobam/SCOUT_SPN01_SS_nobam_viber_report.png",
                "subclonal_deconvolution/viber/SCOUT/SPN01_SS_nobam/SCOUT_SPN01_SS_nobam_viber_report.rds",
                "variant_annotation",
                "variant_annotation/vep",
                "variant_annotation/vep/SCOUT",
                "variant_annotation/vep/SCOUT/SPN01_MS",
                "variant_annotation/vep/SCOUT/SPN01_MS/SPN01_100X_0.9p_Sample_B",
                "variant_annotation/vep/SCOUT/SPN01_MS/SPN01_100X_0.9p_Sample_B/SCOUT_SPN01_MS_SPN01_100X_0.9p_Sample_B.annotated.vcf.gz",
                "variant_annotation/vep/SCOUT/SPN01_MS/SPN01_100X_0.9p_Sample_B/SCOUT_SPN01_MS_SPN01_100X_0.9p_Sample_B.annotated_summary.html",
                "variant_annotation/vep/SCOUT/SPN01_MS/SPN01_100X_0.9p_Sample_C",
                "variant_annotation/vep/SCOUT/SPN01_MS/SPN01_100X_0.9p_Sample_C/SCOUT_SPN01_MS_SPN01_100X_0.9p_Sample_C.annotated.vcf.gz",
                "variant_annotation/vep/SCOUT/SPN01_MS/SPN01_100X_0.9p_Sample_C/SCOUT_SPN01_MS_SPN01_100X_0.9p_Sample_C.annotated_summary.html",
                "variant_annotation/vep/SCOUT/SPN01_SS",
                "variant_annotation/vep/SCOUT/SPN01_SS/SPN01_100X_0.9p_Sample_B",
                "variant_annotation/vep/SCOUT/SPN01_SS/SPN01_100X_0.9p_Sample_B/SCOUT_SPN01_SS_SPN01_100X_0.9p_Sample_B.annotated.vcf.gz",
                "variant_annotation/vep/SCOUT/SPN01_SS/SPN01_100X_0.9p_Sample_B/SCOUT_SPN01_SS_SPN01_100X_0.9p_Sample_B.annotated_summary.html",
                "variant_annotation/vep/SCOUT/SPN01_SS/SPN01_100X_0.9p_Sample_C",
                "variant_annotation/vep/SCOUT/SPN01_SS/SPN01_100X_0.9p_Sample_C/SCOUT_SPN01_SS_SPN01_100X_0.9p_Sample_C.annotated.vcf.gz",
                "variant_annotation/vep/SCOUT/SPN01_SS/SPN01_100X_0.9p_Sample_C/SCOUT_SPN01_SS_SPN01_100X_0.9p_Sample_C.annotated_summary.html",
                "variant_annotation/vep/SCOUT/SPN01_SS_nobam",
                "variant_annotation/vep/SCOUT/SPN01_SS_nobam/SPN01_100X_0.9p_Sample_B",
                "variant_annotation/vep/SCOUT/SPN01_SS_nobam/SPN01_100X_0.9p_Sample_B/SCOUT_SPN01_SS_nobam_SPN01_100X_0.9p_Sample_B.annotated.vcf.gz",
                "variant_annotation/vep/SCOUT/SPN01_SS_nobam/SPN01_100X_0.9p_Sample_B/SCOUT_SPN01_SS_nobam_SPN01_100X_0.9p_Sample_B.annotated_summary.html",
                "variant_annotation/vep/SCOUT/SPN01_SS_nobam/SPN01_100X_0.9p_Sample_C",
                "variant_annotation/vep/SCOUT/SPN01_SS_nobam/SPN01_100X_0.9p_Sample_C/SCOUT_SPN01_SS_nobam_SPN01_100X_0.9p_Sample_C.annotated.vcf.gz",
                "variant_annotation/vep/SCOUT/SPN01_SS_nobam/SPN01_100X_0.9p_Sample_C/SCOUT_SPN01_SS_nobam_SPN01_100X_0.9p_Sample_C.annotated_summary.html"
            ]
        ],
        "timestamp": "2026-03-16T09:43:02.812466127",
        "meta": {
            "nf-test": "0.9.4",
            "nextflow": "25.10.0"
        }
    }
}