{
    "Should run without failures": {
        "content": [
            {
                "0": [
                    [
                        {
                            "id": "idProva",
                            "tumour_sample": "Set6_42",
                            "cancer_type": "PANCANCER"
                        },
                        "idProva_dnds.rds:md5,d4e26a720ac112e6e31140b181cb2c64"
                    ]
                ],
                "dnds_rds": [
                    [
                        {
                            "id": "idProva",
                            "tumour_sample": "Set6_42",
                            "cancer_type": "PANCANCER"
                        },
                        "idProva_dnds.rds:md5,d4e26a720ac112e6e31140b181cb2c64"
                    ]
                ]
            }
        ],
        "meta": {
            "nf-test": "0.8.4",
            "nextflow": "24.04.4"
        },
        "timestamp": "2024-08-07T09:52:44.220117"
    }
}