{
    "Should run without failures": {
        "content": [
            {
                "0": [
                    [
                        {
                            "id": "MSeq_Set06_Set6_42",
                            "dataset": "MSeq",
                            "patient": "Set06",
                            "tumour_sample": "Set6_42",
                            "cancer_type": "PANCANCER"
                        },
                        "MSeq_Set06_Set6_42_joint_table.tsv:md5,c4ce0ff591c005bea2922ab991394690",
                        "Set6_42"
                    ]
                ],
                "tsv": [
                    [
                        {
                            "id": "MSeq_Set06_Set6_42",
                            "dataset": "MSeq",
                            "patient": "Set06",
                            "tumour_sample": "Set6_42",
                            "cancer_type": "PANCANCER"
                        },
                        "MSeq_Set06_Set6_42_joint_table.tsv:md5,c4ce0ff591c005bea2922ab991394690",
                        "Set6_42"
                    ]
                ]
            }
        ],
        "meta": {
            "nf-test": "0.9.0",
            "nextflow": "23.10.1"
        },
        "timestamp": "2024-08-29T12:06:24.433060716"
    }
}