{
    "Should run without failures": {
        "content": [
            {
                "0": [
                    [
                        {
                            "id": "idProva",
                            "tumour_sample": "Set6_42",
                            "cancer_type": "PANCANCER"
                        },
                        "idProva_snv.rds:md5,c4b77e75362923a79167f239ef6f9415"
                    ]
                ],
                "rds": [
                    [
                        {
                            "id": "idProva",
                            "tumour_sample": "Set6_42",
                            "cancer_type": "PANCANCER"
                        },
                        "idProva_snv.rds:md5,c4b77e75362923a79167f239ef6f9415"
                    ]
                ]
            }
        ],
        "meta": {
            "nf-test": "0.9.0",
            "nextflow": "23.10.1"
        },
        "timestamp": "2024-07-23T11:25:56.188604711"
    }
}